#
# There is insufficient memory for the Java Runtime Environment to continue.
# Native memory allocation (malloc) failed to allocate 1112656 bytes. Error detail: Chunk::new
# Possible reasons:
#   The system is out of physical RAM or swap space
#   This process is running with CompressedOops enabled, and the Java Heap may be blocking the growth of the native heap
# Possible solutions:
#   Reduce memory load on the system
#   Increase physical memory or swap space
#   Check if swap backing store is full
#   Decrease Java heap size (-Xmx/-Xms)
#   Decrease number of Java threads
#   Decrease Java thread stack sizes (-Xss)
#   Set larger code cache with -XX:ReservedCodeCacheSize=
#   JVM is running with Zero Based Compressed Oops mode in which the Java heap is
#     placed in the first 32GB address space. The Java Heap base address is the
#     maximum limit for the native heap growth. Please use -XX:HeapBaseMinAddress
#     to set the Java Heap base and to place the Java Heap above 32GB virtual address.
# This output file may be truncated or incomplete.
#
#  Out of Memory Error (arena.cpp:191), pid=28780, tid=32720
#
# JRE version: OpenJDK Runtime Environment Temurin-17.0.19+10 (17.0.19+10) (build 17.0.19+10)
# Java VM: OpenJDK 64-Bit Server VM Temurin-17.0.19+10 (17.0.19+10, mixed mode, sharing, tiered, compressed oops, compressed class ptrs, g1 gc, windows-amd64)
# No core dump will be written. Minidumps are not enabled by default on client versions of Windows
#

---------------  S U M M A R Y ------------

Command Line: org.jetbrains.kotlin.cli.jvm.K2JVMCompiler @C:\Users\Albin\Documents\EPSI\E5\inexia-connect\mobile\node_modules\@react-native\gradle-plugin\build\20260609_3008449759511213573.compiler.options

Host: AMD Ryzen 7 5700U with Radeon Graphics         , 16 cores, 13G,  Windows 11 , 64 bit Build 26100 (10.0.26100.8521)
Time: Tue Jun  9 12:55:47 2026 Paris, Madrid (heure duild 26100 (10.0.26100.8521) elapsed time: 32.387605 seconds (0d 0h 0m 32s)

---------------  T H R E A D  ---------------

Current thread (0x00000186daad3a30):  JavaThread "C2 CompilerThread1" daemon [_thread_in_native, id=32720, stack(0x0000003ea7400000,0x0000003ea7500000)]


Current CompileTask:
C2:32387 8919       4       org.jetbrains.kotlin.types.TypeSubstitutor::substituteCompoundType (146 bytes)

Stack: [0x0000003ea7400000,0x0000003ea7500000]
Native frames: (J=compiled Java code, j=interpreted, Vv=VM code, C=native code)
V  [jvm.dll+0x684b29]
V  [jvm.dll+0x83a2d5]
V  [jvm.dll+0x83bd4e]
V  [jvm.dll+0x83c3d3]
V  [jvm.dll+0x24905f]
V  [jvm.dll+0xad536]
V  [jvm.dll+0xadbdc]
V  [jvm.dll+0x368d4f]
V  [jvm.dll+0x1bc4c9]
V  [jvm.dll+0x219fc0]
V  [jvm.dll+0x2192af]
V  [jvm.dll+0x1a49f0]
V  [jvm.dll+0x2299fa]
V  [jvm.dll+0x227bab]
V  [jvm.dll+0x7f0a88]
V  [jvm.dll+0x7eaf1c]
V  [jvm.dll+0x6839f7]
C  [ucrtbase.dll+0x2cd30]
C  [KERNEL32.DLL+0x2e957]
C  [ntdll.dll+0x87c1c]


---------------  P R O C E S S  ---------------

Threads class SMR info:
_java_thread_list=0x00000186dabe3a80, length=15, elements={
0x00000186e59cdb50, 0x0000018689a0f760, 0x0000018689a12040, 0x00000186cf14f7b0,
0x00000186cf150080, 0x00000186cf150950, 0x00000186cf151220, 0x00000186cf153440,
0x00000186cf154560, 0x00000186cf165ca0, 0x00000186cf29ab40, 0x00000186cf2a74c0,
0x00000186cf2ad080, 0x00000186daad3a30, 0x00000186daad54c0
}

Java Threads: ( => current thread )
  0x00000186e59cdb50 JavaThread "main" [_thread_in_Java, id=12700, stack(0x0000003ea6000000,0x0000003ea6100000)]
  0x0000018689a0f760 JavaThread "Reference Handler" daemon [_thread_blocked, id=37752, stack(0x0000003ea6700000,0x0000003ea6800000)]
  0x0000018689a12040 JavaThread "Finalizer" daemon [_thread_blocked, id=23788, stack(0x0000003ea6800000,0x0000003ea6900000)]
  0x00000186cf14f7b0 JavaThread "Signal Dispatcher" daemon [_thread_blocked, id=32132, stack(0x0000003ea6900000,0x0000003ea6a00000)]
  0x00000186cf150080 JavaThread "Attach Listener" daemon [_thread_blocked, id=40184, stack(0x0000003ea6a00000,0x0000003ea6b00000)]
  0x00000186cf150950 JavaThread "Service Thread" daemon [_thread_blocked, id=32348, stack(0x0000003ea6b00000,0x0000003ea6c00000)]
  0x00000186cf151220 JavaThread "Monitor Deflation Thread" daemon [_thread_blocked, id=28356, stack(0x0000003ea6c00000,0x0000003ea6d00000)]
  0x00000186cf153440 JavaThread "C2 CompilerThread0" daemon [_thread_in_native, id=30112, stack(0x0000003ea6d00000,0x0000003ea6e00000)]
  0x00000186cf154560 JavaThread "C1 CompilerThread0" daemon [_thread_blocked, id=30448, stack(0x0000003ea6e00000,0x0000003ea6f00000)]
  0x00000186cf165ca0 JavaThread "Sweeper thread" daemon [_thread_blocked, id=2052, stack(0x0000003ea6f00000,0x0000003ea7000000)]
  0x00000186cf29ab40 JavaThread "C1 CompilerThread1" daemon [_thread_in_native, id=26092, stack(0x0000003ea7000000,0x0000003ea7100000)]
  0x00000186cf2a74c0 JavaThread "Notification Thread" daemon [_thread_blocked, id=17972, stack(0x0000003ea7100000,0x0000003ea7200000)]
  0x00000186cf2ad080 JavaThread "Common-Cleaner" daemon [_thread_blocked, id=21152, stack(0x0000003ea7300000,0x0000003ea7400000)]
=>0x00000186daad3a30 JavaThread "C2 CompilerThread1" daemon [_thread_in_native, id=32720, stack(0x0000003ea7400000,0x0000003ea7500000)]
  0x00000186daad54c0 JavaThread "C2 CompilerThread2" daemon [_thread_blocked, id=35656, stack(0x0000003ea7500000,0x0000003ea7600000)]

Other Threads:
  0x0000018689a0a300 VMThread "VM Thread" [stack: 0x0000003ea6600000,0x0000003ea6700000] [id=24384]
  0x00000186cf2aa9c0 WatcherThread [stack: 0x0000003ea7200000,0x0000003ea7300000] [id=17204]
  0x00000186e5a320c0 GCTaskThread "GC Thread#0" [stack: 0x0000003ea6100000,0x0000003ea6200000] [id=35824]
  0x00000186cf7f2300 GCTaskThread "GC Thread#1" [stack: 0x0000003ea7600000,0x0000003ea7700000] [id=32688]
  0x00000186cf7f25c0 GCTaskThread "GC Thread#2" [stack: 0x0000003ea7700000,0x0000003ea7800000] [id=19660]
  0x00000186cf7f2880 GCTaskThread "GC Thread#3" [stack: 0x0000003ea7800000,0x0000003ea7900000] [id=18728]
  0x00000186cf7f2b40 GCTaskThread "GC Thread#4" [stack: 0x0000003ea7900000,0x0000003ea7a00000] [id=11688]
  0x00000186cfd2dc10 GCTaskThread "GC Thread#5" [stack: 0x0000003ea7a00000,0x0000003ea7b00000] [id=41508]
  0x00000186cfd25a00 GCTaskThread "GC Thread#6" [stack: 0x0000003ea7b00000,0x0000003ea7c00000] [id=30808]
  0x00000186cff26090 GCTaskThread "GC Thread#7" [stack: 0x0000003ea7c00000,0x0000003ea7d00000] [id=17552]
  0x00000186cff7d980 GCTaskThread "GC Thread#8" [stack: 0x0000003ea7d00000,0x0000003ea7e00000] [id=27724]
  0x00000186cffb5760 GCTaskThread "GC Thread#9" [stack: 0x0000003ea7e00000,0x0000003ea7f00000] [id=27924]
  0x00000186d04db4d0 GCTaskThread "GC Thread#10" [stack: 0x0000003ea7f00000,0x0000003ea8000000] [id=2824]
  0x00000186d04dc290 GCTaskThread "GC Thread#11" [stack: 0x0000003ea8000000,0x0000003ea8100000] [id=27480]
  0x00000186d04dac90 GCTaskThread "GC Thread#12" [stack: 0x0000003ea8100000,0x0000003ea8200000] [id=17252]
  0x00000186e5a40da0 ConcurrentGCThread "G1 Main Marker" [stack: 0x0000003ea6200000,0x0000003ea6300000] [id=30316]
  0x00000186e5a417c0 ConcurrentGCThread "G1 Conc#0" [stack: 0x0000003ea6300000,0x0000003ea6400000] [id=28540]
  0x00000186d04db210 ConcurrentGCThread "G1 Conc#1" [stack: 0x0000003ea8200000,0x0000003ea8300000] [id=22744]
  0x00000186d04daf50 ConcurrentGCThread "G1 Conc#2" [stack: 0x0000003ea8300000,0x0000003ea8400000] [id=27700]
  0x00000186898ca320 ConcurrentGCThread "G1 Refine#0" [stack: 0x0000003ea6400000,0x0000003ea6500000] [id=41828]
  0x00000186d0b88900 ConcurrentGCThread "G1 Refine#1" [stack: 0x0000003ea8800000,0x0000003ea8900000] [id=33376]
  0x00000186d1764640 ConcurrentGCThread "G1 Refine#2" [stack: 0x0000003ea8900000,0x0000003ea8a00000] [id=35488]
  0x00000186d1877410 ConcurrentGCThread "G1 Refine#3" [stack: 0x0000003ea8a00000,0x0000003ea8b00000] [id=26832]
  0x00000186d0c16850 ConcurrentGCThread "G1 Refine#4" [stack: 0x0000003ea8b00000,0x0000003ea8c00000] [id=35764]
  0x00000186d0a3caf0 ConcurrentGCThread "G1 Refine#5" [stack: 0x0000003ea8c00000,0x0000003ea8d00000] [id=31912]
  0x00000186898caa00 ConcurrentGCThread "G1 Service" [stack: 0x0000003ea6500000,0x0000003ea6600000] [id=18072]

Threads with active compile tasks:
C2 CompilerThread0  32442 9168       4       org.jetbrains.kotlin.load.java.lazy.descriptors.LazyJavaClassDescriptor::getVisibility (46 bytes)
C1 CompilerThread1  32442 9167       3       org.jetbrains.kotlin.resolve.calls.tower.NewAbstractResolvedCall::createValueArguments (630 bytes)
C2 CompilerThread1  32442 8919       4       org.jetbrains.kotlin.types.TypeSubstitutor::substituteCompoundType (146 bytes)

VM state: not at safepoint (normal execution)

VM Mutex/Monitor currently owned by a thread: None

Heap address: 0x0000000722600000, size: 3546 MB, Compressed Oops mode: Zero based, Oop shift amount: 3

CDS archive(s) mapped at: [0x000001868a000000-0x000001868abb0000-0x000001868abb0000), size 12255232, SharedBaseAddress: 0x000001868a000000, ArchiveRelocationMode: 1.
Compressed class space mapped at: 0x000001868b000000-0x00000186cb000000, reserved size: 1073741824
Narrow klass base: 0x000001868a000000, Narrow klass shift: 0, Narrow klass range: 0x100000000

GC Precious Log:
 CPUs: 16 total, 16 available
 Memory: 14181M
 Large Page Support: Disabled
 NUMA Support: Disabled
 Compressed Oops: Enabled (Zero based)
 Heap Region Size: 2M
 Heap Min Capacity: 8M
 Heap Initial Capacity: 222M
 Heap Max Capacity: 3546M
 Pre-touch: Disabled
 Parallel Workers: 13
 Concurrent Workers: 3
 Concurrent Refinement Workers: 13
 Periodic GC: Disabled

Heap:
 garbage-first heap   total 139264K, used 65544K [0x0000000722600000, 0x0000000800000000)
  region size 2048K, 6 young (12288K), 3 survivors (6144K)
 Metaspace       used 53331K, committed 53696K, reserved 1114112K
  class space    used 6195K, committed 6400K, reserved 1048576K

Heap Regions: E=young(eden), S=young(survivor), O=old, HS=humongous(starts), HC=humongous(continues), CS=collection set, F=free, OA=open archive, CA=closed archive, TAMS=top-at-mark-start (previous, next)
|   0|0x0000000722600000, 0x0000000722800000, 0x0000000722800000|100%|HS|  |TAMS 0x0000000722800000, 0x0000000722600000| Complete 
|   1|0x0000000722800000, 0x0000000722a00000, 0x0000000722a00000|100%|HC|  |TAMS 0x0000000722a00000, 0x0000000722800000| Complete 
|   2|0x0000000722a00000, 0x0000000722c00000, 0x0000000722c00000|100%| O|  |TAMS 0x0000000722c00000, 0x0000000722a00000| Untracked 
|   3|0x0000000722c00000, 0x0000000722e00000, 0x0000000722e00000|100%|HS|  |TAMS 0x0000000722e00000, 0x0000000722c00000| Complete 
|   4|0x0000000722e00000, 0x0000000723000000, 0x0000000723000000|100%|HC|  |TAMS 0x0000000723000000, 0x0000000722e00000| Complete 
|   5|0x0000000723000000, 0x0000000723200000, 0x0000000723200000|100%|HS|  |TAMS 0x0000000723200000, 0x0000000723000000| Complete 
|   6|0x0000000723200000, 0x0000000723400000, 0x0000000723400000|100%|HC|  |TAMS 0x0000000723400000, 0x0000000723200000| Complete 
|   7|0x0000000723400000, 0x0000000723600000, 0x0000000723600000|100%|HC|  |TAMS 0x0000000723600000, 0x0000000723400000| Complete 
|   8|0x0000000723600000, 0x0000000723800000, 0x0000000723800000|100%| O|  |TAMS 0x0000000723800000, 0x0000000723600000| Untracked 
|   9|0x0000000723800000, 0x0000000723a00000, 0x0000000723a00000|100%| O|  |TAMS 0x0000000723a00000, 0x0000000723800000| Untracked 
|  10|0x0000000723a00000, 0x0000000723c00000, 0x0000000723c00000|100%| O|  |TAMS 0x0000000723c00000, 0x0000000723a00000| Untracked 
|  11|0x0000000723c00000, 0x0000000723e00000, 0x0000000723e00000|100%| O|  |TAMS 0x0000000723e00000, 0x0000000723c00000| Untracked 
|  12|0x0000000723e00000, 0x0000000724000000, 0x0000000724000000|100%| O|  |TAMS 0x0000000724000000, 0x0000000723e00000| Untracked 
|  13|0x0000000724000000, 0x0000000724200000, 0x0000000724200000|100%| O|  |TAMS 0x0000000724200000, 0x0000000724000000| Untracked 
|  14|0x0000000724200000, 0x0000000724400000, 0x0000000724400000|100%| O|  |TAMS 0x000000072425b400, 0x0000000724200000| Untracked 
|  15|0x0000000724400000, 0x0000000724600000, 0x0000000724600000|100%| O|  |TAMS 0x0000000724600000, 0x0000000724400000| Untracked 
|  16|0x0000000724600000, 0x0000000724800000, 0x0000000724800000|100%| O|  |TAMS 0x0000000724800000, 0x0000000724600000| Untracked 
|  17|0x0000000724800000, 0x0000000724a00000, 0x0000000724a00000|100%| O|  |TAMS 0x0000000724a00000, 0x0000000724800000| Untracked 
|  18|0x0000000724a00000, 0x0000000724c00000, 0x0000000724c00000|100%| O|  |TAMS 0x0000000724a00000, 0x0000000724a00000| Untracked 
|  19|0x0000000724c00000, 0x0000000724e00000, 0x0000000724e00000|100%| O|  |TAMS 0x0000000724c00000, 0x0000000724c00000| Untracked 
|  20|0x0000000724e00000, 0x0000000725000000, 0x0000000725000000|100%| O|  |TAMS 0x0000000724e00000, 0x0000000724e00000| Untracked 
|  21|0x0000000725000000, 0x0000000725200000, 0x0000000725200000|100%| O|  |TAMS 0x0000000725000000, 0x0000000725000000| Untracked 
|  22|0x0000000725200000, 0x0000000725400000, 0x0000000725400000|100%| O|  |TAMS 0x0000000725200000, 0x0000000725200000| Untracked 
|  23|0x0000000725400000, 0x0000000725600000, 0x0000000725600000|100%| O|  |TAMS 0x0000000725400000, 0x0000000725400000| Untracked 
|  24|0x0000000725600000, 0x0000000725800000, 0x0000000725800000|100%| O|  |TAMS 0x0000000725600000, 0x0000000725600000| Untracked 
|  25|0x0000000725800000, 0x0000000725899a00, 0x0000000725a00000| 30%| O|  |TAMS 0x0000000725800000, 0x0000000725800000| Untracked 
|  26|0x0000000725a00000, 0x0000000725a00000, 0x0000000725c00000|  0%| F|  |TAMS 0x0000000725a00000, 0x0000000725a00000| Untracked 
|  27|0x0000000725c00000, 0x0000000725c00000, 0x0000000725e00000|  0%| F|  |TAMS 0x0000000725c00000, 0x0000000725c00000| Untracked 
|  28|0x0000000725e00000, 0x0000000725e00000, 0x0000000726000000|  0%| F|  |TAMS 0x0000000725e00000, 0x0000000725e00000| Untracked 
|  29|0x0000000726000000, 0x0000000726000000, 0x0000000726200000|  0%| F|  |TAMS 0x0000000726000000, 0x0000000726000000| Untracked 
|  30|0x0000000726200000, 0x0000000726200000, 0x0000000726400000|  0%| F|  |TAMS 0x0000000726200000, 0x0000000726200000| Untracked 
|  31|0x0000000726400000, 0x0000000726400000, 0x0000000726600000|  0%| F|  |TAMS 0x0000000726400000, 0x0000000726400000| Untracked 
|  32|0x0000000726600000, 0x0000000726600000, 0x0000000726800000|  0%| F|  |TAMS 0x0000000726600000, 0x0000000726600000| Untracked 
|  33|0x0000000726800000, 0x0000000726800000, 0x0000000726a00000|  0%| F|  |TAMS 0x0000000726800000, 0x0000000726800000| Untracked 
|  34|0x0000000726a00000, 0x0000000726a00000, 0x0000000726c00000|  0%| F|  |TAMS 0x0000000726a00000, 0x0000000726a00000| Untracked 
|  35|0x0000000726c00000, 0x0000000726c00000, 0x0000000726e00000|  0%| F|  |TAMS 0x0000000726c00000, 0x0000000726c00000| Untracked 
|  36|0x0000000726e00000, 0x0000000726f68618, 0x0000000727000000| 70%| S|CS|TAMS 0x0000000726e00000, 0x0000000726e00000| Complete 
|  37|0x0000000727000000, 0x0000000727000000, 0x0000000727200000|  0%| F|  |TAMS 0x0000000727000000, 0x0000000727000000| Untracked 
|  38|0x0000000727200000, 0x0000000727200000, 0x0000000727400000|  0%| F|  |TAMS 0x0000000727200000, 0x0000000727200000| Untracked 
|  39|0x0000000727400000, 0x0000000727400000, 0x0000000727600000|  0%| F|  |TAMS 0x0000000727400000, 0x0000000727400000| Untracked 
|  40|0x0000000727600000, 0x0000000727600000, 0x0000000727800000|  0%| F|  |TAMS 0x0000000727600000, 0x0000000727600000| Untracked 
|  41|0x0000000727800000, 0x0000000727a00000, 0x0000000727a00000|100%| S|CS|TAMS 0x0000000727800000, 0x0000000727800000| Complete 
|  42|0x0000000727a00000, 0x0000000727c00000, 0x0000000727c00000|100%| S|CS|TAMS 0x0000000727a00000, 0x0000000727a00000| Complete 
|  43|0x0000000727c00000, 0x0000000727c00000, 0x0000000727e00000|  0%| F|  |TAMS 0x0000000727c00000, 0x0000000727c00000| Untracked 
|  44|0x0000000727e00000, 0x0000000727e00000, 0x0000000728000000|  0%| F|  |TAMS 0x0000000727e00000, 0x0000000727e00000| Untracked 
|  45|0x0000000728000000, 0x0000000728000000, 0x0000000728200000|  0%| F|  |TAMS 0x0000000728000000, 0x0000000728000000| Untracked 
|  46|0x0000000728200000, 0x0000000728200000, 0x0000000728400000|  0%| F|  |TAMS 0x0000000728200000, 0x0000000728200000| Untracked 
|  47|0x0000000728400000, 0x0000000728400000, 0x0000000728600000|  0%| F|  |TAMS 0x0000000728400000, 0x0000000728400000| Untracked 
|  48|0x0000000728600000, 0x0000000728600000, 0x0000000728800000|  0%| F|  |TAMS 0x0000000728600000, 0x0000000728600000| Untracked 
|  49|0x0000000728800000, 0x0000000728800000, 0x0000000728a00000|  0%| F|  |TAMS 0x0000000728800000, 0x0000000728800000| Untracked 
|  50|0x0000000728a00000, 0x0000000728a00000, 0x0000000728c00000|  0%| F|  |TAMS 0x0000000728a00000, 0x0000000728a00000| Untracked 
|  51|0x0000000728c00000, 0x0000000728c00000, 0x0000000728e00000|  0%| F|  |TAMS 0x0000000728c00000, 0x0000000728c00000| Untracked 
|  52|0x0000000728e00000, 0x0000000728e00000, 0x0000000729000000|  0%| F|  |TAMS 0x0000000728e00000, 0x0000000728e00000| Untracked 
|  53|0x0000000729000000, 0x0000000729000000, 0x0000000729200000|  0%| F|  |TAMS 0x0000000729000000, 0x0000000729000000| Untracked 
|  54|0x0000000729200000, 0x0000000729200000, 0x0000000729400000|  0%| F|  |TAMS 0x0000000729200000, 0x0000000729200000| Untracked 
|  55|0x0000000729400000, 0x0000000729400000, 0x0000000729600000|  0%| F|  |TAMS 0x0000000729400000, 0x0000000729400000| Untracked 
|  56|0x0000000729600000, 0x0000000729600000, 0x0000000729800000|  0%| F|  |TAMS 0x0000000729600000, 0x0000000729600000| Untracked 
|  57|0x0000000729800000, 0x0000000729800000, 0x0000000729a00000|  0%| F|  |TAMS 0x0000000729800000, 0x0000000729800000| Untracked 
|  58|0x0000000729a00000, 0x0000000729a00000, 0x0000000729c00000|  0%| F|  |TAMS 0x0000000729a00000, 0x0000000729a00000| Untracked 
|  59|0x0000000729c00000, 0x0000000729c00000, 0x0000000729e00000|  0%| F|  |TAMS 0x0000000729c00000, 0x0000000729c00000| Untracked 
|  86|0x000000072d200000, 0x000000072d200000, 0x000000072d400000|  0%| F|  |TAMS 0x000000072d200000, 0x000000072d200000| Untracked 
|  87|0x000000072d400000, 0x000000072d400000, 0x000000072d600000|  0%| F|  |TAMS 0x000000072d400000, 0x000000072d400000| Untracked 
|  88|0x000000072d600000, 0x000000072d600000, 0x000000072d800000|  0%| F|  |TAMS 0x000000072d600000, 0x000000072d600000| Untracked 
|  92|0x000000072de00000, 0x000000072ded3898, 0x000000072e000000| 41%| E|  |TAMS 0x000000072de00000, 0x000000072de00000| Complete 
|  93|0x000000072e000000, 0x000000072e200000, 0x000000072e200000|100%| E|CS|TAMS 0x000000072e000000, 0x000000072e000000| Complete 
| 110|0x0000000730200000, 0x0000000730400000, 0x0000000730400000|100%| E|CS|TAMS 0x0000000730200000, 0x0000000730200000| Complete 
|1771|0x00000007ffc00000, 0x00000007ffe00000, 0x00000007ffe00000|100%| O|  |TAMS 0x00000007ffe00000, 0x00000007ffc00000| Untracked 
|1772|0x00000007ffe00000, 0x0000000800000000, 0x0000000800000000|100%| O|  |TAMS 0x0000000800000000, 0x00000007ffe00000| Untracked 

Card table byte_map: [0x00000186ff1c0000,0x00000186ff8b0000] _byte_map_base: 0x00000186fb8ad000

Marking Bits (Prev, Next): (CMBitMap*) 0x00000186e5a326e0, (CMBitMap*) 0x00000186e5a32720
 Prev Bits: [0x0000018680000000, 0x0000018683768000)
 Next Bits: [0x0000018683770000, 0x0000018686ed8000)

Polling page: 0x00000186e5740000

Metaspace:

Usage:
  Non-class:     46.04 MB used.
      Class:      6.05 MB used.
       Both:     52.09 MB used.

Virtual space:
  Non-class space:       64.00 MB reserved,      46.19 MB ( 72%) committed,  1 nodes.
      Class space:        1.00 GB reserved,       6.25 MB ( <1%) committed,  1 nodes.
             Both:        1.06 GB reserved,      52.44 MB (  5%) committed. 

Chunk freelists:
   Non-Class:  1.72 MB
       Class:  9.67 MB
        Both:  11.39 MB

MaxMetaspaceSize: unlimited
CompressedClassSpaceSize: 1.00 GB
Initial GC threshold: 21.00 MB
Current GC threshold: 58.75 MB
CDS: on
MetaspaceReclaimPolicy: balanced
 - commit_granule_bytes: 65536.
 - commit_granule_words: 8192.
 - virtual_space_node_default_size: 8388608.
 - enlarge_chunks_in_place: 1.
 - new_chunks_are_fully_committed: 0.
 - uncommit_free_chunks: 1.
 - use_allocation_guard: 0.
 - handle_deallocations: 1.


Internal statistics:

num_allocs_failed_limit: 6.
num_arena_births: 294.
num_arena_deaths: 0.
num_vsnodes_births: 2.
num_vsnodes_deaths: 0.
num_space_committed: 837.
num_space_uncommitted: 0.
num_chunks_returned_to_freelist: 6.
num_chunks_taken_from_freelist: 2214.
num_chunk_merges: 6.
num_chunk_splits: 1738.
num_chunks_enlarged: 1509.
num_inconsistent_stats: 0.

CodeHeap 'non-profiled nmethods': size=119168Kb used=4800Kb max_used=4800Kb free=114367Kb
 bounds [0x00000186f66c0000, 0x00000186f6b80000, 0x00000186fdb20000]
CodeHeap 'profiled nmethods': size=119104Kb used=22882Kb max_used=22882Kb free=96221Kb
 bounds [0x00000186eeb20000, 0x00000186f0180000, 0x00000186f5f70000]
CodeHeap 'non-nmethods': size=7488Kb used=1872Kb max_used=3050Kb free=5615Kb
 bounds [0x00000186f5f70000, 0x00000186f6280000, 0x00000186f66c0000]
 total_blobs=8967 nmethods=8346 adapters=530
 compilation: enabled
              stopped_count=0, restarted_count=0
 full_count=0

Compilation events (20 events):
Event: 32.353 Thread 0x00000186cf154560 9144       3       org.jetbrains.kotlin.types.expressions.DataFlowAnalyzer::recordExpectedType (67 bytes)
Event: 32.353 Thread 0x00000186cf29ab40 9145       3       org.jetbrains.kotlin.types.expressions.DataFlowAnalyzer::checkTypeInternal (355 bytes)
Event: 32.354 Thread 0x00000186cf154560 nmethod 9144 0x00000186f014da90 code [0x00000186f014dce0, 0x00000186f014e698]
Event: 32.361 Thread 0x00000186cf154560 9146       3       org.jetbrains.kotlin.util.MappedExtensionProvider::<init> (39 bytes)
Event: 32.361 Thread 0x00000186cf29ab40 nmethod 9145 0x00000186f014e990 code [0x00000186f014ee80, 0x00000186f0151478]
Event: 32.361 Thread 0x00000186cf29ab40 9147       3       org.jetbrains.kotlin.resolve.diagnostics.MutableDiagnosticsWithSuppression$$Lambda$158/0x000001868b3ba478::<init> (10 bytes)
Event: 32.362 Thread 0x00000186cf29ab40 nmethod 9147 0x00000186f0151e90 code [0x00000186f0152040, 0x00000186f01521f8]
Event: 32.362 Thread 0x00000186cf29ab40 9148       3       org.jetbrains.kotlin.com.intellij.util.CachedValueImpl::<init> (15 bytes)
Event: 32.362 Thread 0x00000186cf29ab40 nmethod 9148 0x00000186f0152290 code [0x00000186f0152460, 0x00000186f01527d8]
Event: 32.362 Thread 0x00000186cf29ab40 9149       3       org.jetbrains.kotlin.com.intellij.util.CachedValueImpl::<init> (19 bytes)
Event: 32.363 Thread 0x00000186cf29ab40 nmethod 9149 0x00000186f0152910 code [0x00000186f0152ac0, 0x00000186f0152d68]
Event: 32.363 Thread 0x00000186cf29ab40 9150       3       org.jetbrains.kotlin.com.intellij.openapi.util.CompositeModificationTracker::<init> (18 bytes)
Event: 32.363 Thread 0x00000186cf29ab40 nmethod 9150 0x00000186f0152e90 code [0x00000186f0153040, 0x00000186f01532e8]
Event: 32.363 Thread 0x00000186cf29ab40 9151       3       org.jetbrains.kotlin.resolve.diagnostics.MutableDiagnosticsWithSuppression::<init> (75 bytes)
Event: 32.363 Thread 0x00000186cf154560 nmethod 9146 0x00000186f0153410 code [0x00000186f01536e0, 0x00000186f0154558]
Event: 32.367 Thread 0x00000186cf29ab40 nmethod 9151 0x00000186f0154a10 code [0x00000186f0154dc0, 0x00000186f01567a8]
Event: 32.368 Thread 0x00000186cf154560 9152       3       org.jetbrains.kotlin.resolve.calls.tower.MemberScopeTowerLevel::collectMembers (567 bytes)
Event: 32.368 Thread 0x00000186daad54c0 9153       4       org.jetbrains.kotlin.descriptors.annotations.Annotations$Companion$EMPTY$1::hasAnnotation (6 bytes)
Event: 32.370 Thread 0x00000186daad54c0 nmethod 9153 0x00000186f6b6e290 code [0x00000186f6b6e420, 0x00000186f6b6e4b8]
Event: 32.374 Thread 0x00000186cf154560 nmethod 9152 0x00000186f0157010 code [0x00000186f01576c0, 0x00000186f015bd08]

GC Heap History (20 events):
Event: 3.952 GC heap before
{Heap before GC invocations=1 (full 0):
 garbage-first heap   total 227328K, used 42458K [0x0000000722600000, 0x0000000800000000)
  region size 2048K, 19 young (38912K), 2 survivors (4096K)
 Metaspace       used 13194K, committed 13440K, reserved 1114112K
  class space    used 1473K, committed 1600K, reserved 1048576K
}
Event: 3.965 GC heap after
{Heap after GC invocations=2 (full 0):
 garbage-first heap   total 227328K, used 10661K [0x0000000722600000, 0x0000000800000000)
  region size 2048K, 3 young (6144K), 3 survivors (6144K)
 Metaspace       used 13194K, committed 13440K, reserved 1114112K
  class space    used 1473K, committed 1600K, reserved 1048576K
}
Event: 6.208 GC heap before
{Heap before GC invocations=2 (full 0):
 garbage-first heap   total 227328K, used 47525K [0x0000000722600000, 0x0000000800000000)
  region size 2048K, 20 young (40960K), 3 survivors (6144K)
 Metaspace       used 21288K, committed 21504K, reserved 1114112K
  class space    used 2509K, committed 2624K, reserved 1048576K
}
Event: 6.223 GC heap after
{Heap after GC invocations=3 (full 0):
 garbage-first heap   total 227328K, used 17707K [0x0000000722600000, 0x0000000800000000)
  region size 2048K, 5 young (10240K), 5 survivors (10240K)
 Metaspace       used 21288K, committed 21504K, reserved 1114112K
  class space    used 2509K, committed 2624K, reserved 1048576K
}
Event: 7.780 GC heap before
{Heap before GC invocations=4 (full 0):
 garbage-first heap   total 75776K, used 58667K [0x0000000722600000, 0x0000000800000000)
  region size 2048K, 22 young (45056K), 5 survivors (10240K)
 Metaspace       used 23467K, committed 23744K, reserved 1114112K
  class space    used 3003K, committed 3136K, reserved 1048576K
}
Event: 7.828 GC heap after
{Heap after GC invocations=5 (full 0):
 garbage-first heap   total 79872K, used 32847K [0x0000000722600000, 0x0000000800000000)
  region size 2048K, 3 young (6144K), 3 survivors (6144K)
 Metaspace       used 23467K, committed 23744K, reserved 1114112K
  class space    used 3003K, committed 3136K, reserved 1048576K
}
Event: 7.943 GC heap before
{Heap before GC invocations=5 (full 0):
 garbage-first heap   total 79872K, used 34895K [0x0000000722600000, 0x0000000800000000)
  region size 2048K, 4 young (8192K), 3 survivors (6144K)
 Metaspace       used 23471K, committed 23744K, reserved 1114112K
  class space    used 3003K, committed 3136K, reserved 1048576K
}
Event: 7.971 GC heap after
{Heap after GC invocations=6 (full 0):
 garbage-first heap   total 79872K, used 27239K [0x0000000722600000, 0x0000000800000000)
  region size 2048K, 1 young (2048K), 1 survivors (2048K)
 Metaspace       used 23471K, committed 23744K, reserved 1114112K
  class space    used 3003K, committed 3136K, reserved 1048576K
}
Event: 9.475 GC heap before
{Heap before GC invocations=6 (full 0):
 garbage-first heap   total 79872K, used 53863K [0x0000000722600000, 0x0000000800000000)
  region size 2048K, 14 young (28672K), 1 survivors (2048K)
 Metaspace       used 25842K, committed 26112K, reserved 1114112K
  class space    used 3411K, committed 3520K, reserved 1048576K
}
Event: 9.499 GC heap after
{Heap after GC invocations=7 (full 0):
 garbage-first heap   total 79872K, used 31296K [0x0000000722600000, 0x0000000800000000)
  region size 2048K, 2 young (4096K), 2 survivors (4096K)
 Metaspace       used 25842K, committed 26112K, reserved 1114112K
  class space    used 3411K, committed 3520K, reserved 1048576K
}
Event: 12.400 GC heap before
{Heap before GC invocations=7 (full 0):
 garbage-first heap   total 79872K, used 62016K [0x0000000722600000, 0x0000000800000000)
  region size 2048K, 14 young (28672K), 2 survivors (4096K)
 Metaspace       used 30512K, committed 30720K, reserved 1114112K
  class space    used 3927K, committed 4032K, reserved 1048576K
}
Event: 12.425 GC heap after
{Heap after GC invocations=8 (full 0):
 garbage-first heap   total 139264K, used 43373K [0x0000000722600000, 0x0000000800000000)
  region size 2048K, 2 young (4096K), 2 survivors (4096K)
 Metaspace       used 30512K, committed 30720K, reserved 1114112K
  class space    used 3927K, committed 4032K, reserved 1048576K
}
Event: 13.901 GC heap before
{Heap before GC invocations=8 (full 0):
 garbage-first heap   total 139264K, used 69997K [0x0000000722600000, 0x0000000800000000)
  region size 2048K, 16 young (32768K), 2 survivors (4096K)
 Metaspace       used 35682K, committed 35968K, reserved 1114112K
  class space    used 4413K, committed 4608K, reserved 1048576K
}
Event: 13.918 GC heap after
{Heap after GC invocations=9 (full 0):
 garbage-first heap   total 139264K, used 46800K [0x0000000722600000, 0x0000000800000000)
  region size 2048K, 4 young (8192K), 4 survivors (8192K)
 Metaspace       used 35682K, committed 35968K, reserved 1114112K
  class space    used 4413K, committed 4608K, reserved 1048576K
}
Event: 15.711 GC heap before
{Heap before GC invocations=10 (full 0):
 garbage-first heap   total 139264K, used 100048K [0x0000000722600000, 0x0000000800000000)
  region size 2048K, 30 young (61440K), 4 survivors (8192K)
 Metaspace       used 40994K, committed 41280K, reserved 1114112K
  class space    used 5024K, committed 5184K, reserved 1048576K
}
Event: 15.734 GC heap after
{Heap after GC invocations=11 (full 0):
 garbage-first heap   total 139264K, used 50334K [0x0000000722600000, 0x0000000800000000)
  region size 2048K, 4 young (8192K), 4 survivors (8192K)
 Metaspace       used 40994K, committed 41280K, reserved 1114112K
  class space    used 5024K, committed 5184K, reserved 1048576K
}
Event: 20.187 GC heap before
{Heap before GC invocations=11 (full 0):
 garbage-first heap   total 139264K, used 99486K [0x0000000722600000, 0x0000000800000000)
  region size 2048K, 29 young (59392K), 4 survivors (8192K)
 Metaspace       used 48794K, committed 49152K, reserved 1114112K
  class space    used 5830K, committed 6016K, reserved 1048576K
}
Event: 20.220 GC heap after
{Heap after GC invocations=12 (full 0):
 garbage-first heap   total 139264K, used 55775K [0x0000000722600000, 0x0000000800000000)
  region size 2048K, 4 young (8192K), 4 survivors (8192K)
 Metaspace       used 48794K, committed 49152K, reserved 1114112K
  class space    used 5830K, committed 6016K, reserved 1048576K
}
Event: 31.267 GC heap before
{Heap before GC invocations=12 (full 0):
 garbage-first heap   total 139264K, used 102879K [0x0000000722600000, 0x0000000800000000)
  region size 2048K, 27 young (55296K), 4 survivors (8192K)
 Metaspace       used 52789K, committed 53056K, reserved 1114112K
  class space    used 6189K, committed 6336K, reserved 1048576K
}
Event: 31.306 GC heap after
{Heap after GC invocations=13 (full 0):
 garbage-first heap   total 139264K, used 61448K [0x0000000722600000, 0x0000000800000000)
  region size 2048K, 3 young (6144K), 3 survivors (6144K)
 Metaspace       used 52789K, committed 53056K, reserved 1114112K
  class space    used 6189K, committed 6336K, reserved 1048576K
}

Dll operation events (7 events):
Event: 0.034 Loaded shared library C:\Program Files\Eclipse Adoptium\jdk-17.0.19.10-hotspot\bin\java.dll
Event: 0.081 Loaded shared library C:\Program Files\Eclipse Adoptium\jdk-17.0.19.10-hotspot\bin\jsvml.dll
Event: 0.226 Loaded shared library C:\Program Files\Eclipse Adoptium\jdk-17.0.19.10-hotspot\bin\net.dll
Event: 0.234 Loaded shared library C:\Program Files\Eclipse Adoptium\jdk-17.0.19.10-hotspot\bin\nio.dll
Event: 0.308 Loaded shared library C:\Program Files\Eclipse Adoptium\jdk-17.0.19.10-hotspot\bin\zip.dll
Event: 0.387 Loaded shared library C:\Program Files\Eclipse Adoptium\jdk-17.0.19.10-hotspot\bin\jimage.dll
Event: 3.466 Loaded shared library C:\Program Files\Eclipse Adoptium\jdk-17.0.19.10-hotspot\bin\verify.dll

Deoptimization events (20 events):
Event: 31.084 Thread 0x00000186e59cdb50 Uncommon trap: trap_request=0xffffffc6 fr.pc=0x00000186f69d31d8 relative=0x00000000000000b8
Event: 31.084 Thread 0x00000186e59cdb50 Uncommon trap: reason=bimorphic_or_optimized_type_check action=maybe_recompile pc=0x00000186f69d31d8 method=org.jetbrains.kotlin.com.intellij.psi.impl.source.tree.CompositeElement.drillDown(Lorg/jetbrains/kotlin/com/intellij/psi/impl/source/tree/TreeEleme
Event: 31.084 Thread 0x00000186e59cdb50 DEOPT PACKING pc=0x00000186f69d31d8 sp=0x0000003ea60fd640
Event: 31.084 Thread 0x00000186e59cdb50 DEOPT UNPACKING pc=0x00000186f5fc69a3 sp=0x0000003ea60fd5c8 mode 2
Event: 31.116 Thread 0x00000186e59cdb50 Uncommon trap: trap_request=0xffffffc6 fr.pc=0x00000186f69d31d8 relative=0x00000000000000b8
Event: 31.116 Thread 0x00000186e59cdb50 Uncommon trap: reason=bimorphic_or_optimized_type_check action=maybe_recompile pc=0x00000186f69d31d8 method=org.jetbrains.kotlin.com.intellij.psi.impl.source.tree.CompositeElement.drillDown(Lorg/jetbrains/kotlin/com/intellij/psi/impl/source/tree/TreeEleme
Event: 31.116 Thread 0x00000186e59cdb50 DEOPT PACKING pc=0x00000186f69d31d8 sp=0x0000003ea60fd4e0
Event: 31.116 Thread 0x00000186e59cdb50 DEOPT UNPACKING pc=0x00000186f5fc69a3 sp=0x0000003ea60fd468 mode 2
Event: 31.456 Thread 0x00000186e59cdb50 Uncommon trap: trap_request=0xffffffc6 fr.pc=0x00000186f6ab5084 relative=0x00000000000002e4
Event: 31.456 Thread 0x00000186e59cdb50 Uncommon trap: reason=bimorphic_or_optimized_type_check action=maybe_recompile pc=0x00000186f6ab5084 method=org.jetbrains.kotlin.types.IndexedParametersSubstitution.get(Lorg/jetbrains/kotlin/types/KotlinType;)Lorg/jetbrains/kotlin/types/TypeProjection; @ 
Event: 31.456 Thread 0x00000186e59cdb50 DEOPT PACKING pc=0x00000186f6ab5084 sp=0x0000003ea60faf40
Event: 31.456 Thread 0x00000186e59cdb50 DEOPT UNPACKING pc=0x00000186f5fc69a3 sp=0x0000003ea60faec8 mode 2
Event: 31.796 Thread 0x00000186e59cdb50 Uncommon trap: trap_request=0xffffff45 fr.pc=0x00000186f6aeaa0c relative=0x000000000000006c
Event: 31.796 Thread 0x00000186e59cdb50 Uncommon trap: reason=unstable_if action=reinterpret pc=0x00000186f6aeaa0c method=org.jetbrains.kotlin.types.TypeUtils.noExpectedType(Lorg/jetbrains/kotlin/types/KotlinType;)Z @ 19 c2
Event: 31.798 Thread 0x00000186e59cdb50 DEOPT PACKING pc=0x00000186f6aeaa0c sp=0x0000003ea60fa9b0
Event: 31.798 Thread 0x00000186e59cdb50 DEOPT UNPACKING pc=0x00000186f5fc69a3 sp=0x0000003ea60fa948 mode 2
Event: 32.161 Thread 0x00000186e59cdb50 Uncommon trap: trap_request=0xffffffc6 fr.pc=0x00000186f6ab5084 relative=0x00000000000002e4
Event: 32.161 Thread 0x00000186e59cdb50 Uncommon trap: reason=bimorphic_or_optimized_type_check action=maybe_recompile pc=0x00000186f6ab5084 method=org.jetbrains.kotlin.types.IndexedParametersSubstitution.get(Lorg/jetbrains/kotlin/types/KotlinType;)Lorg/jetbrains/kotlin/types/TypeProjection; @ 
Event: 32.161 Thread 0x00000186e59cdb50 DEOPT PACKING pc=0x00000186f6ab5084 sp=0x0000003ea60fab70
Event: 32.161 Thread 0x00000186e59cdb50 DEOPT UNPACKING pc=0x00000186f5fc69a3 sp=0x0000003ea60faaf8 mode 2

Classes loaded (20 events):
Event: 12.904 Loading class java/lang/reflect/WildcardType done
Event: 12.904 Loading class sun/reflect/generics/reflectiveObjects/WildcardTypeImpl done
Event: 13.142 Loading class java/lang/TypeNotPresentException
Event: 13.143 Loading class java/lang/TypeNotPresentException done
Event: 13.354 Loading class sun/reflect/generics/scope/MethodScope
Event: 13.354 Loading class sun/reflect/generics/scope/MethodScope done
Event: 13.354 Loading class sun/reflect/generics/repository/MethodRepository
Event: 13.354 Loading class sun/reflect/generics/repository/MethodRepository done
Event: 14.317 Loading class java/util/ArrayList$ListItr
Event: 14.317 Loading class java/util/ArrayList$ListItr done
Event: 14.982 Loading class java/util/AbstractList$SubList$1
Event: 14.983 Loading class java/util/AbstractList$SubList$1 done
Event: 14.983 Loading class java/util/AbstractList$ListItr
Event: 14.983 Loading class java/util/AbstractList$ListItr done
Event: 15.185 Loading class java/text/StringCharacterIterator
Event: 15.185 Loading class java/text/CharacterIterator
Event: 15.185 Loading class java/text/CharacterIterator done
Event: 15.185 Loading class java/text/StringCharacterIterator done
Event: 18.804 Loading class java/util/RegularEnumSet$EnumSetIterator
Event: 18.805 Loading class java/util/RegularEnumSet$EnumSetIterator done

Classes unloaded (0 events):
No events

Classes redefined (0 events):
No events

Internal exceptions (20 events):
Event: 16.821 Thread 0x00000186e59cdb50 Exception <a 'java/lang/NoSuchMethodError'{0x0000000729d1f000}: 'java.lang.Object java.lang.invoke.DirectMethodHandle$Holder.newInvokeSpecial(java.lang.Object, java.lang.Object, java.lang.Object, java.lang.Object, int)'> (0x0000000729d1f000) 
thrown [s\src\hotspot\share\interpreter\linkResolver.cpp, line 759]
Event: 16.822 Thread 0x00000186e59cdb50 Exception <a 'java/lang/NoSuchMethodError'{0x0000000729d23b30}: 'java.lang.Object java.lang.invoke.DirectMethodHandle$Holder.invokeSpecial(java.lang.Object, java.lang.Object, java.lang.Object, java.lang.Object, java.lang.Object, int)'> (0x0000000729d23b30) 
thrown [s\src\hotspot\share\interpreter\linkResolver.cpp, line 759]
Event: 16.823 Thread 0x00000186e59cdb50 Exception <a 'java/lang/NoSuchMethodError'{0x0000000729d28010}: 'java.lang.Object java.lang.invoke.Invokers$Holder.linkToTargetMethod(java.lang.Object, java.lang.Object, java.lang.Object, int, java.lang.Object)'> (0x0000000729d28010) 
thrown [s\src\hotspot\share\interpreter\linkResolver.cpp, line 759]
Event: 18.221 Thread 0x00000186e59cdb50 Exception <a 'java/lang/NoSuchMethodError'{0x0000000728829808}: 'java.lang.Object java.lang.invoke.DirectMethodHandle$Holder.newInvokeSpecial(java.lang.Object, java.lang.Object, java.lang.Object, java.lang.Object, java.lang.Object, java.lang.Object, java.lang.Object, java.lang.Object)'> (0x0000000728829808) 
thrown [s\src\hotspot\share\interpreter\linkResolver.cpp, line 759]
Event: 18.222 Thread 0x00000186e59cdb50 Exception <a 'java/lang/NoSuchMethodError'{0x000000072882ee20}: 'java.lang.Object java.lang.invoke.DirectMethodHandle$Holder.invokeSpecial(java.lang.Object, java.lang.Object, java.lang.Object, java.lang.Object, java.lang.Object, java.lang.Object, java.lang.Object, java.lang.Object, java.lang.Object)'> (0x000000072882ee20) 
thrown [s\src\hotspot\share\interpreter\linkResolver.cpp, line 759]
Event: 18.226 Thread 0x00000186e59cdb50 Exception <a 'java/lang/NoSuchMethodError'{0x0000000728833d50}: 'java.lang.Object java.lang.invoke.Invokers$Holder.linkToTargetMethod(java.lang.Object, java.lang.Object, java.lang.Object, java.lang.Object, java.lang.Object, java.lang.Object, java.lang.Object, java.lang.Object)'> (0x0000000728833d50) 
thrown [s\src\hotspot\share\interpreter\linkResolver.cpp, line 759]
Event: 19.394 Thread 0x00000186e59cdb50 Exception <a 'java/lang/NoSuchMethodError'{0x0000000727f050b0}: 'java.lang.Object java.lang.invoke.DirectMethodHandle$Holder.invokeStaticInit(java.lang.Object, java.lang.Object, java.lang.Object)'> (0x0000000727f050b0) 
thrown [s\src\hotspot\share\interpreter\linkResolver.cpp, line 759]
Event: 19.413 Thread 0x00000186e59cdb50 Exception <a 'java/lang/NoSuchMethodError'{0x0000000727f3f8f8}: 'java.lang.Object java.lang.invoke.DirectMethodHandle$Holder.newInvokeSpecial(java.lang.Object, int, java.lang.Object)'> (0x0000000727f3f8f8) 
thrown [s\src\hotspot\share\interpreter\linkResolver.cpp, line 759]
Event: 19.416 Thread 0x00000186e59cdb50 Exception <a 'java/lang/NoSuchMethodError'{0x0000000727f46470}: 'int java.lang.invoke.DirectMethodHandle$Holder.invokeInterface(java.lang.Object, java.lang.Object)'> (0x0000000727f46470) 
thrown [s\src\hotspot\share\interpreter\linkResolver.cpp, line 759]
Event: 19.422 Thread 0x00000186e59cdb50 Implicit null exception at 0x00000186f68c598b to 0x00000186f68c5ba0
Event: 19.422 Thread 0x00000186e59cdb50 Implicit null exception at 0x00000186f670838f to 0x00000186f6708604
Event: 24.172 Thread 0x00000186e59cdb50 Exception <a 'java/lang/NoSuchMethodError'{0x000000072902c2d0}: 'java.lang.Object java.lang.invoke.DirectMethodHandle$Holder.newInvokeSpecial(java.lang.Object, java.lang.Object, java.lang.Object, java.lang.Object, java.lang.Object, java.lang.Object)'> (0x000000072902c2d0) 
thrown [s\src\hotspot\share\interpreter\linkResolver.cpp, line 759]
Event: 25.739 Thread 0x00000186e59cdb50 Implicit null exception at 0x00000186f6a6a8ff to 0x00000186f6a6ea30
Event: 25.939 Thread 0x00000186e59cdb50 Implicit null exception at 0x00000186f6ab43f9 to 0x00000186f6ab4785
Event: 27.977 Thread 0x00000186e59cdb50 Implicit null exception at 0x00000186f67179af to 0x00000186f6717a29
Event: 29.392 Thread 0x00000186e59cdb50 Exception <a 'java/lang/NoSuchMethodError'{0x00000007280b7460}: 'java.lang.Object java.lang.invoke.DirectMethodHandle$Holder.newInvokeSpecial(java.lang.Object, java.lang.Object, java.lang.Object, java.lang.Object, java.lang.Object, java.lang.Object, java.lang.Object)'> (0x00000007280b7460) 
thrown [s\src\hotspot\share\interpreter\linkResolver.cpp, line 759]
Event: 29.393 Thread 0x00000186e59cdb50 Exception <a 'java/lang/NoSuchMethodError'{0x00000007280bc018}: 'java.lang.Object java.lang.invoke.Invokers$Holder.linkToTargetMethod(java.lang.Object, java.lang.Object, java.lang.Object, java.lang.Object, java.lang.Object, java.lang.Object, java.lang.Object)'> (0x00000007280bc018) 
thrown [s\src\hotspot\share\interpreter\linkResolver.cpp, line 759]
Event: 30.841 Thread 0x00000186e59cdb50 Exception <a 'java/lang/NoSuchMethodError'{0x0000000727fe7000}: 'java.lang.Object java.lang.invoke.DirectMethodHandle$Holder.invokeInterface(java.lang.Object, java.lang.Object, java.lang.Object)'> (0x0000000727fe7000) 
thrown [s\src\hotspot\share\interpreter\linkResolver.cpp, line 759]
Event: 30.843 Thread 0x00000186e59cdb50 Exception <a 'java/lang/IncompatibleClassChangeError'{0x0000000727fea970}: Found class java.lang.Object, but interface was expected> (0x0000000727fea970) 
thrown [s\src\hotspot\share\interpreter\linkResolver.cpp, line 826]
Event: 31.056 Thread 0x00000186e59cdb50 Implicit null exception at 0x00000186f6acc00d to 0x00000186f6acdb7c

VM Operations (20 events):
Event: 30.344 Executing VM operation: Cleanup
Event: 30.345 Executing VM operation: Cleanup done
Event: 30.667 Executing VM operation: HandshakeAllThreads
Event: 30.667 Executing VM operation: HandshakeAllThreads done
Event: 30.697 Executing VM operation: HandshakeAllThreads
Event: 30.697 Executing VM operation: HandshakeAllThreads done
Event: 30.757 Executing VM operation: ICBufferFull
Event: 30.757 Executing VM operation: ICBufferFull done
Event: 30.798 Executing VM operation: HandshakeAllThreads
Event: 30.798 Executing VM operation: HandshakeAllThreads done
Event: 30.859 Executing VM operation: HandshakeAllThreads
Event: 30.859 Executing VM operation: HandshakeAllThreads done
Event: 30.863 Executing VM operation: HandshakeAllThreads
Event: 30.863 Executing VM operation: HandshakeAllThreads done
Event: 31.215 Executing VM operation: ICBufferFull
Event: 31.215 Executing VM operation: ICBufferFull done
Event: 31.267 Executing VM operation: G1CollectForAllocation
Event: 31.306 Executing VM operation: G1CollectForAllocation done
Event: 31.711 Executing VM operation: ICBufferFull
Event: 31.711 Executing VM operation: ICBufferFull done

Memory protections (0 events):
No events

Nmethod flushes (20 events):
Event: 18.099 Thread 0x00000186cf165ca0 flushing  nmethod 0x00000186ef45da10
Event: 18.099 Thread 0x00000186cf165ca0 flushing  nmethod 0x00000186ef45e210
Event: 18.099 Thread 0x00000186cf165ca0 flushing  nmethod 0x00000186ef466190
Event: 18.099 Thread 0x00000186cf165ca0 flushing  nmethod 0x00000186ef46c510
Event: 18.099 Thread 0x00000186cf165ca0 flushing  nmethod 0x00000186ef473790
Event: 18.100 Thread 0x00000186cf165ca0 flushing  nmethod 0x00000186ef4ba890
Event: 18.101 Thread 0x00000186cf165ca0 flushing  nmethod 0x00000186ef4e0590
Event: 18.101 Thread 0x00000186cf165ca0 flushing  nmethod 0x00000186ef503e90
Event: 18.101 Thread 0x00000186cf165ca0 flushing  nmethod 0x00000186ef518b10
Event: 18.101 Thread 0x00000186cf165ca0 flushing  nmethod 0x00000186ef51a290
Event: 18.101 Thread 0x00000186cf165ca0 flushing osr nmethod 0x00000186ef526290
Event: 18.101 Thread 0x00000186cf165ca0 flushing  nmethod 0x00000186ef538d90
Event: 18.102 Thread 0x00000186cf165ca0 flushing  nmethod 0x00000186ef559110
Event: 18.102 Thread 0x00000186cf165ca0 flushing  nmethod 0x00000186ef56e590
Event: 18.102 Thread 0x00000186cf165ca0 flushing  nmethod 0x00000186ef5c9b90
Event: 18.103 Thread 0x00000186cf165ca0 flushing  nmethod 0x00000186ef633f90
Event: 18.103 Thread 0x00000186cf165ca0 flushing  nmethod 0x00000186ef636210
Event: 18.104 Thread 0x00000186cf165ca0 flushing  nmethod 0x00000186ef650e10
Event: 28.397 Thread 0x00000186cf165ca0 flushing  nmethod 0x00000186ef150490
Event: 28.398 Thread 0x00000186cf165ca0 flushing  nmethod 0x00000186ef18b110

Events (20 events):
Event: 18.447 Thread 0x00000186cf154560 Thread added: 0x00000186daad0a60
Event: 18.603 Thread 0x00000186cf5b5b60 Thread added: 0x00000186daacea80
Event: 19.105 Thread 0x00000186daacea80 Thread exited: 0x00000186daacea80
Event: 19.501 Thread 0x00000186daad0a60 Thread exited: 0x00000186daad0a60
Event: 19.752 Thread 0x00000186dbd7d950 Thread exited: 0x00000186dbd7d950
Event: 20.496 Thread 0x00000186dbd7c410 Thread exited: 0x00000186dbd7c410
Event: 21.475 Thread 0x00000186dbd7dea0 Thread exited: 0x00000186dbd7dea0
Event: 22.185 Thread 0x00000186dbd7ee90 Thread exited: 0x00000186dbd7ee90
Event: 23.113 Thread 0x00000186dbd7d400 Thread exited: 0x00000186dbd7d400
Event: 23.114 Thread 0x00000186cf5b5b60 Thread exited: 0x00000186cf5b5b60
Event: 23.442 Thread 0x00000186cf29ab40 Thread added: 0x00000186daad44d0
Event: 23.836 Thread 0x00000186daad44d0 Thread exited: 0x00000186daad44d0
Event: 26.164 Thread 0x00000186cf29ab40 Thread added: 0x00000186daad0fb0
Event: 26.291 Thread 0x00000186cf154560 Thread added: 0x00000186daad1500
Event: 28.479 Thread 0x00000186daad1500 Thread exited: 0x00000186daad1500
Event: 28.516 Thread 0x00000186cf29ab40 Thread added: 0x00000186daad2a40
Event: 28.536 Thread 0x00000186daad0fb0 Thread exited: 0x00000186daad0fb0
Event: 30.259 Thread 0x00000186daad2a40 Thread exited: 0x00000186daad2a40
Event: 31.244 Thread 0x00000186cf154560 Thread added: 0x00000186daad3a30
Event: 32.318 Thread 0x00000186cf154560 Thread added: 0x00000186daad54c0


Dynamic libraries:
0x00007ff72f8a0000 - 0x00007ff72f8ae000 	C:\Program Files\Eclipse Adoptium\jdk-17.0.19.10-hotspot\bin\java.exe
0x00007ffd713e0000 - 0x00007ffd71646000 	C:\WINDOWS\SYSTEM32\ntdll.dll
0x00007ffd70af0000 - 0x00007ffd70bb9000 	C:\WINDOWS\System32\KERNEL32.DLL
0x00007ffd6e940000 - 0x00007ffd6ed3a000 	C:\WINDOWS\System32\KERNELBASE.dll
0x00007ffd6a760000 - 0x00007ffd6a800000 	C:\WINDOWS\SYSTEM32\apphelp.dll
0x00007ffd6e7f0000 - 0x00007ffd6e93c000 	C:\WINDOWS\System32\ucrtbase.dll
0x00007ffd5e410000 - 0x00007ffd5e42e000 	C:\Program Files\Eclipse Adoptium\jdk-17.0.19.10-hotspot\bin\VCRUNTIME140.dll
0x00007ffd61750000 - 0x00007ffd61768000 	C:\Program Files\Eclipse Adoptium\jdk-17.0.19.10-hotspot\bin\jli.dll
0x00007ffd6f1d0000 - 0x00007ffd6f397000 	C:\WINDOWS\System32\USER32.dll
0x00007ffd52c50000 - 0x00007ffd52ee2000 	C:\WINDOWS\WinSxS\amd64_microsoft.windows.common-controls_6595b64144ccf1df_6.0.26100.8521_none_3e08b75ce33403b3\COMCTL32.dll
0x00007ffd6eea0000 - 0x00007ffd6eec7000 	C:\WINDOWS\System32\win32u.dll
0x00007ffd6fcc0000 - 0x00007ffd6fd69000 	C:\WINDOWS\System32\msvcrt.dll
0x00007ffd6f3a0000 - 0x00007ffd6f3cb000 	C:\WINDOWS\System32\GDI32.dll
0x00007ffd6ef90000 - 0x00007ffd6f0bb000 	C:\WINDOWS\System32\gdi32full.dll
0x00007ffd6edf0000 - 0x00007ffd6ee93000 	C:\WINDOWS\System32\msvcp_win.dll
0x00007ffd703e0000 - 0x00007ffd70412000 	C:\WINDOWS\System32\IMM32.DLL
0x00007ffd40410000 - 0x00007ffd4041c000 	C:\Program Files\Eclipse Adoptium\jdk-17.0.19.10-hotspot\bin\vcruntime140_1.dll
0x00007ffd059e0000 - 0x00007ffd05a6d000 	C:\Program Files\Eclipse Adoptium\jdk-17.0.19.10-hotspot\bin\msvcp140.dll
0x00007ffcd2600000 - 0x00007ffcd326c000 	C:\Program Files\Eclipse Adoptium\jdk-17.0.19.10-hotspot\bin\server\jvm.dll
0x00007ffd70bd0000 - 0x00007ffd70c86000 	C:\WINDOWS\System32\ADVAPI32.dll
0x00007ffd71280000 - 0x00007ffd7132a000 	C:\WINDOWS\System32\sechost.dll
0x00007ffd71160000 - 0x00007ffd71278000 	C:\WINDOWS\System32\RPCRT4.dll
0x00007ffd70590000 - 0x00007ffd70610000 	C:\WINDOWS\System32\WS2_32.dll
0x00007ffd6e4d0000 - 0x00007ffd6e52e000 	C:\WINDOWS\SYSTEM32\POWRPROF.dll
0x00007ffd676e0000 - 0x00007ffd676eb000 	C:\WINDOWS\SYSTEM32\VERSION.dll
0x00007ffd65fd0000 - 0x00007ffd66006000 	C:\WINDOWS\SYSTEM32\WINMM.dll
0x00007ffd6e4b0000 - 0x00007ffd6e4c4000 	C:\WINDOWS\SYSTEM32\UMPDC.dll
0x00007ffd6d400000 - 0x00007ffd6d41b000 	C:\WINDOWS\SYSTEM32\kernel.appcore.dll
0x00007ffd401e0000 - 0x00007ffd401ea000 	C:\Program Files\Eclipse Adoptium\jdk-17.0.19.10-hotspot\bin\jimage.dll
0x00007ffd6ba30000 - 0x00007ffd6bc72000 	C:\WINDOWS\SYSTEM32\DBGHELP.DLL
0x00007ffd70620000 - 0x00007ffd709a3000 	C:\WINDOWS\System32\combase.dll
0x00007ffd70490000 - 0x00007ffd70569000 	C:\WINDOWS\System32\OLEAUT32.dll
0x00007ffd54200000 - 0x00007ffd5423b000 	C:\WINDOWS\SYSTEM32\dbgcore.DLL
0x00007ffd6ed40000 - 0x00007ffd6ede8000 	C:\WINDOWS\System32\bcryptPrimitives.dll
0x00007ffd38120000 - 0x00007ffd38145000 	C:\Program Files\Eclipse Adoptium\jdk-17.0.19.10-hotspot\bin\java.dll
0x00007ffd003d0000 - 0x00007ffd004a7000 	C:\Program Files\Eclipse Adoptium\jdk-17.0.19.10-hotspot\bin\jsvml.dll
0x00007ffd6f3d0000 - 0x00007ffd6fb54000 	C:\WINDOWS\System32\SHELL32.dll
0x00007ffd6c230000 - 0x00007ffd6cab0000 	C:\WINDOWS\SYSTEM32\windows.storage.dll
0x00007ffd702e0000 - 0x00007ffd703d6000 	C:\WINDOWS\System32\SHCORE.dll
0x00007ffd70420000 - 0x00007ffd70487000 	C:\WINDOWS\System32\shlwapi.dll
0x00007ffd6e590000 - 0x00007ffd6e5b9000 	C:\WINDOWS\SYSTEM32\profapi.dll
0x00007ffd373f0000 - 0x00007ffd3740a000 	C:\Program Files\Eclipse Adoptium\jdk-17.0.19.10-hotspot\bin\net.dll
0x00007ffd661d0000 - 0x00007ffd662f9000 	C:\WINDOWS\SYSTEM32\WINHTTP.dll
0x00007ffd6d970000 - 0x00007ffd6d9dc000 	C:\WINDOWS\system32\mswsock.dll
0x00007ffd36980000 - 0x00007ffd36996000 	C:\Program Files\Eclipse Adoptium\jdk-17.0.19.10-hotspot\bin\nio.dll
0x00007ffd36960000 - 0x00007ffd36978000 	C:\Program Files\Eclipse Adoptium\jdk-17.0.19.10-hotspot\bin\zip.dll
0x00007ffd3fab0000 - 0x00007ffd3fac0000 	C:\Program Files\Eclipse Adoptium\jdk-17.0.19.10-hotspot\bin\verify.dll

dbghelp: loaded successfully - version: 4.0.5 - missing functions: none
symbol engine: initialized successfully - sym options: 0x614 - pdb path: .;C:\Program Files\Eclipse Adoptium\jdk-17.0.19.10-hotspot\bin;C:\WINDOWS\SYSTEM32;C:\WINDOWS\WinSxS\amd64_microsoft.windows.common-controls_6595b64144ccf1df_6.0.26100.8521_none_3e08b75ce33403b3;C:\Program Files\Eclipse Adoptium\jdk-17.0.19.10-hotspot\bin\server

VM Arguments:
java_command: org.jetbrains.kotlin.cli.jvm.K2JVMCompiler @C:\Users\Albin\Documents\EPSI\E5\inexia-connect\mobile\node_modules\@react-native\gradle-plugin\build\20260609_3008449759511213573.compiler.options
java_class_path (initial): C:\Users\Albin\.gradle\caches\modules-2\files-2.1\org.jetbrains.kotlin\kotlin-compiler-embeddable\1.7.22\1a39d9a56c9d1618300cd3444f070a5399663403\kotlin-compiler-embeddable-1.7.22.jar;C:\Users\Albin\.gradle\caches\modules-2\files-2.1\org.jetbrains.kotlin\kotlin-reflect\1.7.22\e61a16c5c838d324529a6aa72dfb88ea98958a29\kotlin-reflect-1.7.22.jar;C:\Users\Albin\.gradle\caches\modules-2\files-2.1\org.jetbrains.kotlin\kotlin-stdlib\1.7.22\9fb43bccb6cf8cfaaf3776c75f5df4f052f09b72\kotlin-stdlib-1.7.22.jar;C:\Users\Albin\.gradle\caches\modules-2\files-2.1\org.jetbrains.kotlin\kotlin-script-runtime\1.7.22\703a4d56168f3517532bc04481e3c8b751f685cb\kotlin-script-runtime-1.7.22.jar;C:\Users\Albin\.gradle\caches\modules-2\files-2.1\org.jetbrains.kotlin\kotlin-daemon-embeddable\1.7.22\a4f231458e1bb6fffbb8e1224f97d20a3ecc9c83\kotlin-daemon-embeddable-1.7.22.jar;C:\Users\Albin\.gradle\caches\modules-2\files-2.1\org.jetbrains.intellij.deps\trove4j\1.0.20200330\3afb14d5f9ceb459d724e907a21145e8ff394f02\trove4j-1.0.20200330.jar;C:\Users\Albin\.gradle\caches\modules-2\files-2.1\net.java.dev.jna\jna\5.6.0\330f2244e9030119ab3030fc3fededc86713d9cc\jna-5.6.0.jar;C:\Users\Albin\.gradle\caches\modules-2\files-2.1\org.jetbrains.kotlin\kotlin-stdlib-common\1.7.22\5dd2c9dcf64c94b46cf4bdb6fa4035b9bb726e2e\kotlin-stdlib-common-1.7.22.jar;C:\Users\Albin\.gradle\caches\modules-2\files-2.1\org.jetbrains\annotations\13.0\919f0dfe192fb4e063e7dacadee7f8bb9a2672a9\annotations-13.0.jar
Launcher Type: SUN_STANDARD

[Global flags]
     intx CICompilerCount                          = 12                                        {product} {ergonomic}
     uint ConcGCThreads                            = 3                                         {product} {ergonomic}
     uint G1ConcRefinementThreads                  = 13                                        {product} {ergonomic}
   size_t G1HeapRegionSize                         = 2097152                                   {product} {ergonomic}
    uintx GCDrainStackTargetSize                   = 64                                        {product} {ergonomic}
   size_t InitialHeapSize                          = 232783872                                 {product} {ergonomic}
   size_t MarkStackSize                            = 4194304                                   {product} {ergonomic}
   size_t MaxHeapSize                              = 3718250496                                {product} {ergonomic}
   size_t MaxNewSize                               = 2229272576                                {product} {ergonomic}
   size_t MinHeapDeltaBytes                        = 2097152                                   {product} {ergonomic}
   size_t MinHeapSize                              = 8388608                                   {product} {ergonomic}
    uintx NonNMethodCodeHeapSize                   = 7602480                                {pd product} {ergonomic}
    uintx NonProfiledCodeHeapSize                  = 122027880                              {pd product} {ergonomic}
    uintx ProfiledCodeHeapSize                     = 122027880                              {pd product} {ergonomic}
    uintx ReservedCodeCacheSize                    = 251658240                              {pd product} {ergonomic}
     bool SegmentedCodeCache                       = true                                      {product} {ergonomic}
   size_t SoftMaxHeapSize                          = 3718250496                             {manageable} {ergonomic}
     bool UseCompressedClassPointers               = true                           {product lp64_product} {ergonomic}
     bool UseCompressedOops                        = true                           {product lp64_product} {ergonomic}
     bool UseG1GC                                  = true                                      {product} {ergonomic}
     bool UseLargePagesIndividualAllocation        = false                                  {pd product} {ergonomic}

Logging:
Log output configuration:
 #0: stdout all=warning uptime,level,tags
 #1: stderr all=off uptime,level,tags

Environment Variables:
PATH=C:\Program Files (x86)\VMware\VMware Workstation\bin\;C:\Python313\Scripts\;C:\Python313\;c:\Users\Albin\AppData\Local\Programs\cursor\resources\app\bin;C:\Users\Albin\AppData\Local\Programs\Opera;C:\Program Files\Eclipse Adoptium\jdk-21.0.4.7-hotspot\bin;C:\Windows\system32;C:\Windows;C:\Windows\System32\Wbem;C:\Windows\System32\WindowsPowerShell\v1.0\;C:\Windows\System32\OpenSSH\;C:\Program Files\dotnet\;C:\Program Files\Git\cmd;C:\Program Files (x86)\dotnet\;C:\Users\Albin\AppData\Local\Microsoft\WindowsApps;C:\Users\Albin\.dotnet\tools;C:\Program Files\JetBrains\PhpStorm 2024.2.3\bin;C:\Users\Albin\AppData\Local\GitHubDesktop\bin;C:\Program Files\nodejs\;C:\ProgramData\chocolatey\bin;C:\WINDOWS\system32;C:\WINDOWS;C:\WINDOWS\System32\Wbem;C:\WINDOWS\System32\WindowsPowerShell\v1.0\;C:\WINDOWS\System32\OpenSSH\;C:\Users\Albin\.platformio\penv\Scripts;;C:\Program Files\Docker\Docker\resources\bin;C:\Program Files\OpenSSL-Win64\bin;C:\Users\Albin\AppData\Local\Microsoft\WindowsApps;C:\Users\Albin\AppData\Local\Programs\Microsoft VS Code\bin;C:\Users\Albin\.dotnet\tools;C:\Program Files\JetBrains\PhpStorm 2024.2.3\bin;C:\Users\Albin\AppData\Local\GitHubDesktop\bin;C:\Users\Albin\AppData\Local\Programs\cursor\resources\app\bin;C:\Users\Albin\AppData\Roaming\npm;C:\Users\Albin\AppData\Local\JetBrains\Toolbox\scripts;C:\Users\Albin\.dotnet\tools;C:\src\flutter\bin;;C:\Users\Albin\AppData\Local\Microsoft\WindowsApps
USERNAME=Albin
OS=Windows_NT
PROCESSOR_IDENTIFIER=AMD64 Family 23 Model 104 Stepping 1, AuthenticAMD
TMP=C:\Users\Albin\AppData\Local\Temp
TEMP=C:\Users\Albin\AppData\Local\Temp



Periodic native trim disabled


---------------  S Y S T E M  ---------------

OS:
 Windows 11 , 64 bit Build 26100 (10.0.26100.8521)
OS uptime: 5 days 7:35 hours
Hyper-V role detected

CPU: total 16 (initial active 16) (16 cores per cpu, 2 threads per core) family 23 model 104 stepping 1 microcode 0x8608103, cx8, cmov, fxsr, ht, mmx, 3dnowpref, sse, sse2, sse3, ssse3, sse4a, sse4.1, sse4.2, popcnt, lzcnt, tsc, tscinvbit, avx, avx2, aes, clmul, bmi1, bmi2, adx, sha, fma, vzeroupper, clflush, clflushopt, hv
Processor Information for all 16 processors :
  Max Mhz: 1801, Current Mhz: 1440, Mhz Limit: 1801

Memory: 4k page, system-wide physical 14181M (1342M free)
TotalPageFile size 41186M (AvailPageFile size 18M)
current process WorkingSet (physical memory assigned to process): 315M, peak: 350M
current process commit charge ("private bytes"): 370M, peak: 405M

vm_info: OpenJDK 64-Bit Server VM (17.0.19+10) for windows-amd64 JRE (17.0.19+10), built on Apr 25 2026 08:04:44 by "admin" with MS VC++ 17.12 (VS2022)

END.
