#
# There is insufficient memory for the Java Runtime Environment to continue.
# Native memory allocation (mmap) failed to map 65536 bytes. Error detail: Failed to commit metaspace.
# Possible reasons:
#   The system is out of physical RAM or swap space
#   This process is running with CompressedOops enabled, and the Java Heap may be blocking the growth of the native heap
# Possible solutions:
#   Reduce memory load on the system
#   Increase physical memory or swap space
#   Check if swap backing store is full
#   Decrease Java heap size (-Xmx/-Xms)
#   Decrease number of Java threads
#   Decrease Java thread stack sizes (-Xss)
#   Set larger code cache with -XX:ReservedCodeCacheSize=
#   JVM is running with Unscaled Compressed Oops mode in which the Java heap is
#     placed in the first 4GB address space. The Java Heap base address is the
#     maximum limit for the native heap growth. Please use -XX:HeapBaseMinAddress
#     to set the Java Heap base and to place the Java Heap above 4GB virtual address.
# This output file may be truncated or incomplete.
#
#  Out of Memory Error (virtualSpaceNode.cpp:110), pid=12072, tid=38864
#
# JRE version: OpenJDK Runtime Environment Temurin-17.0.19+10 (17.0.19+10) (build 17.0.19+10)
# Java VM: OpenJDK 64-Bit Server VM Temurin-17.0.19+10 (17.0.19+10, mixed mode, sharing, tiered, compressed oops, compressed class ptrs, g1 gc, windows-amd64)
# No core dump will be written. Minidumps are not enabled by default on client versions of Windows
#

---------------  S U M M A R Y ------------

Command Line: -XX:MaxMetaspaceSize=512m --add-opens=java.base/java.util=ALL-UNNAMED --add-opens=java.base/java.lang=ALL-UNNAMED --add-opens=java.base/java.lang.invoke=ALL-UNNAMED --add-opens=java.prefs/java.util.prefs=ALL-UNNAMED --add-opens=java.base/java.nio.charset=ALL-UNNAMED --add-opens=java.base/java.net=ALL-UNNAMED --add-opens=java.base/java.util.concurrent.atomic=ALL-UNNAMED -Xmx2048m -Dfile.encoding=utf8 -Duser.country=FR -Duser.language=fr -Duser.variant org.gradle.launcher.daemon.bootstrap.GradleDaemon 8.0.1

Host: AMD Ryzen 7 5700U with Radeon Graphics         , 16 cores, 13G,  Windows 11 , 64 bit Build 26100 (10.0.26100.8521)
Time: Tue Jun  9 12:55:47 2026 Paris, Madrid (heure duild 26100 (10.0.26100.8521) elapsed time: 26.459911 seconds (0d 0h 0m 26s)

---------------  T H R E A D  ---------------

Current thread (0x000002727e874df0):  JavaThread "C1 CompilerThread0" daemon [_thread_in_vm, id=38864, stack(0x000000e291300000,0x000000e291400000)]


Current CompileTask:
C1:26460 4673       3       org.codehaus.groovy.vmplugin.v8.Java8::configureTypeVariable (43 bytes)

Stack: [0x000000e291300000,0x000000e291400000]
Native frames: (J=compiled Java code, j=interpreted, Vv=VM code, C=native code)
V  [jvm.dll+0x684b29]
V  [jvm.dll+0x83a2d5]
V  [jvm.dll+0x83bd4e]
V  [jvm.dll+0x83c3d3]
V  [jvm.dll+0x24905f]
V  [jvm.dll+0x8360bd]
V  [jvm.dll+0x62941d]
V  [jvm.dll+0x1c07e0]
V  [jvm.dll+0x62bd92]
V  [jvm.dll+0x629dd6]
V  [jvm.dll+0x63b21a]
V  [jvm.dll+0x633eda]
V  [jvm.dll+0x1cca00]
V  [jvm.dll+0x1ccbf0]
V  [jvm.dll+0x1485e1]
V  [jvm.dll+0x148425]
V  [jvm.dll+0x14006b]
V  [jvm.dll+0x14231e]
V  [jvm.dll+0x14080c]
V  [jvm.dll+0x148f33]
V  [jvm.dll+0x148425]
V  [jvm.dll+0x14006b]
V  [jvm.dll+0x14231e]
V  [jvm.dll+0x140906]
V  [jvm.dll+0x13a9c7]
V  [jvm.dll+0x14a0c8]
V  [jvm.dll+0x135e85]
V  [jvm.dll+0x136200]
V  [jvm.dll+0x1364de]
V  [jvm.dll+0x135927]
V  [jvm.dll+0x13764d]
V  [jvm.dll+0x2299fa]
V  [jvm.dll+0x227bab]
V  [jvm.dll+0x7f0a88]
V  [jvm.dll+0x7eaf1c]
V  [jvm.dll+0x6839f7]
C  [ucrtbase.dll+0x2cd30]
C  [KERNEL32.DLL+0x2e957]
C  [ntdll.dll+0x87c1c]


---------------  P R O C E S S  ---------------

Threads class SMR info:
_java_thread_list=0x0000027232dac2f0, length=38, elements={
0x000002726e75cf40, 0x000002727e4cae10, 0x000002727e4cc250, 0x000002727e85e930,
0x000002727e861210, 0x000002727e862df0, 0x000002727e8676d0, 0x000002727e86b110,
0x000002727e874df0, 0x000002727e868b10, 0x000002727e869020, 0x000002727e8671c0,
0x000002727e869a40, 0x000002727e869530, 0x000002727e866290, 0x000002727e867be0,
0x000002727e868600, 0x000002727e866cb0, 0x000002727e8680f0, 0x000002722fdbfe30,
0x000002722fdc21a0, 0x000002722fdc1c90, 0x000002722fdbf920, 0x000002722fdc0340,
0x000002722fdc1780, 0x000002722fdc0d60, 0x000002722fdbef00, 0x000002722fdc26b0,
0x000002722fdc2bc0, 0x000002722fdbf410, 0x000002722fdc35e0, 0x000002722fdc3af0,
0x000002722fdc4000, 0x0000027230a67a50, 0x0000027234820890, 0x00000272311fbe40,
0x000002722fdc5e60, 0x0000027233bc2010
}

Java Threads: ( => current thread )
  0x000002726e75cf40 JavaThread "main" [_thread_blocked, id=18904, stack(0x000000e290500000,0x000000e290600000)]
  0x000002727e4cae10 JavaThread "Reference Handler" daemon [_thread_blocked, id=16760, stack(0x000000e290c00000,0x000000e290d00000)]
  0x000002727e4cc250 JavaThread "Finalizer" daemon [_thread_blocked, id=11292, stack(0x000000e290d00000,0x000000e290e00000)]
  0x000002727e85e930 JavaThread "Signal Dispatcher" daemon [_thread_blocked, id=38852, stack(0x000000e290e00000,0x000000e290f00000)]
  0x000002727e861210 JavaThread "Attach Listener" daemon [_thread_blocked, id=38020, stack(0x000000e290f00000,0x000000e291000000)]
  0x000002727e862df0 JavaThread "Service Thread" daemon [_thread_blocked, id=40272, stack(0x000000e291000000,0x000000e291100000)]
  0x000002727e8676d0 JavaThread "Monitor Deflation Thread" daemon [_thread_blocked, id=29264, stack(0x000000e291100000,0x000000e291200000)]
  0x000002727e86b110 JavaThread "C2 CompilerThread0" daemon [_thread_in_native, id=19904, stack(0x000000e291200000,0x000000e291300000)]
=>0x000002727e874df0 JavaThread "C1 CompilerThread0" daemon [_thread_in_vm, id=38864, stack(0x000000e291300000,0x000000e291400000)]
  0x000002727e868b10 JavaThread "Sweeper thread" daemon [_thread_blocked, id=41540, stack(0x000000e291400000,0x000000e291500000)]
  0x000002727e869020 JavaThread "Common-Cleaner" daemon [_thread_blocked, id=41336, stack(0x000000e291700000,0x000000e291800000)]
  0x000002727e8671c0 JavaThread "Notification Thread" daemon [_thread_blocked, id=11772, stack(0x000000e291800000,0x000000e291900000)]
  0x000002727e869a40 JavaThread "Daemon health stats" [_thread_blocked, id=17600, stack(0x000000e292200000,0x000000e292300000)]
  0x000002727e869530 JavaThread "Incoming local TCP Connector on port 53824" [_thread_in_native, id=40536, stack(0x000000e291b00000,0x000000e291c00000)]
  0x000002727e866290 JavaThread "Daemon periodic checks" [_thread_blocked, id=17424, stack(0x000000e292000000,0x000000e292100000)]
  0x000002727e867be0 JavaThread "Daemon" [_thread_blocked, id=31616, stack(0x000000e292300000,0x000000e292400000)]
  0x000002727e868600 JavaThread "Handler for socket connection from /127.0.0.1:53824 to /127.0.0.1:53825" [_thread_in_native, id=23240, stack(0x000000e292400000,0x000000e292500000)]
  0x000002727e866cb0 JavaThread "Cancel handler" [_thread_blocked, id=16768, stack(0x000000e292500000,0x000000e292600000)]
  0x000002727e8680f0 JavaThread "Daemon worker" [_thread_in_vm, id=39424, stack(0x000000e292600000,0x000000e292700000)]
  0x000002722fdbfe30 JavaThread "Asynchronous log dispatcher for DefaultDaemonConnection: socket connection from /127.0.0.1:53824 to /127.0.0.1:53825" [_thread_blocked, id=38108, stack(0x000000e292700000,0x000000e292800000)]
  0x000002722fdc21a0 JavaThread "Stdin handler" [_thread_blocked, id=24372, stack(0x000000e292800000,0x000000e292900000)]
  0x000002722fdc1c90 JavaThread "Daemon client event forwarder" [_thread_blocked, id=19304, stack(0x000000e292900000,0x000000e292a00000)]
  0x000002722fdbf920 JavaThread "Cache worker for journal cache (C:\Users\Albin\.gradle\caches\journal-1)" [_thread_blocked, id=30464, stack(0x000000e292100000,0x000000e292200000)]
  0x000002722fdc0340 JavaThread "File lock request listener" [_thread_in_native, id=34964, stack(0x000000e292a00000,0x000000e292b00000)]
  0x000002722fdc1780 JavaThread "Cache worker for file hash cache (C:\Users\Albin\.gradle\caches\8.0.1\fileHashes)" [_thread_blocked, id=40612, stack(0x000000e292c00000,0x000000e292d00000)]
  0x000002722fdc0d60 JavaThread "File watcher server" daemon [_thread_in_native, id=24332, stack(0x000000e292d00000,0x000000e292e00000)]
  0x000002722fdbef00 JavaThread "File watcher consumer" daemon [_thread_blocked, id=22584, stack(0x000000e292e00000,0x000000e292f00000)]
  0x000002722fdc26b0 JavaThread "Cache worker for checksums cache (C:\Users\Albin\Documents\EPSI\E5\inexia-connect\mobile\android\.gradle\8.0.1\checksums)" [_thread_blocked, id=9932, stack(0x000000e292b00000,0x000000e292c00000)]
  0x000002722fdc2bc0 JavaThread "Cache worker for cache directory md-rule (C:\Users\Albin\.gradle\caches\8.0.1\md-rule)" [_thread_blocked, id=41524, stack(0x000000e292f00000,0x000000e293000000)]
  0x000002722fdbf410 JavaThread "Cache worker for file content cache (C:\Users\Albin\.gradle\caches\8.0.1\fileContent)" [_thread_blocked, id=39584, stack(0x000000e293000000,0x000000e293100000)]
  0x000002722fdc35e0 JavaThread "Cache worker for file hash cache (C:\Users\Albin\Documents\EPSI\E5\inexia-connect\mobile\android\.gradle\8.0.1\fileHashes)" [_thread_blocked, id=34396, stack(0x000000e293b00000,0x000000e293c00000)]
  0x000002722fdc3af0 JavaThread "Cache worker for cache directory md-supplier (C:\Users\Albin\.gradle\caches\8.0.1\md-supplier)" [_thread_blocked, id=35880, stack(0x000000e293c00000,0x000000e293d00000)]
  0x000002722fdc4000 JavaThread "Cache worker for execution history cache (C:\Users\Albin\.gradle\caches\8.0.1\executionHistory)" [_thread_blocked, id=14168, stack(0x000000e293d00000,0x000000e293e00000)]
  0x0000027230a67a50 JavaThread "C1 CompilerThread1" daemon [_thread_blocked, id=39140, stack(0x000000e291500000,0x000000e291600000)]
  0x0000027234820890 JavaThread "C1 CompilerThread2" daemon [_thread_blocked, id=36504, stack(0x000000e294100000,0x000000e294200000)]
  0x00000272311fbe40 JavaThread "C1 CompilerThread3" daemon [_thread_blocked, id=31160, stack(0x000000e294200000,0x000000e294300000)]
  0x000002722fdc5e60 JavaThread "jar transforms" [_thread_blocked, id=32908, stack(0x000000e294000000,0x000000e294100000)]
  0x0000027233bc2010 JavaThread "C2 CompilerThread1" daemon [_thread_blocked, id=38272, stack(0x000000e291600000,0x000000e291700000)]

Other Threads:
  0x000002727e843020 VMThread "VM Thread" [stack: 0x000000e290b00000,0x000000e290c00000] [id=35056] _threads_hazard_ptr=0x0000027232dac2f0
  0x000002727e9b85d0 WatcherThread [stack: 0x000000e291900000,0x000000e291a00000] [id=28848]
  0x000002726e7ba730 GCTaskThread "GC Thread#0" [stack: 0x000000e290600000,0x000000e290700000] [id=5436]
  0x000002722e43fba0 GCTaskThread "GC Thread#1" [stack: 0x000000e291c00000,0x000000e291d00000] [id=28096]
  0x000002722e53bf30 GCTaskThread "GC Thread#2" [stack: 0x000000e291d00000,0x000000e291e00000] [id=37080]
  0x000002722e0b9020 GCTaskThread "GC Thread#3" [stack: 0x000000e291e00000,0x000000e291f00000] [id=40768]
  0x000002722e1607c0 GCTaskThread "GC Thread#4" [stack: 0x000000e291f00000,0x000000e292000000] [id=31332]
  0x000002722f86b6f0 GCTaskThread "GC Thread#5" [stack: 0x000000e293100000,0x000000e293200000] [id=17712]
  0x000002722f86c4b0 GCTaskThread "GC Thread#6" [stack: 0x000000e293200000,0x000000e293300000] [id=17092]
  0x000002722f86abf0 GCTaskThread "GC Thread#7" [stack: 0x000000e293300000,0x000000e293400000] [id=33972]
  0x000002722f86aeb0 GCTaskThread "GC Thread#8" [stack: 0x000000e293400000,0x000000e293500000] [id=6020]
  0x000002722f86b170 GCTaskThread "GC Thread#9" [stack: 0x000000e293500000,0x000000e293600000] [id=22032]
  0x000002722f86b430 GCTaskThread "GC Thread#10" [stack: 0x000000e293600000,0x000000e293700000] [id=41184]
  0x0000027230ad92c0 GCTaskThread "GC Thread#11" [stack: 0x000000e293700000,0x000000e293800000] [id=15208]
  0x0000027230ada8c0 GCTaskThread "GC Thread#12" [stack: 0x000000e293800000,0x000000e293900000] [id=25776]
  0x000002726e7cc5a0 ConcurrentGCThread "G1 Main Marker" [stack: 0x000000e290700000,0x000000e290800000] [id=3548]
  0x000002726e7cdba0 ConcurrentGCThread "G1 Conc#0" [stack: 0x000000e290800000,0x000000e290900000] [id=6956]
  0x0000027230ad8a80 ConcurrentGCThread "G1 Conc#1" [stack: 0x000000e293900000,0x000000e293a00000] [id=37348]
  0x0000027230ada080 ConcurrentGCThread "G1 Conc#2" [stack: 0x000000e293a00000,0x000000e293b00000] [id=31588]
  0x000002727e3814a0 ConcurrentGCThread "G1 Refine#0" [stack: 0x000000e290900000,0x000000e290a00000] [id=37556]
  0x000002727e381b80 ConcurrentGCThread "G1 Service" [stack: 0x000000e290a00000,0x000000e290b00000] [id=38672]

Threads with active compile tasks:
C2 CompilerThread0  26554 4644   !   4       java.lang.reflect.Executable::declaredAnnotations (85 bytes)
C1 CompilerThread0  26554 4673       3       org.codehaus.groovy.vmplugin.v8.Java8::configureTypeVariable (43 bytes)
C1 CompilerThread2  26554 4675       3       java.lang.reflect.Parameter::getName (45 bytes)
C1 CompilerThread3  26554 4674       3       java.lang.reflect.Parameter::<init> (26 bytes)

VM state: not at safepoint (normal execution)

VM Mutex/Monitor currently owned by a thread:  ([mutex/lock_event])
[0x000002726c446630] Metaspace_lock - owner thread: 0x000002727e874df0
[0x000002726e75ab80] MethodData_lock - owner thread: 0x000002727e874df0

Heap address: 0x0000000080000000, size: 2048 MB, Compressed Oops mode: 32-bit

CDS archive(s) mapped at: [0x000002720f000000-0x000002720fbb0000-0x000002720fbb0000), size 12255232, SharedBaseAddress: 0x000002720f000000, ArchiveRelocationMode: 1.
Compressed class space mapped at: 0x0000027210000000-0x000002722a000000, reserved size: 436207616
Narrow klass base: 0x000002720f000000, Narrow klass shift: 0, Narrow klass range: 0x100000000

GC Precious Log:
 CPUs: 16 total, 16 available
 Memory: 14181M
 Large Page Support: Disabled
 NUMA Support: Disabled
 Compressed Oops: Enabled (32-bit)
 Heap Region Size: 1M
 Heap Min Capacity: 8M
 Heap Initial Capacity: 222M
 Heap Max Capacity: 2G
 Pre-touch: Disabled
 Parallel Workers: 13
 Concurrent Workers: 3
 Concurrent Refinement Workers: 13
 Periodic GC: Disabled

Heap:
 garbage-first heap   total 82944K, used 38513K [0x0000000080000000, 0x0000000100000000)
  region size 1024K, 16 young (16384K), 4 survivors (4096K)
 Metaspace       used 32214K, committed 32512K, reserved 491520K
  class space    used 4592K, committed 4736K, reserved 425984K

Heap Regions: E=young(eden), S=young(survivor), O=old, HS=humongous(starts), HC=humongous(continues), CS=collection set, F=free, OA=open archive, CA=closed archive, TAMS=top-at-mark-start (previous, next)
|   0|0x0000000080000000, 0x0000000080100000, 0x0000000080100000|100%|HS|  |TAMS 0x0000000080100000, 0x0000000080000000| Complete 
|   1|0x0000000080100000, 0x0000000080200000, 0x0000000080200000|100%|HC|  |TAMS 0x0000000080200000, 0x0000000080100000| Complete 
|   2|0x0000000080200000, 0x0000000080300000, 0x0000000080300000|100%|HC|  |TAMS 0x0000000080300000, 0x0000000080200000| Complete 
|   3|0x0000000080300000, 0x0000000080400000, 0x0000000080400000|100%|HC|  |TAMS 0x0000000080400000, 0x0000000080300000| Complete 
|   4|0x0000000080400000, 0x0000000080500000, 0x0000000080500000|100%| O|  |TAMS 0x0000000080500000, 0x0000000080400000| Untracked 
|   5|0x0000000080500000, 0x0000000080600000, 0x0000000080600000|100%| O|  |TAMS 0x0000000080600000, 0x0000000080500000| Untracked 
|   6|0x0000000080600000, 0x0000000080700000, 0x0000000080700000|100%| O|  |TAMS 0x0000000080700000, 0x0000000080600000| Untracked 
|   7|0x0000000080700000, 0x0000000080800000, 0x0000000080800000|100%| O|  |TAMS 0x0000000080700000, 0x0000000080700000| Untracked 
|   8|0x0000000080800000, 0x0000000080900000, 0x0000000080900000|100%| O|  |TAMS 0x0000000080900000, 0x0000000080800000| Untracked 
|   9|0x0000000080900000, 0x0000000080a00000, 0x0000000080a00000|100%| O|  |TAMS 0x0000000080a00000, 0x0000000080900000| Untracked 
|  10|0x0000000080a00000, 0x0000000080afaa00, 0x0000000080b00000| 97%| O|  |TAMS 0x0000000080afaa00, 0x0000000080a00000| Untracked 
|  11|0x0000000080b00000, 0x0000000080c00000, 0x0000000080c00000|100%| O|  |TAMS 0x0000000080b00000, 0x0000000080b00000| Untracked 
|  12|0x0000000080c00000, 0x0000000080d00000, 0x0000000080d00000|100%| O|  |TAMS 0x0000000080c00000, 0x0000000080c00000| Untracked 
|  13|0x0000000080d00000, 0x0000000080e00000, 0x0000000080e00000|100%| O|  |TAMS 0x0000000080d00000, 0x0000000080d00000| Untracked 
|  14|0x0000000080e00000, 0x0000000080f00000, 0x0000000080f00000|100%| O|  |TAMS 0x0000000080e00000, 0x0000000080e00000| Untracked 
|  15|0x0000000080f00000, 0x0000000081000000, 0x0000000081000000|100%| O|  |TAMS 0x0000000080f00000, 0x0000000080f00000| Untracked 
|  16|0x0000000081000000, 0x0000000081100000, 0x0000000081100000|100%| O|  |TAMS 0x0000000081000000, 0x0000000081000000| Untracked 
|  17|0x0000000081100000, 0x0000000081200000, 0x0000000081200000|100%| O|  |TAMS 0x0000000081100000, 0x0000000081100000| Untracked 
|  18|0x0000000081200000, 0x0000000081300000, 0x0000000081300000|100%| O|  |TAMS 0x0000000081200000, 0x0000000081200000| Untracked 
|  19|0x0000000081300000, 0x0000000081300000, 0x0000000081400000|  0%| F|  |TAMS 0x0000000081300000, 0x0000000081300000| Untracked 
|  20|0x0000000081400000, 0x0000000081400000, 0x0000000081500000|  0%| F|  |TAMS 0x0000000081400000, 0x0000000081400000| Untracked 
|  21|0x0000000081500000, 0x0000000081500000, 0x0000000081600000|  0%| F|  |TAMS 0x0000000081500000, 0x0000000081500000| Untracked 
|  22|0x0000000081600000, 0x0000000081700000, 0x0000000081700000|100%| O|  |TAMS 0x0000000081600000, 0x0000000081600000| Untracked 
|  23|0x0000000081700000, 0x00000000817c8c00, 0x0000000081800000| 78%| O|  |TAMS 0x0000000081700000, 0x0000000081700000| Untracked 
|  24|0x0000000081800000, 0x0000000081800000, 0x0000000081900000|  0%| F|  |TAMS 0x0000000081800000, 0x0000000081800000| Untracked 
|  25|0x0000000081900000, 0x0000000081900000, 0x0000000081a00000|  0%| F|  |TAMS 0x0000000081900000, 0x0000000081900000| Untracked 
|  26|0x0000000081a00000, 0x0000000081a00000, 0x0000000081b00000|  0%| F|  |TAMS 0x0000000081a00000, 0x0000000081a00000| Untracked 
|  27|0x0000000081b00000, 0x0000000081b00000, 0x0000000081c00000|  0%| F|  |TAMS 0x0000000081b00000, 0x0000000081b00000| Untracked 
|  28|0x0000000081c00000, 0x0000000081c00000, 0x0000000081d00000|  0%| F|  |TAMS 0x0000000081c00000, 0x0000000081c00000| Untracked 
|  29|0x0000000081d00000, 0x0000000081d00000, 0x0000000081e00000|  0%| F|  |TAMS 0x0000000081d00000, 0x0000000081d00000| Untracked 
|  30|0x0000000081e00000, 0x0000000081e00000, 0x0000000081f00000|  0%| F|  |TAMS 0x0000000081e00000, 0x0000000081e00000| Untracked 
|  31|0x0000000081f00000, 0x0000000081f00000, 0x0000000082000000|  0%| F|  |TAMS 0x0000000081f00000, 0x0000000081f00000| Untracked 
|  32|0x0000000082000000, 0x0000000082000000, 0x0000000082100000|  0%| F|  |TAMS 0x0000000082000000, 0x0000000082000000| Untracked 
|  33|0x0000000082100000, 0x0000000082100000, 0x0000000082200000|  0%| F|  |TAMS 0x0000000082100000, 0x0000000082100000| Untracked 
|  34|0x0000000082200000, 0x0000000082200000, 0x0000000082300000|  0%| F|  |TAMS 0x0000000082200000, 0x0000000082200000| Untracked 
|  35|0x0000000082300000, 0x0000000082300000, 0x0000000082400000|  0%| F|  |TAMS 0x0000000082300000, 0x0000000082300000| Untracked 
|  36|0x0000000082400000, 0x0000000082400000, 0x0000000082500000|  0%| F|  |TAMS 0x0000000082400000, 0x0000000082400000| Untracked 
|  37|0x0000000082500000, 0x0000000082500000, 0x0000000082600000|  0%| F|  |TAMS 0x0000000082500000, 0x0000000082500000| Untracked 
|  38|0x0000000082600000, 0x00000000826d8e80, 0x0000000082700000| 84%| S|CS|TAMS 0x0000000082600000, 0x0000000082600000| Complete 
|  39|0x0000000082700000, 0x0000000082800000, 0x0000000082800000|100%| S|CS|TAMS 0x0000000082700000, 0x0000000082700000| Complete 
|  40|0x0000000082800000, 0x0000000082900000, 0x0000000082900000|100%| S|CS|TAMS 0x0000000082800000, 0x0000000082800000| Complete 
|  41|0x0000000082900000, 0x0000000082900000, 0x0000000082a00000|  0%| F|  |TAMS 0x0000000082900000, 0x0000000082900000| Untracked 
|  42|0x0000000082a00000, 0x0000000082a00000, 0x0000000082b00000|  0%| F|  |TAMS 0x0000000082a00000, 0x0000000082a00000| Untracked 
|  43|0x0000000082b00000, 0x0000000082b00000, 0x0000000082c00000|  0%| F|  |TAMS 0x0000000082b00000, 0x0000000082b00000| Untracked 
|  44|0x0000000082c00000, 0x0000000082d00000, 0x0000000082d00000|100%| S|CS|TAMS 0x0000000082c00000, 0x0000000082c00000| Complete 
|  45|0x0000000082d00000, 0x0000000082d00000, 0x0000000082e00000|  0%| F|  |TAMS 0x0000000082d00000, 0x0000000082d00000| Untracked 
|  46|0x0000000082e00000, 0x0000000082e00000, 0x0000000082f00000|  0%| F|  |TAMS 0x0000000082e00000, 0x0000000082e00000| Untracked 
|  47|0x0000000082f00000, 0x0000000082f00000, 0x0000000083000000|  0%| F|  |TAMS 0x0000000082f00000, 0x0000000082f00000| Untracked 
|  48|0x0000000083000000, 0x0000000083000000, 0x0000000083100000|  0%| F|  |TAMS 0x0000000083000000, 0x0000000083000000| Untracked 
|  49|0x0000000083100000, 0x0000000083100000, 0x0000000083200000|  0%| F|  |TAMS 0x0000000083100000, 0x0000000083100000| Untracked 
|  50|0x0000000083200000, 0x0000000083200000, 0x0000000083300000|  0%| F|  |TAMS 0x0000000083200000, 0x0000000083200000| Untracked 
|  51|0x0000000083300000, 0x0000000083300000, 0x0000000083400000|  0%| F|  |TAMS 0x0000000083300000, 0x0000000083300000| Untracked 
|  52|0x0000000083400000, 0x0000000083400000, 0x0000000083500000|  0%| F|  |TAMS 0x0000000083400000, 0x0000000083400000| Untracked 
|  53|0x0000000083500000, 0x0000000083500000, 0x0000000083600000|  0%| F|  |TAMS 0x0000000083500000, 0x0000000083500000| Untracked 
|  54|0x0000000083600000, 0x0000000083600000, 0x0000000083700000|  0%| F|  |TAMS 0x0000000083600000, 0x0000000083600000| Untracked 
|  55|0x0000000083700000, 0x0000000083700000, 0x0000000083800000|  0%| F|  |TAMS 0x0000000083700000, 0x0000000083700000| Untracked 
|  56|0x0000000083800000, 0x0000000083800000, 0x0000000083900000|  0%| F|  |TAMS 0x0000000083800000, 0x0000000083800000| Untracked 
|  57|0x0000000083900000, 0x0000000083900000, 0x0000000083a00000|  0%| F|  |TAMS 0x0000000083900000, 0x0000000083900000| Untracked 
|  58|0x0000000083a00000, 0x0000000083a00000, 0x0000000083b00000|  0%| F|  |TAMS 0x0000000083a00000, 0x0000000083a00000| Untracked 
|  59|0x0000000083b00000, 0x0000000083b00000, 0x0000000083c00000|  0%| F|  |TAMS 0x0000000083b00000, 0x0000000083b00000| Untracked 
|  60|0x0000000083c00000, 0x0000000083c00000, 0x0000000083d00000|  0%| F|  |TAMS 0x0000000083c00000, 0x0000000083c00000| Untracked 
|  61|0x0000000083d00000, 0x0000000083d00000, 0x0000000083e00000|  0%| F|  |TAMS 0x0000000083d00000, 0x0000000083d00000| Untracked 
|  62|0x0000000083e00000, 0x0000000083e00000, 0x0000000083f00000|  0%| F|  |TAMS 0x0000000083e00000, 0x0000000083e00000| Untracked 
|  63|0x0000000083f00000, 0x0000000083f00000, 0x0000000084000000|  0%| F|  |TAMS 0x0000000083f00000, 0x0000000083f00000| Untracked 
|  64|0x0000000084000000, 0x0000000084000000, 0x0000000084100000|  0%| F|  |TAMS 0x0000000084000000, 0x0000000084000000| Untracked 
| 106|0x0000000086a00000, 0x0000000086a00000, 0x0000000086b00000|  0%| F|  |TAMS 0x0000000086a00000, 0x0000000086a00000| Untracked 
| 107|0x0000000086b00000, 0x0000000086c00000, 0x0000000086c00000|100%| E|  |TAMS 0x0000000086b00000, 0x0000000086b00000| Complete 
| 108|0x0000000086c00000, 0x0000000086d00000, 0x0000000086d00000|100%| E|  |TAMS 0x0000000086c00000, 0x0000000086c00000| Complete 
| 109|0x0000000086d00000, 0x0000000086e00000, 0x0000000086e00000|100%| E|CS|TAMS 0x0000000086d00000, 0x0000000086d00000| Complete 
| 110|0x0000000086e00000, 0x0000000086f00000, 0x0000000086f00000|100%| E|CS|TAMS 0x0000000086e00000, 0x0000000086e00000| Complete 
| 111|0x0000000086f00000, 0x0000000087000000, 0x0000000087000000|100%| E|CS|TAMS 0x0000000086f00000, 0x0000000086f00000| Complete 
| 112|0x0000000087000000, 0x0000000087100000, 0x0000000087100000|100%| E|CS|TAMS 0x0000000087000000, 0x0000000087000000| Complete 
| 113|0x0000000087100000, 0x0000000087200000, 0x0000000087200000|100%| E|CS|TAMS 0x0000000087100000, 0x0000000087100000| Complete 
| 114|0x0000000087200000, 0x0000000087300000, 0x0000000087300000|100%| E|CS|TAMS 0x0000000087200000, 0x0000000087200000| Complete 
| 115|0x0000000087300000, 0x0000000087400000, 0x0000000087400000|100%| E|CS|TAMS 0x0000000087300000, 0x0000000087300000| Complete 
| 116|0x0000000087400000, 0x0000000087500000, 0x0000000087500000|100%| E|CS|TAMS 0x0000000087400000, 0x0000000087400000| Complete 
| 117|0x0000000087500000, 0x0000000087600000, 0x0000000087600000|100%| E|CS|TAMS 0x0000000087500000, 0x0000000087500000| Complete 
| 221|0x000000008dd00000, 0x000000008de00000, 0x000000008de00000|100%| E|CS|TAMS 0x000000008dd00000, 0x000000008dd00000| Complete 
|2045|0x00000000ffd00000, 0x00000000ffe00000, 0x00000000ffe00000|100%| O|  |TAMS 0x00000000ffd00000, 0x00000000ffd00000| Untracked 
|2046|0x00000000ffe00000, 0x00000000fff00000, 0x00000000fff00000|100%| O|  |TAMS 0x00000000ffe00000, 0x00000000ffe00000| Untracked 
|2047|0x00000000fff00000, 0x0000000100000000, 0x0000000100000000|100%| O|  |TAMS 0x00000000fff00000, 0x00000000fff00000| Untracked 

Card table byte_map: [0x0000027276f60000,0x0000027277360000] _byte_map_base: 0x0000027276b60000

Marking Bits (Prev, Next): (CMBitMap*) 0x000002726e7baca0, (CMBitMap*) 0x000002726e7bac60
 Prev Bits: [0x0000027279760000, 0x000002727b760000)
 Next Bits: [0x0000027277760000, 0x0000027279760000)

Polling page: 0x000002726c8f0000

Metaspace:

Usage:
  Non-class:     26.97 MB used.
      Class:      4.48 MB used.
       Both:     31.46 MB used.

Virtual space:
  Non-class space:       64.00 MB reserved,      27.12 MB ( 42%) committed,  1 nodes.
      Class space:      416.00 MB reserved,       4.62 MB (  1%) committed,  1 nodes.
             Both:      480.00 MB reserved,      31.75 MB (  7%) committed. 

Chunk freelists:
   Non-Class:  4.30 MB
       Class:  11.33 MB
        Both:  15.62 MB

MaxMetaspaceSize: 512.00 MB
CompressedClassSpaceSize: 416.00 MB
Initial GC threshold: 21.00 MB
Current GC threshold: 35.25 MB
CDS: on
MetaspaceReclaimPolicy: balanced
 - commit_granule_bytes: 65536.
 - commit_granule_words: 8192.
 - virtual_space_node_default_size: 8388608.
 - enlarge_chunks_in_place: 1.
 - new_chunks_are_fully_committed: 0.
 - uncommit_free_chunks: 1.
 - use_allocation_guard: 0.
 - handle_deallocations: 1.


Internal statistics:

num_allocs_failed_limit: 3.
num_arena_births: 304.
num_arena_deaths: 0.
num_vsnodes_births: 2.
num_vsnodes_deaths: 0.
num_space_committed: 508.
num_space_uncommitted: 0.
num_chunks_returned_to_freelist: 3.
num_chunks_taken_from_freelist: 1453.
num_chunk_merges: 3.
num_chunk_splits: 1003.
num_chunks_enlarged: 754.
num_inconsistent_stats: 0.

CodeHeap 'non-profiled nmethods': size=119168Kb used=3121Kb max_used=3121Kb free=116046Kb
 bounds [0x0000027207ba0000, 0x0000027207eb0000, 0x000002720f000000]
CodeHeap 'profiled nmethods': size=119104Kb used=9696Kb max_used=9696Kb free=109407Kb
 bounds [0x0000027200000000, 0x0000027200980000, 0x0000027207450000]
CodeHeap 'non-nmethods': size=7488Kb used=3286Kb max_used=3317Kb free=4201Kb
 bounds [0x0000027207450000, 0x00000272077a0000, 0x0000027207ba0000]
 total_blobs=5337 nmethods=4669 adapters=576
 compilation: enabled
              stopped_count=0, restarted_count=0
 full_count=0

Compilation events (20 events):
Event: 26.440 Thread 0x0000027234820890 nmethod 4661 0x0000027207e9dc10 code [0x0000027207e9dda0, 0x0000027207e9de78]
Event: 26.444 Thread 0x0000027234820890 4662       3       org.codehaus.groovy.ast.MethodNode::<init> (48 bytes)
Event: 26.444 Thread 0x00000272311fbe40 4664       3       org.codehaus.groovy.ast.MethodNode::setParameters (93 bytes)
Event: 26.445 Thread 0x000002727e874df0 4663       3       org.codehaus.groovy.ast.MethodNode::setReturnType (41 bytes)
Event: 26.445 Thread 0x000002727e874df0 nmethod 4663 0x0000027200973710 code [0x00000272009738c0, 0x0000027200973b78]
Event: 26.445 Thread 0x0000027234820890 nmethod 4662 0x0000027200973c10 code [0x0000027200973e00, 0x0000027200974428]
Event: 26.446 Thread 0x000002727e874df0 4666       3       org.codehaus.groovy.ast.ClassNode::addMethod (57 bytes)
Event: 26.446 Thread 0x0000027230a67a50 4667       3       org.codehaus.groovy.ast.ClassNode$MapOfLists::put (44 bytes)
Event: 26.446 Thread 0x00000272311fbe40 nmethod 4664 0x0000027200974610 code [0x0000027200974840, 0x0000027200975168]
Event: 26.446 Thread 0x00000272311fbe40 4668       3       org.codehaus.groovy.ast.stmt.ReturnStatement::<init> (10 bytes)
Event: 26.446 Thread 0x00000272311fbe40 nmethod 4668 0x0000027200975410 code [0x00000272009755c0, 0x0000027200975878]
Event: 26.447 Thread 0x000002727e874df0 nmethod 4666 0x0000027200975990 code [0x0000027200975be0, 0x00000272009766d8]
Event: 26.447 Thread 0x0000027230a67a50 nmethod 4667 0x0000027200976a10 code [0x0000027200976c20, 0x00000272009773f8]
Event: 26.451 Thread 0x000002727e874df0 4670       3       org.codehaus.groovy.util.AbstractConcurrentMapBase::hash (36 bytes)
Event: 26.452 Thread 0x000002727e874df0 nmethod 4670 0x0000027200977610 code [0x00000272009777c0, 0x0000027200977908]
Event: 26.452 Thread 0x00000272311fbe40 4671       3       org.codehaus.groovy.util.AbstractConcurrentMap::segmentFor (9 bytes)
Event: 26.452 Thread 0x000002727e874df0 4672       3       org.codehaus.groovy.util.AbstractConcurrentMapBase::segmentFor (17 bytes)
Event: 26.453 Thread 0x000002727e874df0 nmethod 4672 0x0000027200977990 code [0x0000027200977b20, 0x0000027200977c58]
Event: 26.453 Thread 0x00000272311fbe40 nmethod 4671 0x0000027200977d10 code [0x0000027200977ec0, 0x0000027200978158]
Event: 26.453 Thread 0x000002727e874df0 4673       3       org.codehaus.groovy.vmplugin.v8.Java8::configureTypeVariable (43 bytes)

GC Heap History (12 events):
Event: 2.991 GC heap before
{Heap before GC invocations=0 (full 0):
 garbage-first heap   total 227328K, used 26624K [0x0000000080000000, 0x0000000100000000)
  region size 1024K, 23 young (23552K), 0 survivors (0K)
 Metaspace       used 3055K, committed 3200K, reserved 491520K
  class space    used 380K, committed 448K, reserved 425984K
}
Event: 3.002 GC heap after
{Heap after GC invocations=1 (full 0):
 garbage-first heap   total 227328K, used 10106K [0x0000000080000000, 0x0000000100000000)
  region size 1024K, 3 young (3072K), 3 survivors (3072K)
 Metaspace       used 3055K, committed 3200K, reserved 491520K
  class space    used 380K, committed 448K, reserved 425984K
}
Event: 5.728 GC heap before
{Heap before GC invocations=1 (full 0):
 garbage-first heap   total 227328K, used 39802K [0x0000000080000000, 0x0000000100000000)
  region size 1024K, 31 young (31744K), 3 survivors (3072K)
 Metaspace       used 3972K, committed 4160K, reserved 491520K
  class space    used 476K, committed 576K, reserved 425984K
}
Event: 5.735 GC heap after
{Heap after GC invocations=2 (full 0):
 garbage-first heap   total 227328K, used 13127K [0x0000000080000000, 0x0000000100000000)
  region size 1024K, 3 young (3072K), 3 survivors (3072K)
 Metaspace       used 3972K, committed 4160K, reserved 491520K
  class space    used 476K, committed 576K, reserved 425984K
}
Event: 13.653 GC heap before
{Heap before GC invocations=2 (full 0):
 garbage-first heap   total 227328K, used 115527K [0x0000000080000000, 0x0000000100000000)
  region size 1024K, 104 young (106496K), 3 survivors (3072K)
 Metaspace       used 21130K, committed 21504K, reserved 491520K
  class space    used 3119K, committed 3328K, reserved 425984K
}
Event: 13.673 GC heap after
{Heap after GC invocations=3 (full 0):
 garbage-first heap   total 227328K, used 22239K [0x0000000080000000, 0x0000000100000000)
  region size 1024K, 12 young (12288K), 12 survivors (12288K)
 Metaspace       used 21130K, committed 21504K, reserved 491520K
  class space    used 3119K, committed 3328K, reserved 425984K
}
Event: 18.793 GC heap before
{Heap before GC invocations=4 (full 0):
 garbage-first heap   total 78848K, used 64223K [0x0000000080000000, 0x0000000100000000)
  region size 1024K, 55 young (56320K), 12 survivors (12288K)
 Metaspace       used 26971K, committed 27328K, reserved 491520K
  class space    used 3862K, committed 4032K, reserved 425984K
}
Event: 18.813 GC heap after
{Heap after GC invocations=5 (full 0):
 garbage-first heap   total 82944K, used 25214K [0x0000000080000000, 0x0000000100000000)
  region size 1024K, 4 young (4096K), 4 survivors (4096K)
 Metaspace       used 26971K, committed 27328K, reserved 491520K
  class space    used 3862K, committed 4032K, reserved 425984K
}
Event: 23.210 GC heap before
{Heap before GC invocations=5 (full 0):
 garbage-first heap   total 82944K, used 57982K [0x0000000080000000, 0x0000000100000000)
  region size 1024K, 37 young (37888K), 4 survivors (4096K)
 Metaspace       used 29784K, committed 30144K, reserved 491520K
  class space    used 4306K, committed 4480K, reserved 425984K
}
Event: 23.217 GC heap after
{Heap after GC invocations=6 (full 0):
 garbage-first heap   total 82944K, used 26919K [0x0000000080000000, 0x0000000100000000)
  region size 1024K, 3 young (3072K), 3 survivors (3072K)
 Metaspace       used 29784K, committed 30144K, reserved 491520K
  class space    used 4306K, committed 4480K, reserved 425984K
}
Event: 25.357 GC heap before
{Heap before GC invocations=6 (full 0):
 garbage-first heap   total 82944K, used 60711K [0x0000000080000000, 0x0000000100000000)
  region size 1024K, 36 young (36864K), 3 survivors (3072K)
 Metaspace       used 31391K, committed 31808K, reserved 491520K
  class space    used 4520K, committed 4672K, reserved 425984K
}
Event: 25.366 GC heap after
{Heap after GC invocations=7 (full 0):
 garbage-first heap   total 82944K, used 28273K [0x0000000080000000, 0x0000000100000000)
  region size 1024K, 4 young (4096K), 4 survivors (4096K)
 Metaspace       used 31391K, committed 31808K, reserved 491520K
  class space    used 4520K, committed 4672K, reserved 425984K
}

Dll operation events (13 events):
Event: 0.034 Loaded shared library C:\Program Files\Eclipse Adoptium\jdk-17.0.19.10-hotspot\bin\java.dll
Event: 0.083 Loaded shared library C:\Program Files\Eclipse Adoptium\jdk-17.0.19.10-hotspot\bin\jsvml.dll
Event: 0.257 Loaded shared library C:\Program Files\Eclipse Adoptium\jdk-17.0.19.10-hotspot\bin\net.dll
Event: 0.264 Loaded shared library C:\Program Files\Eclipse Adoptium\jdk-17.0.19.10-hotspot\bin\nio.dll
Event: 0.280 Loaded shared library C:\Program Files\Eclipse Adoptium\jdk-17.0.19.10-hotspot\bin\zip.dll
Event: 1.141 Loaded shared library C:\Program Files\Eclipse Adoptium\jdk-17.0.19.10-hotspot\bin\jimage.dll
Event: 1.636 Loaded shared library C:\Program Files\Eclipse Adoptium\jdk-17.0.19.10-hotspot\bin\verify.dll
Event: 2.408 Loaded shared library C:\Users\Albin\.gradle\native\68d5fa5c4cc2d200863cafc0d521ce42e7d3e7ee720ec0a83991735586a16f82\windows-amd64\native-platform.dll
Event: 2.428 Loaded shared library C:\Users\Albin\.gradle\native\e376f236ea51e6404a007f0833ffe2c6e607c4080706a723a18a27aeea778392\windows-amd64\native-platform-file-events.dll
Event: 6.621 Loaded shared library C:\Program Files\Eclipse Adoptium\jdk-17.0.19.10-hotspot\bin\management.dll
Event: 6.631 Loaded shared library C:\Program Files\Eclipse Adoptium\jdk-17.0.19.10-hotspot\bin\management_ext.dll
Event: 7.535 Loaded shared library C:\Program Files\Eclipse Adoptium\jdk-17.0.19.10-hotspot\bin\extnet.dll
Event: 8.384 Loaded shared library C:\Program Files\Eclipse Adoptium\jdk-17.0.19.10-hotspot\bin\sunmscapi.dll

Deoptimization events (20 events):
Event: 25.653 Thread 0x000002727e8680f0 DEOPT PACKING pc=0x0000027207d132cc sp=0x000000e2926f8340
Event: 25.653 Thread 0x000002727e8680f0 DEOPT UNPACKING pc=0x00000272074a69a3 sp=0x000000e2926f82e0 mode 2
Event: 25.772 Thread 0x000002727e8680f0 Uncommon trap: trap_request=0xffffffc6 fr.pc=0x0000027207d132cc relative=0x000000000000428c
Event: 25.772 Thread 0x000002727e8680f0 Uncommon trap: reason=bimorphic_or_optimized_type_check action=maybe_recompile pc=0x0000027207d132cc method=java.net.URL.<init>(Ljava/net/URL;Ljava/lang/String;Ljava/net/URLStreamHandler;)V @ 504 c2
Event: 25.772 Thread 0x000002727e8680f0 DEOPT PACKING pc=0x0000027207d132cc sp=0x000000e2926f7c00
Event: 25.773 Thread 0x000002727e8680f0 DEOPT UNPACKING pc=0x00000272074a69a3 sp=0x000000e2926f7ba0 mode 2
Event: 25.813 Thread 0x000002727e8680f0 Uncommon trap: trap_request=0xffffffc6 fr.pc=0x0000027207d132cc relative=0x000000000000428c
Event: 25.813 Thread 0x000002727e8680f0 Uncommon trap: reason=bimorphic_or_optimized_type_check action=maybe_recompile pc=0x0000027207d132cc method=java.net.URL.<init>(Ljava/net/URL;Ljava/lang/String;Ljava/net/URLStreamHandler;)V @ 504 c2
Event: 25.813 Thread 0x000002727e8680f0 DEOPT PACKING pc=0x0000027207d132cc sp=0x000000e2926f7e10
Event: 25.813 Thread 0x000002727e8680f0 DEOPT UNPACKING pc=0x00000272074a69a3 sp=0x000000e2926f7db0 mode 2
Event: 26.205 Thread 0x000002727e8680f0 DEOPT PACKING pc=0x000002720044917c sp=0x000000e2926f7b10
Event: 26.205 Thread 0x000002727e8680f0 DEOPT UNPACKING pc=0x00000272074a7143 sp=0x000000e2926f7090 mode 0
Event: 26.243 Thread 0x000002727e8680f0 Uncommon trap: trap_request=0xffffff45 fr.pc=0x0000027207e94be0 relative=0x0000000000001020
Event: 26.243 Thread 0x000002727e8680f0 Uncommon trap: reason=unstable_if action=reinterpret pc=0x0000027207e94be0 method=jdk.internal.jimage.ImageStringsReader.stringFromByteBufferMatches(Ljava/nio/ByteBuffer;ILjava/lang/String;I)I @ 48 c2
Event: 26.243 Thread 0x000002727e8680f0 DEOPT PACKING pc=0x0000027207e94be0 sp=0x000000e2926f7d00
Event: 26.243 Thread 0x000002727e8680f0 DEOPT UNPACKING pc=0x00000272074a69a3 sp=0x000000e2926f7a58 mode 2
Event: 26.411 Thread 0x000002727e8680f0 Uncommon trap: trap_request=0xffffff45 fr.pc=0x0000027207cbb5cc relative=0x00000000000061cc
Event: 26.411 Thread 0x000002727e8680f0 Uncommon trap: reason=unstable_if action=reinterpret pc=0x0000027207cbb5cc method=jdk.internal.org.objectweb.asm.SymbolTable.addType(Ljava/lang/String;)I @ 33 c2
Event: 26.411 Thread 0x000002727e8680f0 DEOPT PACKING pc=0x0000027207cbb5cc sp=0x000000e2926f7590
Event: 26.411 Thread 0x000002727e8680f0 DEOPT UNPACKING pc=0x00000272074a69a3 sp=0x000000e2926f74b8 mode 2

Classes loaded (20 events):
Event: 25.963 Loading class java/net/HashSet
Event: 25.963 Loading class java/net/HashSet done
Event: 25.984 Loading class java/lang/List
Event: 25.984 Loading class java/lang/List done
Event: 26.003 Loading class java/io/List
Event: 26.003 Loading class java/io/List done
Event: 26.018 Loading class java/net/List
Event: 26.018 Loading class java/net/List done
Event: 26.030 Loading class java/lang/LinkedList
Event: 26.030 Loading class java/lang/LinkedList done
Event: 26.057 Loading class java/io/LinkedList
Event: 26.057 Loading class java/io/LinkedList done
Event: 26.065 Loading class java/net/LinkedList
Event: 26.065 Loading class java/net/LinkedList done
Event: 26.408 Loading class jdk/internal/vm/annotation/Stable
Event: 26.409 Loading class jdk/internal/vm/annotation/Stable done
Event: 26.413 Loading class sun/reflect/generics/repository/FieldRepository
Event: 26.417 Loading class sun/reflect/generics/repository/FieldRepository done
Event: 26.440 Loading class jdk/internal/vm/annotation/ForceInline
Event: 26.440 Loading class jdk/internal/vm/annotation/ForceInline done

Classes unloaded (0 events):
No events

Classes redefined (0 events):
No events

Internal exceptions (20 events):
Event: 14.721 Thread 0x000002727e8680f0 Exception <a 'java/lang/NoSuchMethodError'{0x000000008300cdb8}: 'java.lang.Object java.lang.invoke.Invokers$Holder.linkToTargetMethod(java.lang.Object, java.lang.Object, java.lang.Object, java.lang.Object, java.lang.Object, java.lang.Object, java.lang.Object, java.lang.Object)'> (0x000000008300cdb8) 
thrown [s\src\hotspot\share\interpreter\linkResolver.cpp, line 759]
Event: 14.751 Thread 0x000002727e8680f0 Exception <a 'java/lang/IncompatibleClassChangeError'{0x000000008306e520}: Found class java.lang.Object, but interface was expected> (0x000000008306e520) 
thrown [s\src\hotspot\share\interpreter\linkResolver.cpp, line 826]
Event: 16.276 Thread 0x000002727e8680f0 Exception <a 'java/lang/NoSuchMethodError'{0x00000000826fa180}: 'void java.lang.invoke.DirectMethodHandle$Holder.invokeStaticInit(java.lang.Object, java.lang.Object, java.lang.Object)'> (0x00000000826fa180) 
thrown [s\src\hotspot\share\interpreter\linkResolver.cpp, line 759]
Event: 16.279 Thread 0x000002727e8680f0 Exception <a 'java/lang/NoSuchMethodError'{0x0000000082501a48}: 'void java.lang.invoke.DirectMethodHandle$Holder.invokeStaticInit(java.lang.Object, java.lang.Object, java.lang.Object, java.lang.Object)'> (0x0000000082501a48) 
thrown [s\src\hotspot\share\interpreter\linkResolver.cpp, line 759]
Event: 16.294 Thread 0x000002727e8680f0 Exception <a 'java/lang/NoSuchMethodError'{0x0000000082523e08}: 'void java.lang.invoke.DirectMethodHandle$Holder.invokeStaticInit(java.lang.Object, java.lang.Object, java.lang.Object, java.lang.Object, java.lang.Object)'> (0x0000000082523e08) 
thrown [s\src\hotspot\share\interpreter\linkResolver.cpp, line 759]
Event: 16.296 Thread 0x000002727e8680f0 Exception <a 'java/lang/NoSuchMethodError'{0x000000008252bbd0}: 'int java.lang.invoke.DirectMethodHandle$Holder.invokeStaticInit(java.lang.Object, java.lang.Object, java.lang.Object)'> (0x000000008252bbd0) 
thrown [s\src\hotspot\share\interpreter\linkResolver.cpp, line 759]
Event: 18.156 Thread 0x000002727e8680f0 Exception <a 'java/lang/NoSuchMethodError'{0x0000000082198f90}: 'java.lang.Object java.lang.invoke.DirectMethodHandle$Holder.invokeStatic(java.lang.Object, int, java.lang.Object)'> (0x0000000082198f90) 
thrown [s\src\hotspot\share\interpreter\linkResolver.cpp, line 759]
Event: 18.359 Thread 0x000002727e866290 Implicit null exception at 0x0000027207bf4d72 to 0x0000027207bf5340
Event: 18.360 Thread 0x000002727e866290 Implicit null exception at 0x0000027207bdc572 to 0x0000027207bdcb50
Event: 19.311 Thread 0x000002727e8680f0 Exception <a 'java/lang/NoSuchMethodError'{0x00000000871cb938}: 'void java.lang.invoke.DirectMethodHandle$Holder.invokeVirtual(java.lang.Object, java.lang.Object)'> (0x00000000871cb938) 
thrown [s\src\hotspot\share\interpreter\linkResolver.cpp, line 759]
Event: 24.844 Thread 0x000002727e8680f0 Exception <a 'java/lang/NoSuchMethodError'{0x00000000832bcee8}: 'java.lang.Object java.lang.invoke.DirectMethodHandle$Holder.newInvokeSpecial(java.lang.Object, java.lang.Object, long)'> (0x00000000832bcee8) 
thrown [s\src\hotspot\share\interpreter\linkResolver.cpp, line 759]
Event: 24.845 Thread 0x000002727e8680f0 Exception <a 'java/lang/NoSuchMethodError'{0x00000000832c14f8}: 'java.lang.Object java.lang.invoke.Invokers$Holder.linkToTargetMethod(java.lang.Object, long, java.lang.Object)'> (0x00000000832c14f8) 
thrown [s\src\hotspot\share\interpreter\linkResolver.cpp, line 759]
Event: 24.925 Thread 0x000002727e8680f0 Exception <a 'java/lang/NoSuchMethodError'{0x00000000831bcbd8}: 'int java.lang.invoke.DirectMethodHandle$Holder.invokeInterface(java.lang.Object, java.lang.Object)'> (0x00000000831bcbd8) 
thrown [s\src\hotspot\share\interpreter\linkResolver.cpp, line 759]
Event: 24.937 Thread 0x000002727e8680f0 Exception <a 'java/lang/NoSuchMethodError'{0x00000000831e3fa8}: 'java.lang.Object java.lang.invoke.DirectMethodHandle$Holder.newInvokeSpecial(java.lang.Object, java.lang.Object, int, java.lang.Object)'> (0x00000000831e3fa8) 
thrown [s\src\hotspot\share\interpreter\linkResolver.cpp, line 759]
Event: 24.939 Thread 0x000002727e8680f0 Exception <a 'java/lang/NoSuchMethodError'{0x00000000831e8890}: 'java.lang.Object java.lang.invoke.DirectMethodHandle$Holder.invokeSpecial(java.lang.Object, java.lang.Object, java.lang.Object, int, java.lang.Object)'> (0x00000000831e8890) 
thrown [s\src\hotspot\share\interpreter\linkResolver.cpp, line 759]
Event: 24.964 Thread 0x000002722fdc5e60 Exception <a 'sun/nio/fs/WindowsException'{0x000000008300f5d8}> (0x000000008300f5d8) 
thrown [s\src\hotspot\share\prims\jni.cpp, line 516]
Event: 25.025 Thread 0x000002722fdc5e60 Exception <a 'sun/nio/fs/WindowsException'{0x000000008308ac28}> (0x000000008308ac28) 
thrown [s\src\hotspot\share\prims\jni.cpp, line 516]
Event: 25.032 Thread 0x000002722fdc5e60 Exception <a 'sun/nio/fs/WindowsException'{0x000000008308ae38}> (0x000000008308ae38) 
thrown [s\src\hotspot\share\prims\jni.cpp, line 516]
Event: 25.343 Thread 0x000002727e8680f0 Exception <a 'java/lang/NoSuchMethodError'{0x0000000082dd03b8}: 'void java.lang.invoke.DirectMethodHandle$Holder.invokeSpecialIFC(java.lang.Object, java.lang.Object, java.lang.Object)'> (0x0000000082dd03b8) 
thrown [s\src\hotspot\share\interpreter\linkResolver.cpp, line 759]
Event: 25.593 Thread 0x000002727e8680f0 Implicit null exception at 0x0000027207bf65af to 0x0000027207bf669c

VM Operations (20 events):
Event: 25.016 Executing VM operation: HandshakeAllThreads
Event: 25.016 Executing VM operation: HandshakeAllThreads done
Event: 25.089 Executing VM operation: HandshakeAllThreads
Event: 25.089 Executing VM operation: HandshakeAllThreads done
Event: 25.202 Executing VM operation: ICBufferFull
Event: 25.202 Executing VM operation: ICBufferFull done
Event: 25.356 Executing VM operation: G1CollectForAllocation
Event: 25.366 Executing VM operation: G1CollectForAllocation done
Event: 25.651 Executing VM operation: HandshakeAllThreads
Event: 25.652 Executing VM operation: HandshakeAllThreads done
Event: 26.156 Executing VM operation: HandshakeAllThreads
Event: 26.156 Executing VM operation: HandshakeAllThreads done
Event: 26.159 Executing VM operation: HandshakeAllThreads
Event: 26.159 Executing VM operation: HandshakeAllThreads done
Event: 26.176 Executing VM operation: HandshakeAllThreads
Event: 26.176 Executing VM operation: HandshakeAllThreads done
Event: 26.411 Executing VM operation: HandshakeAllThreads
Event: 26.411 Executing VM operation: HandshakeAllThreads done
Event: 26.411 Executing VM operation: Cleanup
Event: 26.411 Executing VM operation: Cleanup done

Memory protections (0 events):
No events

Nmethod flushes (0 events):
No events

Events (20 events):
Event: 22.108 Thread 0x000002727e874df0 Thread added: 0x0000027232020030
Event: 22.324 Thread 0x000002727e874df0 Thread added: 0x000002722ef00990
Event: 22.728 Thread 0x000002727e991e60 Thread added: 0x000002727f389fc0
Event: 22.884 Thread 0x000002727e874df0 Thread added: 0x0000027231330d70
Event: 23.413 Thread 0x000002727f389fc0 Thread added: 0x00000272311f30c0
Event: 24.339 Thread 0x000002727e991e60 Thread exited: 0x000002727e991e60
Event: 24.656 Thread 0x0000027232020030 Thread added: 0x0000027230a67a50
Event: 24.658 Thread 0x000002727e874df0 Thread added: 0x0000027234820890
Event: 24.658 Thread 0x000002727e874df0 Thread added: 0x00000272311fbe40
Event: 24.939 Thread 0x00000272311f30c0 Thread exited: 0x00000272311f30c0
Event: 24.943 Thread 0x000002727e8680f0 Thread added: 0x000002722fdc5e60
Event: 25.032 Thread 0x0000027231330d70 Thread exited: 0x0000027231330d70
Event: 25.032 Thread 0x000002727f389fc0 Thread exited: 0x000002727f389fc0
Event: 25.044 Thread 0x000002722ef00990 Thread exited: 0x000002722ef00990
Event: 25.044 Thread 0x0000027232020030 Thread exited: 0x0000027232020030
Event: 25.234 Thread 0x000002727e874df0 Thread added: 0x000002722eeb6250
Event: 25.287 Thread 0x0000027230a67a50 Thread added: 0x000002722e9fbb80
Event: 25.442 Thread 0x000002722e9fbb80 Thread exited: 0x000002722e9fbb80
Event: 25.459 Thread 0x000002722eeb6250 Thread exited: 0x000002722eeb6250
Event: 25.568 Thread 0x000002727e874df0 Thread added: 0x0000027233bc2010


Dynamic libraries:
0x00007ff72f8a0000 - 0x00007ff72f8ae000 	C:\Program Files\Eclipse Adoptium\jdk-17.0.19.10-hotspot\bin\java.exe
0x00007ffd713e0000 - 0x00007ffd71646000 	C:\WINDOWS\SYSTEM32\ntdll.dll
0x00007ffd70af0000 - 0x00007ffd70bb9000 	C:\WINDOWS\System32\KERNEL32.DLL
0x00007ffd6e940000 - 0x00007ffd6ed3a000 	C:\WINDOWS\System32\KERNELBASE.dll
0x00007ffd6a760000 - 0x00007ffd6a800000 	C:\WINDOWS\SYSTEM32\apphelp.dll
0x00007ffd6e7f0000 - 0x00007ffd6e93c000 	C:\WINDOWS\System32\ucrtbase.dll
0x00007ffd61750000 - 0x00007ffd61768000 	C:\Program Files\Eclipse Adoptium\jdk-17.0.19.10-hotspot\bin\jli.dll
0x00007ffd5e410000 - 0x00007ffd5e42e000 	C:\Program Files\Eclipse Adoptium\jdk-17.0.19.10-hotspot\bin\VCRUNTIME140.dll
0x00007ffd6f1d0000 - 0x00007ffd6f397000 	C:\WINDOWS\System32\USER32.dll
0x00007ffd6eea0000 - 0x00007ffd6eec7000 	C:\WINDOWS\System32\win32u.dll
0x00007ffd52c50000 - 0x00007ffd52ee2000 	C:\WINDOWS\WinSxS\amd64_microsoft.windows.common-controls_6595b64144ccf1df_6.0.26100.8521_none_3e08b75ce33403b3\COMCTL32.dll
0x00007ffd6f3a0000 - 0x00007ffd6f3cb000 	C:\WINDOWS\System32\GDI32.dll
0x00007ffd6fcc0000 - 0x00007ffd6fd69000 	C:\WINDOWS\System32\msvcrt.dll
0x00007ffd6ef90000 - 0x00007ffd6f0bb000 	C:\WINDOWS\System32\gdi32full.dll
0x00007ffd6edf0000 - 0x00007ffd6ee93000 	C:\WINDOWS\System32\msvcp_win.dll
0x00007ffd703e0000 - 0x00007ffd70412000 	C:\WINDOWS\System32\IMM32.DLL
0x00007ffd40410000 - 0x00007ffd4041c000 	C:\Program Files\Eclipse Adoptium\jdk-17.0.19.10-hotspot\bin\vcruntime140_1.dll
0x00007ffd059e0000 - 0x00007ffd05a6d000 	C:\Program Files\Eclipse Adoptium\jdk-17.0.19.10-hotspot\bin\msvcp140.dll
0x00007ffcd2600000 - 0x00007ffcd326c000 	C:\Program Files\Eclipse Adoptium\jdk-17.0.19.10-hotspot\bin\server\jvm.dll
0x00007ffd70bd0000 - 0x00007ffd70c86000 	C:\WINDOWS\System32\ADVAPI32.dll
0x00007ffd71280000 - 0x00007ffd7132a000 	C:\WINDOWS\System32\sechost.dll
0x00007ffd71160000 - 0x00007ffd71278000 	C:\WINDOWS\System32\RPCRT4.dll
0x00007ffd70590000 - 0x00007ffd70610000 	C:\WINDOWS\System32\WS2_32.dll
0x00007ffd6e4d0000 - 0x00007ffd6e52e000 	C:\WINDOWS\SYSTEM32\POWRPROF.dll
0x00007ffd676e0000 - 0x00007ffd676eb000 	C:\WINDOWS\SYSTEM32\VERSION.dll
0x00007ffd65fd0000 - 0x00007ffd66006000 	C:\WINDOWS\SYSTEM32\WINMM.dll
0x00007ffd6e4b0000 - 0x00007ffd6e4c4000 	C:\WINDOWS\SYSTEM32\UMPDC.dll
0x00007ffd6d400000 - 0x00007ffd6d41b000 	C:\WINDOWS\SYSTEM32\kernel.appcore.dll
0x00007ffd401e0000 - 0x00007ffd401ea000 	C:\Program Files\Eclipse Adoptium\jdk-17.0.19.10-hotspot\bin\jimage.dll
0x00007ffd6ba30000 - 0x00007ffd6bc72000 	C:\WINDOWS\SYSTEM32\DBGHELP.DLL
0x00007ffd70620000 - 0x00007ffd709a3000 	C:\WINDOWS\System32\combase.dll
0x00007ffd70490000 - 0x00007ffd70569000 	C:\WINDOWS\System32\OLEAUT32.dll
0x00007ffd54200000 - 0x00007ffd5423b000 	C:\WINDOWS\SYSTEM32\dbgcore.DLL
0x00007ffd6ed40000 - 0x00007ffd6ede8000 	C:\WINDOWS\System32\bcryptPrimitives.dll
0x00007ffd38120000 - 0x00007ffd38145000 	C:\Program Files\Eclipse Adoptium\jdk-17.0.19.10-hotspot\bin\java.dll
0x00007ffd003d0000 - 0x00007ffd004a7000 	C:\Program Files\Eclipse Adoptium\jdk-17.0.19.10-hotspot\bin\jsvml.dll
0x00007ffd6f3d0000 - 0x00007ffd6fb54000 	C:\WINDOWS\System32\SHELL32.dll
0x00007ffd6c230000 - 0x00007ffd6cab0000 	C:\WINDOWS\SYSTEM32\windows.storage.dll
0x00007ffd702e0000 - 0x00007ffd703d6000 	C:\WINDOWS\System32\SHCORE.dll
0x00007ffd70420000 - 0x00007ffd70487000 	C:\WINDOWS\System32\shlwapi.dll
0x00007ffd6e590000 - 0x00007ffd6e5b9000 	C:\WINDOWS\SYSTEM32\profapi.dll
0x00007ffd373f0000 - 0x00007ffd3740a000 	C:\Program Files\Eclipse Adoptium\jdk-17.0.19.10-hotspot\bin\net.dll
0x00007ffd661d0000 - 0x00007ffd662f9000 	C:\WINDOWS\SYSTEM32\WINHTTP.dll
0x00007ffd6d970000 - 0x00007ffd6d9dc000 	C:\WINDOWS\system32\mswsock.dll
0x00007ffd36980000 - 0x00007ffd36996000 	C:\Program Files\Eclipse Adoptium\jdk-17.0.19.10-hotspot\bin\nio.dll
0x00007ffd36960000 - 0x00007ffd36978000 	C:\Program Files\Eclipse Adoptium\jdk-17.0.19.10-hotspot\bin\zip.dll
0x00007ffd3fab0000 - 0x00007ffd3fac0000 	C:\Program Files\Eclipse Adoptium\jdk-17.0.19.10-hotspot\bin\verify.dll
0x00007ffd46e40000 - 0x00007ffd46e67000 	C:\Users\Albin\.gradle\native\68d5fa5c4cc2d200863cafc0d521ce42e7d3e7ee720ec0a83991735586a16f82\windows-amd64\native-platform.dll
0x00007ffcee880000 - 0x00007ffcee9c4000 	C:\Users\Albin\.gradle\native\e376f236ea51e6404a007f0833ffe2c6e607c4080706a723a18a27aeea778392\windows-amd64\native-platform-file-events.dll
0x00007ffd3fcb0000 - 0x00007ffd3fcba000 	C:\Program Files\Eclipse Adoptium\jdk-17.0.19.10-hotspot\bin\management.dll
0x00007ffd3c6a0000 - 0x00007ffd3c6ac000 	C:\Program Files\Eclipse Adoptium\jdk-17.0.19.10-hotspot\bin\management_ext.dll
0x00007ffd71330000 - 0x00007ffd71338000 	C:\WINDOWS\System32\PSAPI.DLL
0x00007ffd6dc50000 - 0x00007ffd6dc6b000 	C:\WINDOWS\SYSTEM32\CRYPTSP.dll
0x00007ffd6d360000 - 0x00007ffd6d399000 	C:\WINDOWS\system32\rsaenh.dll
0x00007ffd6da20000 - 0x00007ffd6da53000 	C:\WINDOWS\SYSTEM32\USERENV.dll
0x00007ffd6e560000 - 0x00007ffd6e58a000 	C:\WINDOWS\SYSTEM32\bcrypt.dll
0x00007ffd6dc70000 - 0x00007ffd6dc7c000 	C:\WINDOWS\SYSTEM32\CRYPTBASE.dll
0x00007ffd6cdd0000 - 0x00007ffd6ce03000 	C:\WINDOWS\SYSTEM32\IPHLPAPI.DLL
0x00007ffd70bc0000 - 0x00007ffd70bca000 	C:\WINDOWS\System32\NSI.dll
0x00007ffd666c0000 - 0x00007ffd666dd000 	C:\WINDOWS\SYSTEM32\dhcpcsvc6.DLL
0x00007ffd65fa0000 - 0x00007ffd65fc5000 	C:\WINDOWS\SYSTEM32\dhcpcsvc.DLL
0x00007ffd6ce10000 - 0x00007ffd6cf5a000 	C:\WINDOWS\SYSTEM32\DNSAPI.dll
0x00007ffd6d770000 - 0x00007ffd6d77d000 	C:\WINDOWS\SYSTEM32\DSPARSE.dll
0x00007ffd3bb60000 - 0x00007ffd3bb69000 	C:\Program Files\Eclipse Adoptium\jdk-17.0.19.10-hotspot\bin\extnet.dll
0x00007ffd3aa70000 - 0x00007ffd3aa7e000 	C:\Program Files\Eclipse Adoptium\jdk-17.0.19.10-hotspot\bin\sunmscapi.dll
0x00007ffd6e670000 - 0x00007ffd6e7e8000 	C:\WINDOWS\System32\CRYPT32.dll
0x00007ffd6de70000 - 0x00007ffd6dea0000 	C:\WINDOWS\SYSTEM32\ncrypt.dll
0x00007ffd6de20000 - 0x00007ffd6de5f000 	C:\WINDOWS\SYSTEM32\NTASN1.dll
0x00007ffd31af0000 - 0x00007ffd31af8000 	C:\WINDOWS\system32\wshunix.dll

dbghelp: loaded successfully - version: 4.0.5 - missing functions: none
symbol engine: initialized successfully - sym options: 0x614 - pdb path: .;C:\Program Files\Eclipse Adoptium\jdk-17.0.19.10-hotspot\bin;C:\WINDOWS\SYSTEM32;C:\WINDOWS\WinSxS\amd64_microsoft.windows.common-controls_6595b64144ccf1df_6.0.26100.8521_none_3e08b75ce33403b3;C:\Program Files\Eclipse Adoptium\jdk-17.0.19.10-hotspot\bin\server;C:\Users\Albin\.gradle\native\68d5fa5c4cc2d200863cafc0d521ce42e7d3e7ee720ec0a83991735586a16f82\windows-amd64;C:\Users\Albin\.gradle\native\e376f236ea51e6404a007f0833ffe2c6e607c4080706a723a18a27aeea778392\windows-amd64

VM Arguments:
jvm_args: -XX:MaxMetaspaceSize=512m --add-opens=java.base/java.util=ALL-UNNAMED --add-opens=java.base/java.lang=ALL-UNNAMED --add-opens=java.base/java.lang.invoke=ALL-UNNAMED --add-opens=java.prefs/java.util.prefs=ALL-UNNAMED --add-opens=java.base/java.nio.charset=ALL-UNNAMED --add-opens=java.base/java.net=ALL-UNNAMED --add-opens=java.base/java.util.concurrent.atomic=ALL-UNNAMED -Xmx2048m -Dfile.encoding=utf8 -Duser.country=FR -Duser.language=fr -Duser.variant 
java_command: org.gradle.launcher.daemon.bootstrap.GradleDaemon 8.0.1
java_class_path (initial): C:\Users\Albin\.gradle\wrapper\dists\gradle-8.0.1-all\aro4hu1c3oeioove7l0i4i14o\gradle-8.0.1\lib\gradle-launcher-8.0.1.jar
Launcher Type: SUN_STANDARD

[Global flags]
     intx CICompilerCount                          = 12                                        {product} {ergonomic}
   size_t CompressedClassSpaceSize                 = 436207616                                 {product} {ergonomic}
     uint ConcGCThreads                            = 3                                         {product} {ergonomic}
     uint G1ConcRefinementThreads                  = 13                                        {product} {ergonomic}
   size_t G1HeapRegionSize                         = 1048576                                   {product} {ergonomic}
    uintx GCDrainStackTargetSize                   = 64                                        {product} {ergonomic}
   size_t InitialHeapSize                          = 232783872                                 {product} {ergonomic}
   size_t MarkStackSize                            = 4194304                                   {product} {ergonomic}
   size_t MaxHeapSize                              = 2147483648                                {product} {command line}
   size_t MaxMetaspaceSize                         = 536870912                                 {product} {command line}
   size_t MaxNewSize                               = 1287651328                                {product} {ergonomic}
   size_t MinHeapDeltaBytes                        = 1048576                                   {product} {ergonomic}
   size_t MinHeapSize                              = 8388608                                   {product} {ergonomic}
    uintx NonNMethodCodeHeapSize                   = 7602480                                {pd product} {ergonomic}
    uintx NonProfiledCodeHeapSize                  = 122027880                              {pd product} {ergonomic}
    uintx ProfiledCodeHeapSize                     = 122027880                              {pd product} {ergonomic}
    uintx ReservedCodeCacheSize                    = 251658240                              {pd product} {ergonomic}
     bool SegmentedCodeCache                       = true                                      {product} {ergonomic}
   size_t SoftMaxHeapSize                          = 2147483648                             {manageable} {ergonomic}
     bool UseCompressedClassPointers               = true                           {product lp64_product} {ergonomic}
     bool UseCompressedOops                        = true                           {product lp64_product} {ergonomic}
     bool UseG1GC                                  = true                                      {product} {ergonomic}
     bool UseLargePagesIndividualAllocation        = false                                  {pd product} {ergonomic}

Logging:
Log output configuration:
 #0: stdout all=warning uptime,level,tags
 #1: stderr all=off uptime,level,tags

Environment Variables:
PATH=C:\Program Files (x86)\VMware\VMware Workstation\bin\;C:\Python313\Scripts\;C:\Python313\;c:\Users\Albin\AppData\Local\Programs\cursor\resources\app\bin;C:\Users\Albin\AppData\Local\Programs\Opera;C:\Program Files\Eclipse Adoptium\jdk-21.0.4.7-hotspot\bin;C:\Windows\system32;C:\Windows;C:\Windows\System32\Wbem;C:\Windows\System32\WindowsPowerShell\v1.0\;C:\Windows\System32\OpenSSH\;C:\Program Files\dotnet\;C:\Program Files\Git\cmd;C:\Program Files (x86)\dotnet\;C:\Users\Albin\AppData\Local\Microsoft\WindowsApps;C:\Users\Albin\.dotnet\tools;C:\Program Files\JetBrains\PhpStorm 2024.2.3\bin;C:\Users\Albin\AppData\Local\GitHubDesktop\bin;C:\Program Files\nodejs\;C:\ProgramData\chocolatey\bin;C:\WINDOWS\system32;C:\WINDOWS;C:\WINDOWS\System32\Wbem;C:\WINDOWS\System32\WindowsPowerShell\v1.0\;C:\WINDOWS\System32\OpenSSH\;C:\Users\Albin\.platformio\penv\Scripts;;C:\Program Files\Docker\Docker\resources\bin;C:\Program Files\OpenSSL-Win64\bin;C:\Users\Albin\AppData\Local\Microsoft\WindowsApps;C:\Users\Albin\AppData\Local\Programs\Microsoft VS Code\bin;C:\Users\Albin\.dotnet\tools;C:\Program Files\JetBrains\PhpStorm 2024.2.3\bin;C:\Users\Albin\AppData\Local\GitHubDesktop\bin;C:\Users\Albin\AppData\Local\Programs\cursor\resources\app\bin;C:\Users\Albin\AppData\Roaming\npm;C:\Users\Albin\AppData\Local\JetBrains\Toolbox\scripts;C:\Users\Albin\.dotnet\tools;C:\src\flutter\bin;;C:\Users\Albin\AppData\Local\Microsoft\WindowsApps
USERNAME=Albin
OS=Windows_NT
PROCESSOR_IDENTIFIER=AMD64 Family 23 Model 104 Stepping 1, AuthenticAMD
TMP=C:\Users\Albin\AppData\Local\Temp
TEMP=C:\Users\Albin\AppData\Local\Temp



Periodic native trim disabled


---------------  S Y S T E M  ---------------

OS:
 Windows 11 , 64 bit Build 26100 (10.0.26100.8521)
OS uptime: 5 days 7:35 hours
Hyper-V role detected

CPU: total 16 (initial active 16) (16 cores per cpu, 2 threads per core) family 23 model 104 stepping 1 microcode 0x8608103, cx8, cmov, fxsr, ht, mmx, 3dnowpref, sse, sse2, sse3, ssse3, sse4a, sse4.1, sse4.2, popcnt, lzcnt, tsc, tscinvbit, avx, avx2, aes, clmul, bmi1, bmi2, adx, sha, fma, vzeroupper, clflush, clflushopt, hv
Processor Information for all 16 processors :
  Max Mhz: 1801, Current Mhz: 1440, Mhz Limit: 1801

Memory: 4k page, system-wide physical 14181M (1339M free)
TotalPageFile size 41186M (AvailPageFile size 20M)
current process WorkingSet (physical memory assigned to process): 213M, peak: 278M
current process commit charge ("private bytes"): 261M, peak: 417M

vm_info: OpenJDK 64-Bit Server VM (17.0.19+10) for windows-amd64 JRE (17.0.19+10), built on Apr 25 2026 08:04:44 by "admin" with MS VC++ 17.12 (VS2022)

END.
