#
# There is insufficient memory for the Java Runtime Environment to continue.
# Native memory allocation (malloc) failed to allocate 1093776 bytes. Error detail: Chunk::new
# Possible reasons:
#   The system is out of physical RAM or swap space
#   This process is running with CompressedOops enabled, and the Java Heap may be blocking the growth of the native heap
# Possible solutions:
#   Reduce memory load on the system
#   Increase physical memory or swap space
#   Check if swap backing store is full
#   Decrease Java heap size (-Xmx/-Xms)
#   Decrease number of Java threads
#   Decrease Java thread stack sizes (-Xss)
#   Set larger code cache with -XX:ReservedCodeCacheSize=
#   JVM is running with Unscaled Compressed Oops mode in which the Java heap is
#     placed in the first 4GB address space. The Java Heap base address is the
#     maximum limit for the native heap growth. Please use -XX:HeapBaseMinAddress
#     to set the Java Heap base and to place the Java Heap above 4GB virtual address.
# This output file may be truncated or incomplete.
#
#  Out of Memory Error (arena.cpp:191), pid=29844, tid=38484
#
# JRE version: OpenJDK Runtime Environment Temurin-17.0.19+10 (17.0.19+10) (build 17.0.19+10)
# Java VM: OpenJDK 64-Bit Server VM Temurin-17.0.19+10 (17.0.19+10, mixed mode, sharing, tiered, compressed oops, compressed class ptrs, g1 gc, windows-amd64)
# No core dump will be written. Minidumps are not enabled by default on client versions of Windows
#

---------------  S U M M A R Y ------------

Command Line: -XX:MaxMetaspaceSize=512m --add-opens=java.base/java.util=ALL-UNNAMED --add-opens=java.base/java.lang=ALL-UNNAMED --add-opens=java.base/java.lang.invoke=ALL-UNNAMED --add-opens=java.prefs/java.util.prefs=ALL-UNNAMED --add-opens=java.base/java.nio.charset=ALL-UNNAMED --add-opens=java.base/java.net=ALL-UNNAMED --add-opens=java.base/java.util.concurrent.atomic=ALL-UNNAMED -Xmx2048m -Dfile.encoding=utf8 -Duser.country=FR -Duser.language=fr -Duser.variant org.gradle.launcher.daemon.bootstrap.GradleDaemon 8.0.1

Host: AMD Ryzen 7 5700U with Radeon Graphics         , 16 cores, 13G,  Windows 11 , 64 bit Build 26100 (10.0.26100.8521)
Time: Tue Jun  9 12:55:19 2026 Paris, Madrid (heure duild 26100 (10.0.26100.8521) elapsed time: 93.169485 seconds (0d 0h 1m 33s)

---------------  T H R E A D  ---------------

Current thread (0x0000016a22f636a0):  JavaThread "C2 CompilerThread1" daemon [_thread_in_native, id=38484, stack(0x00000010b9700000,0x00000010b9800000)]


Current CompileTask:
C2:93169 18674       4       javax.management.ObjectName::construct (1135 bytes)

Stack: [0x00000010b9700000,0x00000010b9800000]
Native frames: (J=compiled Java code, j=interpreted, Vv=VM code, C=native code)
V  [jvm.dll+0x684b29]
V  [jvm.dll+0x83a2d5]
V  [jvm.dll+0x83bd4e]
V  [jvm.dll+0x83c3d3]
V  [jvm.dll+0x24905f]
V  [jvm.dll+0xad536]
V  [jvm.dll+0xadbdc]
V  [jvm.dll+0x2b073f]
V  [jvm.dll+0x58aea5]
V  [jvm.dll+0x222fe4]
V  [jvm.dll+0x2233dd]
V  [jvm.dll+0x21c08b]
V  [jvm.dll+0x2191a2]
V  [jvm.dll+0x1a49f0]
V  [jvm.dll+0x2299fa]
V  [jvm.dll+0x227bab]
V  [jvm.dll+0x7f0a88]
V  [jvm.dll+0x7eaf1c]
V  [jvm.dll+0x6839f7]
C  [ucrtbase.dll+0x2cd30]
C  [KERNEL32.DLL+0x2e957]
C  [ntdll.dll+0x87c1c]


---------------  P R O C E S S  ---------------

Threads class SMR info:
_java_thread_list=0x0000016a21e5a9b0, length=133, elements={
0x0000016a5b46d3c0, 0x0000016a7c0cea00, 0x0000016a7c6790c0, 0x0000016a7c696290,
0x0000016a7c698b70, 0x0000016a7c699440, 0x0000016a7c699d10, 0x0000016a7c69a910,
0x0000016a7c6ad240, 0x0000016a7c6c1b80, 0x0000016a7c7f9990, 0x0000016a7c7ff0c0,
0x0000016a7dd6a700, 0x0000016a7da85820, 0x0000016a7cfec9f0, 0x0000016a7e635bd0,
0x0000016a7f39a750, 0x0000016a7da9fe00, 0x0000016a7daa2b90, 0x0000016a7daa0310,
0x0000016a7daa0820, 0x0000016a7da9f3e0, 0x0000016a7daa1c60, 0x0000016a7da9f8f0,
0x0000016a7daa2680, 0x0000016a7daa1240, 0x0000016a7daa1750, 0x0000016a203a2e10,
0x0000016a203a23f0, 0x0000016a2039fb70, 0x0000016a203a0fb0, 0x0000016a203a0aa0,
0x0000016a203a14c0, 0x0000016a203a19d0, 0x0000016a203a1ee0, 0x0000016a203a0080,
0x0000016a203a0590, 0x0000016a203a5690, 0x0000016a203a74f0, 0x0000016a203a5180,
0x0000016a203a5ba0, 0x0000016a203a4760, 0x0000016a203a60b0, 0x0000016a203a6ad0,
0x0000016a203a65c0, 0x0000016a7cee96d0, 0x0000016a7ceeb020, 0x0000016a7ceea600,
0x0000016a7ceeba40, 0x0000016a7cee87a0, 0x0000016a7cee8cb0, 0x0000016a7cee9be0,
0x0000016a7ceec970, 0x0000016a7ceea0f0, 0x0000016a7ceec460, 0x0000016a7ceebf50,
0x0000016a7ceeab10, 0x0000016a7cee91c0, 0x0000016a7ceee7d0, 0x0000016a7ceef1f0,
0x0000016a7ceefc10, 0x0000016a7ceee2c0, 0x0000016a7ceeece0, 0x0000016a7ceef700,
0x0000016a7ceece80, 0x0000016a7ceed390, 0x0000016a7ceed8a0, 0x0000016a7ceeddb0,
0x0000016a212feed0, 0x0000016a212ffe00, 0x0000016a212ff3e0, 0x0000016a21301750,
0x0000016a21302680, 0x0000016a21301c60, 0x0000016a212ff8f0, 0x0000016a21300310,
0x0000016a21300820, 0x0000016a21302170, 0x0000016a21300d30, 0x0000016a21479490,
0x0000016a30d55300, 0x0000016a30d543d0, 0x0000016a30d548e0, 0x0000016a30d52a80,
0x0000016a30d55810, 0x0000016a30d54df0, 0x0000016a30d52060, 0x0000016a30d55d20,
0x0000016a30d56230, 0x0000016a30d56740, 0x0000016a30d52f90, 0x0000016a30d56c50,
0x0000016a30d57160, 0x0000016a30d57670, 0x0000016a30d57b80, 0x0000016a30d58090,
0x0000016a30d585a0, 0x0000016a30d58fc0, 0x0000016a30d599e0, 0x0000016a30d58ab0,
0x0000016a30d594d0, 0x0000016a214761f0, 0x0000016a2147bd10, 0x0000016a2147c220,
0x0000016a7d28b150, 0x0000016a7d28d9d0, 0x0000016a7d28a730, 0x0000016a7d28b660,
0x0000016a7d28ac40, 0x0000016a7d28a220, 0x0000016a7d28cfb0, 0x0000016a7d28e3f0,
0x0000016a7d28c080, 0x0000016a7d28c590, 0x0000016a7d28caa0, 0x0000016a7d28ee10,
0x0000016a7d28f320, 0x0000016a7d28d4c0, 0x0000016a7d28dee0, 0x0000016a7d28e900,
0x0000016a7d28bb70, 0x0000016a7d28fd40, 0x0000016a7d291ba0, 0x0000016a7d291690,
0x0000016a7d290760, 0x0000016a7d28f830, 0x0000016a7d290250, 0x0000016a7d290c70,
0x0000016a7d291180, 0x0000016a1f774750, 0x0000016a1f774240, 0x0000016a22f636a0,
0x0000016a1f773d30
}

Java Threads: ( => current thread )
  0x0000016a5b46d3c0 JavaThread "main" [_thread_blocked, id=8624, stack(0x00000010b9a00000,0x00000010b9b00000)]
  0x0000016a7c0cea00 JavaThread "Reference Handler" daemon [_thread_blocked, id=30812, stack(0x00000010ba100000,0x00000010ba200000)]
  0x0000016a7c6790c0 JavaThread "Finalizer" daemon [_thread_blocked, id=28172, stack(0x00000010ba200000,0x00000010ba300000)]
  0x0000016a7c696290 JavaThread "Signal Dispatcher" daemon [_thread_blocked, id=37972, stack(0x00000010ba300000,0x00000010ba400000)]
  0x0000016a7c698b70 JavaThread "Attach Listener" daemon [_thread_blocked, id=14136, stack(0x00000010ba400000,0x00000010ba500000)]
  0x0000016a7c699440 JavaThread "Service Thread" daemon [_thread_blocked, id=19296, stack(0x00000010ba500000,0x00000010ba600000)]
  0x0000016a7c699d10 JavaThread "Monitor Deflation Thread" daemon [_thread_blocked, id=41848, stack(0x00000010ba600000,0x00000010ba700000)]
  0x0000016a7c69a910 JavaThread "C2 CompilerThread0" daemon [_thread_blocked, id=38048, stack(0x00000010ba700000,0x00000010ba800000)]
  0x0000016a7c6ad240 JavaThread "C1 CompilerThread0" daemon [_thread_blocked, id=41616, stack(0x00000010ba800000,0x00000010ba900000)]
  0x0000016a7c6c1b80 JavaThread "Sweeper thread" daemon [_thread_blocked, id=4780, stack(0x00000010ba900000,0x00000010baa00000)]
  0x0000016a7c7f9990 JavaThread "Common-Cleaner" daemon [_thread_blocked, id=22956, stack(0x00000010bab00000,0x00000010bac00000)]
  0x0000016a7c7ff0c0 JavaThread "Notification Thread" daemon [_thread_blocked, id=30932, stack(0x00000010bac00000,0x00000010bad00000)]
  0x0000016a7dd6a700 JavaThread "Daemon health stats" [_thread_blocked, id=40892, stack(0x00000010bb600000,0x00000010bb700000)]
  0x0000016a7da85820 JavaThread "Incoming local TCP Connector on port 50061" [_thread_in_native, id=18908, stack(0x00000010bae00000,0x00000010baf00000)]
  0x0000016a7cfec9f0 JavaThread "Daemon periodic checks" [_thread_blocked, id=41524, stack(0x00000010baf00000,0x00000010bb000000)]
  0x0000016a7e635bd0 JavaThread "Daemon" [_thread_blocked, id=35072, stack(0x00000010bb800000,0x00000010bb900000)]
  0x0000016a7f39a750 JavaThread "Handler for socket connection from /127.0.0.1:50061 to /127.0.0.1:50062" [_thread_in_native, id=41892, stack(0x00000010bb900000,0x00000010bba00000)]
  0x0000016a7da9fe00 JavaThread "Cancel handler" [_thread_blocked, id=16656, stack(0x00000010bb700000,0x00000010bb800000)]
  0x0000016a7daa2b90 JavaThread "Daemon worker" [_thread_blocked, id=28996, stack(0x00000010bba00000,0x00000010bbb00000)]
  0x0000016a7daa0310 JavaThread "Asynchronous log dispatcher for DefaultDaemonConnection: socket connection from /127.0.0.1:50061 to /127.0.0.1:50062" [_thread_blocked, id=17092, stack(0x00000010bbb00000,0x00000010bbc00000)]
  0x0000016a7daa0820 JavaThread "Daemon client event forwarder" [_thread_blocked, id=17712, stack(0x00000010bbd00000,0x00000010bbe00000)]
  0x0000016a7da9f3e0 JavaThread "Cache worker for journal cache (C:\Users\Albin\.gradle\caches\journal-1)" [_thread_blocked, id=39584, stack(0x00000010bbe00000,0x00000010bbf00000)]
  0x0000016a7daa1c60 JavaThread "File lock request listener" [_thread_in_native, id=39616, stack(0x00000010bbf00000,0x00000010bc000000)]
  0x0000016a7da9f8f0 JavaThread "Cache worker for file hash cache (C:\Users\Albin\.gradle\caches\8.0.1\fileHashes)" [_thread_blocked, id=33972, stack(0x00000010bc100000,0x00000010bc200000)]
  0x0000016a7daa2680 JavaThread "File watcher server" daemon [_thread_in_native, id=22032, stack(0x00000010bc300000,0x00000010bc400000)]
  0x0000016a7daa1240 JavaThread "File watcher consumer" daemon [_thread_blocked, id=41184, stack(0x00000010bc400000,0x00000010bc500000)]
  0x0000016a7daa1750 JavaThread "jar transforms" [_thread_blocked, id=37348, stack(0x00000010bc500000,0x00000010bc600000)]
  0x0000016a203a2e10 JavaThread "jar transforms Thread 2" [_thread_blocked, id=31588, stack(0x00000010bc600000,0x00000010bc700000)]
  0x0000016a203a23f0 JavaThread "jar transforms Thread 3" [_thread_blocked, id=16468, stack(0x00000010bc700000,0x00000010bc800000)]
  0x0000016a2039fb70 JavaThread "Cache worker for checksums cache (C:\Users\Albin\Documents\EPSI\E5\inexia-connect\mobile\android\.gradle\8.0.1\checksums)" [_thread_blocked, id=20028, stack(0x00000010bc800000,0x00000010bc900000)]
  0x0000016a203a0fb0 JavaThread "Cache worker for cache directory md-rule (C:\Users\Albin\.gradle\caches\8.0.1\md-rule)" [_thread_blocked, id=18308, stack(0x00000010bc900000,0x00000010bca00000)]
  0x0000016a203a0aa0 JavaThread "Cache worker for file content cache (C:\Users\Albin\.gradle\caches\8.0.1\fileContent)" [_thread_blocked, id=34396, stack(0x00000010bca00000,0x00000010bcb00000)]
  0x0000016a203a14c0 JavaThread "Cache worker for file hash cache (C:\Users\Albin\Documents\EPSI\E5\inexia-connect\mobile\android\.gradle\8.0.1\fileHashes)" [_thread_blocked, id=33320, stack(0x00000010bd500000,0x00000010bd600000)]
  0x0000016a203a19d0 JavaThread "Cache worker for cache directory md-supplier (C:\Users\Albin\.gradle\caches\8.0.1\md-supplier)" [_thread_blocked, id=24840, stack(0x00000010bd600000,0x00000010bd700000)]
  0x0000016a203a1ee0 JavaThread "Cache worker for execution history cache (C:\Users\Albin\.gradle\caches\8.0.1\executionHistory)" [_thread_blocked, id=41688, stack(0x00000010bd700000,0x00000010bd800000)]
  0x0000016a203a0080 JavaThread "jar transforms Thread 4" [_thread_blocked, id=35880, stack(0x00000010bda00000,0x00000010bdb00000)]
  0x0000016a203a0590 JavaThread "jar transforms Thread 5" [_thread_blocked, id=28664, stack(0x00000010bd900000,0x00000010bda00000)]
  0x0000016a203a5690 JavaThread "jar transforms Thread 6" [_thread_blocked, id=34320, stack(0x00000010bb100000,0x00000010bb200000)]
  0x0000016a203a74f0 JavaThread "jar transforms Thread 7" [_thread_blocked, id=41920, stack(0x00000010bdd00000,0x00000010bde00000)]
  0x0000016a203a5180 JavaThread "jar transforms Thread 8" [_thread_blocked, id=36660, stack(0x00000010bde00000,0x00000010bdf00000)]
  0x0000016a203a5ba0 JavaThread "jar transforms Thread 9" [_thread_blocked, id=34872, stack(0x00000010bdf00000,0x00000010be000000)]
  0x0000016a203a4760 JavaThread "jar transforms Thread 10" [_thread_blocked, id=39820, stack(0x00000010be000000,0x00000010be100000)]
  0x0000016a203a60b0 JavaThread "jar transforms Thread 11" [_thread_blocked, id=33204, stack(0x00000010be200000,0x00000010be300000)]
  0x0000016a203a6ad0 JavaThread "jar transforms Thread 12" [_thread_blocked, id=40276, stack(0x00000010be300000,0x00000010be400000)]
  0x0000016a203a65c0 JavaThread "jar transforms Thread 13" [_thread_blocked, id=37404, stack(0x00000010be400000,0x00000010be500000)]
  0x0000016a7cee96d0 JavaThread "jar transforms Thread 14" [_thread_blocked, id=24324, stack(0x00000010be500000,0x00000010be600000)]
  0x0000016a7ceeb020 JavaThread "jar transforms Thread 15" [_thread_blocked, id=14168, stack(0x00000010be600000,0x00000010be700000)]
  0x0000016a7ceea600 JavaThread "jar transforms Thread 16" [_thread_blocked, id=33340, stack(0x00000010be700000,0x00000010be800000)]
  0x0000016a7ceeba40 JavaThread "Cache worker for kotlin-dsl (C:\Users\Albin\.gradle\caches\8.0.1\kotlin-dsl)" [_thread_blocked, id=17052, stack(0x00000010bc000000,0x00000010bc100000)]
  0x0000016a7cee87a0 JavaThread "Cache worker for dependencies-accessors (C:\Users\Albin\Documents\EPSI\E5\inexia-connect\mobile\android\.gradle\8.0.1\dependencies-accessors)" [_thread_blocked, id=41016, stack(0x00000010be900000,0x00000010bea00000)]
  0x0000016a7cee8cb0 JavaThread "Cache worker for Build Output Cleanup Cache (C:\Users\Albin\Documents\EPSI\E5\inexia-connect\mobile\android\.gradle\buildOutputCleanup)" [_thread_blocked, id=34636, stack(0x00000010bec00000,0x00000010bed00000)]
  0x0000016a7cee9be0 JavaThread "Cache worker for Build Output Cleanup Cache (C:\Users\Albin\Documents\EPSI\E5\inexia-connect\mobile\node_modules\@react-native\gradle-plugin\.gradle\buildOutputCleanup)" [_thread_blocked, id=21252, stack(0x00000010bed00000,0x00000010bee00000)]
  0x0000016a7ceec970 JavaThread "Unconstrained build operations" [_thread_blocked, id=9820, stack(0x00000010be800000,0x00000010be900000)]
  0x0000016a7ceea0f0 JavaThread "Unconstrained build operations Thread 2" [_thread_blocked, id=13952, stack(0x00000010bea00000,0x00000010beb00000)]
  0x0000016a7ceec460 JavaThread "Unconstrained build operations Thread 3" [_thread_blocked, id=16884, stack(0x00000010beb00000,0x00000010bec00000)]
  0x0000016a7ceebf50 JavaThread "Unconstrained build operations Thread 4" [_thread_blocked, id=38136, stack(0x00000010bee00000,0x00000010bef00000)]
  0x0000016a7ceeab10 JavaThread "Unconstrained build operations Thread 5" [_thread_blocked, id=6020, stack(0x00000010bef00000,0x00000010bf000000)]
  0x0000016a7cee91c0 JavaThread "Unconstrained build operations Thread 6" [_thread_blocked, id=41224, stack(0x00000010bf000000,0x00000010bf100000)]
  0x0000016a7ceee7d0 JavaThread "Unconstrained build operations Thread 7" [_thread_blocked, id=9056, stack(0x00000010bf100000,0x00000010bf200000)]
  0x0000016a7ceef1f0 JavaThread "Unconstrained build operations Thread 8" [_thread_blocked, id=39152, stack(0x00000010bf200000,0x00000010bf300000)]
  0x0000016a7ceefc10 JavaThread "Unconstrained build operations Thread 9" [_thread_blocked, id=25584, stack(0x00000010bf300000,0x00000010bf400000)]
  0x0000016a7ceee2c0 JavaThread "Unconstrained build operations Thread 10" [_thread_blocked, id=21140, stack(0x00000010bf400000,0x00000010bf500000)]
  0x0000016a7ceeece0 JavaThread "Unconstrained build operations Thread 11" [_thread_blocked, id=23084, stack(0x00000010bf500000,0x00000010bf600000)]
  0x0000016a7ceef700 JavaThread "Unconstrained build operations Thread 12" [_thread_blocked, id=37992, stack(0x00000010bf600000,0x00000010bf700000)]
  0x0000016a7ceece80 JavaThread "Unconstrained build operations Thread 13" [_thread_blocked, id=41720, stack(0x00000010bf700000,0x00000010bf800000)]
  0x0000016a7ceed390 JavaThread "Unconstrained build operations Thread 14" [_thread_blocked, id=40736, stack(0x00000010bf800000,0x00000010bf900000)]
  0x0000016a7ceed8a0 JavaThread "Unconstrained build operations Thread 15" [_thread_blocked, id=37144, stack(0x00000010bf900000,0x00000010bfa00000)]
  0x0000016a7ceeddb0 JavaThread "Unconstrained build operations Thread 16" [_thread_blocked, id=37688, stack(0x00000010bfa00000,0x00000010bfb00000)]
  0x0000016a212feed0 JavaThread "Unconstrained build operations Thread 17" [_thread_blocked, id=38536, stack(0x00000010bfb00000,0x00000010bfc00000)]
  0x0000016a212ffe00 JavaThread "Unconstrained build operations Thread 18" [_thread_blocked, id=40196, stack(0x00000010bfc00000,0x00000010bfd00000)]
  0x0000016a212ff3e0 JavaThread "Unconstrained build operations Thread 19" [_thread_blocked, id=14228, stack(0x00000010bfd00000,0x00000010bfe00000)]
  0x0000016a21301750 JavaThread "Unconstrained build operations Thread 20" [_thread_blocked, id=34536, stack(0x00000010bfe00000,0x00000010bff00000)]
  0x0000016a21302680 JavaThread "Unconstrained build operations Thread 21" [_thread_blocked, id=13072, stack(0x00000010bff00000,0x00000010c0000000)]
  0x0000016a21301c60 JavaThread "Unconstrained build operations Thread 22" [_thread_blocked, id=17028, stack(0x00000010c0000000,0x00000010c0100000)]
  0x0000016a212ff8f0 JavaThread "Unconstrained build operations Thread 23" [_thread_blocked, id=40796, stack(0x00000010c0100000,0x00000010c0200000)]
  0x0000016a21300310 JavaThread "Unconstrained build operations Thread 24" [_thread_blocked, id=28748, stack(0x00000010c0200000,0x00000010c0300000)]
  0x0000016a21300820 JavaThread "Unconstrained build operations Thread 25" [_thread_blocked, id=41964, stack(0x00000010c0300000,0x00000010c0400000)]
  0x0000016a21302170 JavaThread "Unconstrained build operations Thread 26" [_thread_blocked, id=7836, stack(0x00000010c0400000,0x00000010c0500000)]
  0x0000016a21300d30 JavaThread "Memory manager" [_thread_blocked, id=22832, stack(0x00000010c0700000,0x00000010c0800000)]
  0x0000016a21479490 JavaThread "Kotlin DSL Writer" [_thread_blocked, id=40988, stack(0x00000010c0900000,0x00000010c0a00000)]
  0x0000016a30d55300 JavaThread "included builds" [_thread_blocked, id=36560, stack(0x00000010c1100000,0x00000010c1200000)]
  0x0000016a30d543d0 JavaThread "Execution worker" [_thread_blocked, id=7760, stack(0x00000010c1200000,0x00000010c1300000)]
  0x0000016a30d548e0 JavaThread "Execution worker Thread 2" [_thread_blocked, id=12492, stack(0x00000010c1300000,0x00000010c1400000)]
  0x0000016a30d52a80 JavaThread "Execution worker Thread 3" [_thread_blocked, id=40856, stack(0x00000010c1400000,0x00000010c1500000)]
  0x0000016a30d55810 JavaThread "Execution worker Thread 4" [_thread_blocked, id=8620, stack(0x00000010c1500000,0x00000010c1600000)]
  0x0000016a30d54df0 JavaThread "Execution worker Thread 5" [_thread_blocked, id=22564, stack(0x00000010c1600000,0x00000010c1700000)]
  0x0000016a30d52060 JavaThread "Execution worker Thread 6" [_thread_blocked, id=29404, stack(0x00000010c1700000,0x00000010c1800000)]
  0x0000016a30d55d20 JavaThread "Execution worker Thread 7" [_thread_blocked, id=22988, stack(0x00000010c1800000,0x00000010c1900000)]
  0x0000016a30d56230 JavaThread "Execution worker Thread 8" [_thread_blocked, id=37692, stack(0x00000010c1900000,0x00000010c1a00000)]
  0x0000016a30d56740 JavaThread "Execution worker Thread 9" [_thread_blocked, id=38520, stack(0x00000010c1a00000,0x00000010c1b00000)]
  0x0000016a30d52f90 JavaThread "Execution worker Thread 10" [_thread_blocked, id=34444, stack(0x00000010c1b00000,0x00000010c1c00000)]
  0x0000016a30d56c50 JavaThread "Execution worker Thread 11" [_thread_blocked, id=38188, stack(0x00000010c1c00000,0x00000010c1d00000)]
  0x0000016a30d57160 JavaThread "Execution worker Thread 12" [_thread_blocked, id=15008, stack(0x00000010c1d00000,0x00000010c1e00000)]
  0x0000016a30d57670 JavaThread "Execution worker Thread 13" [_thread_blocked, id=41076, stack(0x00000010c1e00000,0x00000010c1f00000)]
  0x0000016a30d57b80 JavaThread "Execution worker Thread 14" [_thread_blocked, id=24468, stack(0x00000010c1f00000,0x00000010c2000000)]
  0x0000016a30d58090 JavaThread "Execution worker Thread 15" [_thread_blocked, id=15348, stack(0x00000010c2000000,0x00000010c2100000)]
  0x0000016a30d585a0 JavaThread "Cache worker for execution history cache (C:\Users\Albin\Documents\EPSI\E5\inexia-connect\mobile\node_modules\@react-native\gradle-plugin\.gradle\8.0.1\executionHistory)" [_thread_blocked, id=10764, stack(0x00000010c2100000,0x00000010c2200000)]
  0x0000016a30d58fc0 JavaThread "Unconstrained build operations Thread 27" [_thread_blocked, id=30868, stack(0x00000010c0c00000,0x00000010c0d00000)]
  0x0000016a30d599e0 JavaThread "Unconstrained build operations Thread 28" [_thread_blocked, id=7948, stack(0x00000010c2200000,0x00000010c2300000)]
  0x0000016a30d58ab0 JavaThread "Unconstrained build operations Thread 29" [_thread_blocked, id=16452, stack(0x00000010c2300000,0x00000010c2400000)]
  0x0000016a30d594d0 JavaThread "Unconstrained build operations Thread 30" [_thread_blocked, id=17332, stack(0x00000010c2400000,0x00000010c2500000)]
  0x0000016a214761f0 JavaThread "Unconstrained build operations Thread 31" [_thread_blocked, id=10692, stack(0x00000010c2500000,0x00000010c2600000)]
  0x0000016a2147bd10 JavaThread "Unconstrained build operations Thread 32" [_thread_blocked, id=24952, stack(0x00000010c2600000,0x00000010c2700000)]
  0x0000016a2147c220 JavaThread "Unconstrained build operations Thread 33" [_thread_blocked, id=17760, stack(0x00000010c2700000,0x00000010c2800000)]
  0x0000016a7d28b150 JavaThread "Unconstrained build operations Thread 34" [_thread_blocked, id=26196, stack(0x00000010c2800000,0x00000010c2900000)]
  0x0000016a7d28d9d0 JavaThread "Unconstrained build operations Thread 35" [_thread_blocked, id=23860, stack(0x00000010c2900000,0x00000010c2a00000)]
  0x0000016a7d28a730 JavaThread "Unconstrained build operations Thread 36" [_thread_blocked, id=41200, stack(0x00000010c2a00000,0x00000010c2b00000)]
  0x0000016a7d28b660 JavaThread "Unconstrained build operations Thread 37" [_thread_blocked, id=1984, stack(0x00000010c2b00000,0x00000010c2c00000)]
  0x0000016a7d28ac40 JavaThread "Unconstrained build operations Thread 38" [_thread_blocked, id=25652, stack(0x00000010c2c00000,0x00000010c2d00000)]
  0x0000016a7d28a220 JavaThread "Unconstrained build operations Thread 39" [_thread_blocked, id=1832, stack(0x00000010c2d00000,0x00000010c2e00000)]
  0x0000016a7d28cfb0 JavaThread "Unconstrained build operations Thread 40" [_thread_blocked, id=28400, stack(0x00000010c2e00000,0x00000010c2f00000)]
  0x0000016a7d28e3f0 JavaThread "Unconstrained build operations Thread 41" [_thread_blocked, id=41220, stack(0x00000010c2f00000,0x00000010c3000000)]
  0x0000016a7d28c080 JavaThread "Unconstrained build operations Thread 42" [_thread_blocked, id=7084, stack(0x00000010c3000000,0x00000010c3100000)]
  0x0000016a7d28c590 JavaThread "Unconstrained build operations Thread 43" [_thread_blocked, id=18628, stack(0x00000010c3100000,0x00000010c3200000)]
  0x0000016a7d28caa0 JavaThread "Unconstrained build operations Thread 44" [_thread_blocked, id=41084, stack(0x00000010c3200000,0x00000010c3300000)]
  0x0000016a7d28ee10 JavaThread "Unconstrained build operations Thread 45" [_thread_blocked, id=27340, stack(0x00000010c3300000,0x00000010c3400000)]
  0x0000016a7d28f320 JavaThread "Unconstrained build operations Thread 46" [_thread_blocked, id=3288, stack(0x00000010c3400000,0x00000010c3500000)]
  0x0000016a7d28d4c0 JavaThread "Unconstrained build operations Thread 47" [_thread_blocked, id=30312, stack(0x00000010c3500000,0x00000010c3600000)]
  0x0000016a7d28dee0 JavaThread "Unconstrained build operations Thread 48" [_thread_blocked, id=19368, stack(0x00000010c3600000,0x00000010c3700000)]
  0x0000016a7d28e900 JavaThread "Unconstrained build operations Thread 49" [_thread_blocked, id=12496, stack(0x00000010c3700000,0x00000010c3800000)]
  0x0000016a7d28bb70 JavaThread "Unconstrained build operations Thread 50" [_thread_blocked, id=18020, stack(0x00000010c3800000,0x00000010c3900000)]
  0x0000016a7d28fd40 JavaThread "Unconstrained build operations Thread 51" [_thread_blocked, id=37500, stack(0x00000010c3900000,0x00000010c3a00000)]
  0x0000016a7d291ba0 JavaThread "Unconstrained build operations Thread 52" [_thread_blocked, id=35180, stack(0x00000010c0a00000,0x00000010c0b00000)]
  0x0000016a7d291690 JavaThread "Daemon Thread 2" [_thread_blocked, id=20952, stack(0x00000010c3a00000,0x00000010c3b00000)]
  0x0000016a7d290760 JavaThread "WorkerExecutor Queue" [_thread_in_native, id=17380, stack(0x00000010c3c00000,0x00000010c3d00000)]
  0x0000016a7d28f830 JavaThread "RMI Scheduler(0)" daemon [_thread_blocked, id=13004, stack(0x00000010c3b00000,0x00000010c3c00000)]
  0x0000016a7d290250 JavaThread "RMI RenewClean-[127.0.0.1:17288,org.jetbrains.kotlin.daemon.common.LoopbackNetworkInterface$ClientLoopbackSocketFactory@52de69c2]" daemon [_thread_blocked, id=34284, stack(0x00000010c3d00000,0x00000010c3e00000)]
  0x0000016a7d290c70 JavaThread "RMI GC Daemon" daemon [_thread_blocked, id=10448, stack(0x00000010c3e00000,0x00000010c3f00000)]
  0x0000016a7d291180 JavaThread "RMI TCP Accept-0" daemon [_thread_in_native, id=20652, stack(0x00000010c3f00000,0x00000010c4000000)]
  0x0000016a1f774750 JavaThread "RMI Reaper" [_thread_blocked, id=3492, stack(0x00000010c4000000,0x00000010c4100000)]
  0x0000016a1f774240 JavaThread "RMI TCP Connection(idle)" daemon [_thread_blocked, id=24016, stack(0x00000010c4100000,0x00000010c4200000)]
=>0x0000016a22f636a0 JavaThread "C2 CompilerThread1" daemon [_thread_in_native, id=38484, stack(0x00000010b9700000,0x00000010b9800000)]
  0x0000016a1f773d30 JavaThread "Thread-116" [_thread_in_native, id=15052, stack(0x00000010baa00000,0x00000010bab00000)]

Other Threads:
  0x0000016a7c0ce4d0 VMThread "VM Thread" [stack: 0x00000010ba000000,0x00000010ba100000] [id=23896]
  0x0000016a7c7ffdb0 WatcherThread [stack: 0x00000010bad00000,0x00000010bae00000] [id=24332]
  0x0000016a5b8dcc20 GCTaskThread "GC Thread#0" [stack: 0x00000010b9b00000,0x00000010b9c00000] [id=33656]
  0x0000016a7e107010 GCTaskThread "GC Thread#1" [stack: 0x00000010bb200000,0x00000010bb300000] [id=22584]
  0x0000016a7e1072d0 GCTaskThread "GC Thread#2" [stack: 0x00000010bb300000,0x00000010bb400000] [id=35728]
  0x0000016a7cc03340 GCTaskThread "GC Thread#3" [stack: 0x00000010bb400000,0x00000010bb500000] [id=18064]
  0x0000016a7cc03e10 GCTaskThread "GC Thread#4" [stack: 0x00000010bb500000,0x00000010bb600000] [id=24140]
  0x0000016a203e9de0 GCTaskThread "GC Thread#5" [stack: 0x00000010bcb00000,0x00000010bcc00000] [id=41772]
  0x0000016a7ce37a90 GCTaskThread "GC Thread#6" [stack: 0x00000010bcc00000,0x00000010bcd00000] [id=40548]
  0x0000016a7db66170 GCTaskThread "GC Thread#7" [stack: 0x00000010bcd00000,0x00000010bce00000] [id=6680]
  0x0000016a1f5dd7a0 GCTaskThread "GC Thread#8" [stack: 0x00000010bce00000,0x00000010bcf00000] [id=27292]
  0x0000016a1f5de2a0 GCTaskThread "GC Thread#9" [stack: 0x00000010bcf00000,0x00000010bd000000] [id=29984]
  0x0000016a1f5dc720 GCTaskThread "GC Thread#10" [stack: 0x00000010bd000000,0x00000010bd100000] [id=29672]
  0x0000016a1f5dda60 GCTaskThread "GC Thread#11" [stack: 0x00000010bd100000,0x00000010bd200000] [id=19088]
  0x0000016a1f5ddd20 GCTaskThread "GC Thread#12" [stack: 0x00000010bd200000,0x00000010bd300000] [id=27688]
  0x0000016a5b8f0d80 ConcurrentGCThread "G1 Main Marker" [stack: 0x00000010b9c00000,0x00000010b9d00000] [id=3696]
  0x0000016a5b8f1e50 ConcurrentGCThread "G1 Conc#0" [stack: 0x00000010b9d00000,0x00000010b9e00000] [id=24460]
  0x0000016a1f5dd4e0 ConcurrentGCThread "G1 Conc#1" [stack: 0x00000010bd300000,0x00000010bd400000] [id=7320]
  0x0000016a1f5dc9e0 ConcurrentGCThread "G1 Conc#2" [stack: 0x00000010bd400000,0x00000010bd500000] [id=26684]
  0x0000016a7bf8ad20 ConcurrentGCThread "G1 Refine#0" [stack: 0x00000010b9e00000,0x00000010b9f00000] [id=7744]
  0x0000016a7d0fe6e0 ConcurrentGCThread "G1 Refine#1" [stack: 0x00000010bc200000,0x00000010bc300000] [id=25112]
  0x0000016a7d0ff590 ConcurrentGCThread "G1 Refine#2" [stack: 0x00000010bd800000,0x00000010bd900000] [id=26204]
  0x0000016a7d0fde10 ConcurrentGCThread "G1 Refine#3" [stack: 0x00000010bdb00000,0x00000010bdc00000] [id=37576]
  0x0000016a7d0fe9d0 ConcurrentGCThread "G1 Refine#4" [stack: 0x00000010bdc00000,0x00000010bdd00000] [id=26776]
  0x0000016a7d101000 ConcurrentGCThread "G1 Refine#5" [stack: 0x00000010be100000,0x00000010be200000] [id=41288]
  0x0000016a7d100150 ConcurrentGCThread "G1 Refine#6" [stack: 0x00000010c0d00000,0x00000010c0e00000] [id=30784]
  0x0000016a7d1012f0 ConcurrentGCThread "G1 Refine#7" [stack: 0x00000010c0e00000,0x00000010c0f00000] [id=3804]
  0x0000016a7d0fdb20 ConcurrentGCThread "G1 Refine#8" [stack: 0x00000010c0f00000,0x00000010c1000000] [id=10504]
  0x0000016a7d100440 ConcurrentGCThread "G1 Refine#9" [stack: 0x00000010c1000000,0x00000010c1100000] [id=29792]
  0x0000016a7bf8b660 ConcurrentGCThread "G1 Service" [stack: 0x00000010b9f00000,0x00000010ba000000] [id=21024]

Threads with active compile tasks:
C2 CompilerThread1  93286 18674       4       javax.management.ObjectName::construct (1135 bytes)

VM state: not at safepoint (normal execution)

VM Mutex/Monitor currently owned by a thread: None

Heap address: 0x0000000080000000, size: 2048 MB, Compressed Oops mode: 32-bit

CDS archive(s) mapped at: [0x0000016a00000000-0x0000016a00bb0000-0x0000016a00bb0000), size 12255232, SharedBaseAddress: 0x0000016a00000000, ArchiveRelocationMode: 1.
Compressed class space mapped at: 0x0000016a01000000-0x0000016a1b000000, reserved size: 436207616
Narrow klass base: 0x0000016a00000000, Narrow klass shift: 0, Narrow klass range: 0x100000000

GC Precious Log:
 CPUs: 16 total, 16 available
 Memory: 14181M
 Large Page Support: Disabled
 NUMA Support: Disabled
 Compressed Oops: Enabled (32-bit)
 Heap Region Size: 1M
 Heap Min Capacity: 8M
 Heap Initial Capacity: 222M
 Heap Max Capacity: 2G
 Pre-touch: Disabled
 Parallel Workers: 13
 Concurrent Workers: 3
 Concurrent Refinement Workers: 13
 Periodic GC: Disabled

Heap:
 garbage-first heap   total 209920K, used 151209K [0x0000000080000000, 0x0000000100000000)
  region size 1024K, 21 young (21504K), 5 survivors (5120K)
 Metaspace       used 134398K, committed 135488K, reserved 557056K
  class space    used 17265K, committed 17792K, reserved 425984K

Heap Regions: E=young(eden), S=young(survivor), O=old, HS=humongous(starts), HC=humongous(continues), CS=collection set, F=free, OA=open archive, CA=closed archive, TAMS=top-at-mark-start (previous, next)
|   0|0x0000000080000000, 0x0000000080100000, 0x0000000080100000|100%|HS|  |TAMS 0x0000000080100000, 0x0000000080000000| Complete 
|   1|0x0000000080100000, 0x0000000080200000, 0x0000000080200000|100%|HC|  |TAMS 0x0000000080200000, 0x0000000080100000| Complete 
|   2|0x0000000080200000, 0x0000000080300000, 0x0000000080300000|100%|HC|  |TAMS 0x0000000080300000, 0x0000000080200000| Complete 
|   3|0x0000000080300000, 0x0000000080400000, 0x0000000080400000|100%|HC|  |TAMS 0x0000000080400000, 0x0000000080300000| Complete 
|   4|0x0000000080400000, 0x0000000080500000, 0x0000000080500000|100%| O|  |TAMS 0x0000000080500000, 0x0000000080400000| Untracked 
|   5|0x0000000080500000, 0x0000000080600000, 0x0000000080600000|100%| O|  |TAMS 0x0000000080600000, 0x0000000080500000| Untracked 
|   6|0x0000000080600000, 0x0000000080700000, 0x0000000080700000|100%| O|  |TAMS 0x0000000080700000, 0x0000000080600000| Untracked 
|   7|0x0000000080700000, 0x0000000080800000, 0x0000000080800000|100%| O|  |TAMS 0x0000000080800000, 0x0000000080700000| Untracked 
|   8|0x0000000080800000, 0x0000000080900000, 0x0000000080900000|100%| O|  |TAMS 0x0000000080900000, 0x0000000080800000| Untracked 
|   9|0x0000000080900000, 0x0000000080a00000, 0x0000000080a00000|100%| O|  |TAMS 0x0000000080a00000, 0x0000000080900000| Untracked 
|  10|0x0000000080a00000, 0x0000000080af4800, 0x0000000080b00000| 95%| O|  |TAMS 0x0000000080af4800, 0x0000000080a00000| Untracked 
|  11|0x0000000080b00000, 0x0000000080c00000, 0x0000000080c00000|100%| O|  |TAMS 0x0000000080c00000, 0x0000000080b00000| Untracked 
|  12|0x0000000080c00000, 0x0000000080d00000, 0x0000000080d00000|100%| O|  |TAMS 0x0000000080d00000, 0x0000000080c00000| Untracked 
|  13|0x0000000080d00000, 0x0000000080e00000, 0x0000000080e00000|100%| O|  |TAMS 0x0000000080e00000, 0x0000000080d00000| Untracked 
|  14|0x0000000080e00000, 0x0000000080f00000, 0x0000000080f00000|100%| O|  |TAMS 0x0000000080f00000, 0x0000000080e00000| Untracked 
|  15|0x0000000080f00000, 0x0000000081000000, 0x0000000081000000|100%| O|  |TAMS 0x0000000081000000, 0x0000000080f00000| Untracked 
|  16|0x0000000081000000, 0x0000000081100000, 0x0000000081100000|100%| O|  |TAMS 0x0000000081100000, 0x0000000081000000| Untracked 
|  17|0x0000000081100000, 0x0000000081200000, 0x0000000081200000|100%| O|  |TAMS 0x0000000081200000, 0x0000000081100000| Untracked 
|  18|0x0000000081200000, 0x0000000081300000, 0x0000000081300000|100%| O|  |TAMS 0x0000000081300000, 0x0000000081200000| Untracked 
|  19|0x0000000081300000, 0x0000000081400000, 0x0000000081400000|100%| O|  |TAMS 0x0000000081400000, 0x0000000081300000| Untracked 
|  20|0x0000000081400000, 0x0000000081500000, 0x0000000081500000|100%| O|  |TAMS 0x0000000081500000, 0x0000000081400000| Untracked 
|  21|0x0000000081500000, 0x0000000081600000, 0x0000000081600000|100%| O|  |TAMS 0x0000000081600000, 0x0000000081500000| Untracked 
|  22|0x0000000081600000, 0x0000000081700000, 0x0000000081700000|100%| O|  |TAMS 0x0000000081700000, 0x0000000081600000| Untracked 
|  23|0x0000000081700000, 0x0000000081800000, 0x0000000081800000|100%| O|  |TAMS 0x0000000081800000, 0x0000000081700000| Untracked 
|  24|0x0000000081800000, 0x0000000081900000, 0x0000000081900000|100%| O|  |TAMS 0x0000000081900000, 0x0000000081800000| Untracked 
|  25|0x0000000081900000, 0x0000000081a00000, 0x0000000081a00000|100%| O|  |TAMS 0x0000000081a00000, 0x0000000081900000| Untracked 
|  26|0x0000000081a00000, 0x0000000081b00000, 0x0000000081b00000|100%| O|  |TAMS 0x0000000081b00000, 0x0000000081a00000| Untracked 
|  27|0x0000000081b00000, 0x0000000081c00000, 0x0000000081c00000|100%| O|  |TAMS 0x0000000081c00000, 0x0000000081b00000| Untracked 
|  28|0x0000000081c00000, 0x0000000081d00000, 0x0000000081d00000|100%| O|  |TAMS 0x0000000081d00000, 0x0000000081c00000| Untracked 
|  29|0x0000000081d00000, 0x0000000081e00000, 0x0000000081e00000|100%| O|  |TAMS 0x0000000081e00000, 0x0000000081d00000| Untracked 
|  30|0x0000000081e00000, 0x0000000081f00000, 0x0000000081f00000|100%| O|  |TAMS 0x0000000081f00000, 0x0000000081e00000| Untracked 
|  31|0x0000000081f00000, 0x0000000082000000, 0x0000000082000000|100%| O|  |TAMS 0x0000000082000000, 0x0000000081f00000| Untracked 
|  32|0x0000000082000000, 0x0000000082100000, 0x0000000082100000|100%| O|  |TAMS 0x0000000082100000, 0x0000000082000000| Untracked 
|  33|0x0000000082100000, 0x0000000082200000, 0x0000000082200000|100%| O|  |TAMS 0x0000000082200000, 0x0000000082100000| Untracked 
|  34|0x0000000082200000, 0x0000000082300000, 0x0000000082300000|100%| O|  |TAMS 0x0000000082300000, 0x0000000082200000| Untracked 
|  35|0x0000000082300000, 0x0000000082400000, 0x0000000082400000|100%| O|  |TAMS 0x0000000082400000, 0x0000000082300000| Untracked 
|  36|0x0000000082400000, 0x0000000082500000, 0x0000000082500000|100%|HS|  |TAMS 0x0000000082500000, 0x0000000082400000| Complete 
|  37|0x0000000082500000, 0x0000000082600000, 0x0000000082600000|100%| O|  |TAMS 0x0000000082600000, 0x0000000082500000| Untracked 
|  38|0x0000000082600000, 0x0000000082700000, 0x0000000082700000|100%| O|  |TAMS 0x0000000082700000, 0x0000000082600000| Untracked 
|  39|0x0000000082700000, 0x0000000082800000, 0x0000000082800000|100%| O|  |TAMS 0x0000000082800000, 0x0000000082700000| Untracked 
|  40|0x0000000082800000, 0x0000000082900000, 0x0000000082900000|100%| O|  |TAMS 0x0000000082900000, 0x0000000082800000| Untracked 
|  41|0x0000000082900000, 0x0000000082a00000, 0x0000000082a00000|100%| O|  |TAMS 0x0000000082a00000, 0x0000000082900000| Untracked 
|  42|0x0000000082a00000, 0x0000000082b00000, 0x0000000082b00000|100%|HS|  |TAMS 0x0000000082b00000, 0x0000000082a00000| Complete 
|  43|0x0000000082b00000, 0x0000000082c00000, 0x0000000082c00000|100%|HC|  |TAMS 0x0000000082c00000, 0x0000000082b00000| Complete 
|  44|0x0000000082c00000, 0x0000000082d00000, 0x0000000082d00000|100%|HS|  |TAMS 0x0000000082d00000, 0x0000000082c00000| Complete 
|  45|0x0000000082d00000, 0x0000000082e00000, 0x0000000082e00000|100%|HC|  |TAMS 0x0000000082e00000, 0x0000000082d00000| Complete 
|  46|0x0000000082e00000, 0x0000000082f00000, 0x0000000082f00000|100%|HC|  |TAMS 0x0000000082f00000, 0x0000000082e00000| Complete 
|  47|0x0000000082f00000, 0x0000000083000000, 0x0000000083000000|100%|HC|  |TAMS 0x0000000083000000, 0x0000000082f00000| Complete 
|  48|0x0000000083000000, 0x0000000083100000, 0x0000000083100000|100%| O|  |TAMS 0x0000000083100000, 0x0000000083000000| Untracked 
|  49|0x0000000083100000, 0x0000000083200000, 0x0000000083200000|100%| O|  |TAMS 0x0000000083200000, 0x0000000083100000| Untracked 
|  50|0x0000000083200000, 0x0000000083300000, 0x0000000083300000|100%| O|  |TAMS 0x0000000083300000, 0x0000000083200000| Untracked 
|  51|0x0000000083300000, 0x0000000083400000, 0x0000000083400000|100%| O|  |TAMS 0x0000000083400000, 0x0000000083300000| Untracked 
|  52|0x0000000083400000, 0x0000000083500000, 0x0000000083500000|100%| O|  |TAMS 0x0000000083500000, 0x0000000083400000| Untracked 
|  53|0x0000000083500000, 0x0000000083600000, 0x0000000083600000|100%| O|  |TAMS 0x0000000083600000, 0x0000000083500000| Untracked 
|  54|0x0000000083600000, 0x0000000083700000, 0x0000000083700000|100%| O|  |TAMS 0x0000000083700000, 0x0000000083600000| Untracked 
|  55|0x0000000083700000, 0x0000000083800000, 0x0000000083800000|100%| O|  |TAMS 0x0000000083800000, 0x0000000083700000| Untracked 
|  56|0x0000000083800000, 0x0000000083900000, 0x0000000083900000|100%| O|  |TAMS 0x0000000083900000, 0x0000000083800000| Untracked 
|  57|0x0000000083900000, 0x0000000083a00000, 0x0000000083a00000|100%| O|  |TAMS 0x0000000083a00000, 0x0000000083900000| Untracked 
|  58|0x0000000083a00000, 0x0000000083b00000, 0x0000000083b00000|100%| O|  |TAMS 0x0000000083b00000, 0x0000000083a00000| Untracked 
|  59|0x0000000083b00000, 0x0000000083c00000, 0x0000000083c00000|100%| O|  |TAMS 0x0000000083c00000, 0x0000000083b00000| Untracked 
|  60|0x0000000083c00000, 0x0000000083d00000, 0x0000000083d00000|100%| O|  |TAMS 0x0000000083d00000, 0x0000000083c00000| Untracked 
|  61|0x0000000083d00000, 0x0000000083e00000, 0x0000000083e00000|100%| O|  |TAMS 0x0000000083e00000, 0x0000000083d00000| Untracked 
|  62|0x0000000083e00000, 0x0000000083f00000, 0x0000000083f00000|100%| O|  |TAMS 0x0000000083f00000, 0x0000000083e00000| Untracked 
|  63|0x0000000083f00000, 0x0000000084000000, 0x0000000084000000|100%| O|  |TAMS 0x0000000084000000, 0x0000000083f00000| Untracked 
|  64|0x0000000084000000, 0x0000000084100000, 0x0000000084100000|100%| O|  |TAMS 0x0000000084100000, 0x0000000084000000| Untracked 
|  65|0x0000000084100000, 0x0000000084200000, 0x0000000084200000|100%| O|  |TAMS 0x0000000084200000, 0x0000000084100000| Untracked 
|  66|0x0000000084200000, 0x0000000084300000, 0x0000000084300000|100%| O|  |TAMS 0x0000000084300000, 0x0000000084200000| Untracked 
|  67|0x0000000084300000, 0x0000000084400000, 0x0000000084400000|100%|HS|  |TAMS 0x0000000084400000, 0x0000000084300000| Complete 
|  68|0x0000000084400000, 0x0000000084500000, 0x0000000084500000|100%|HC|  |TAMS 0x0000000084500000, 0x0000000084400000| Complete 
|  69|0x0000000084500000, 0x0000000084600000, 0x0000000084600000|100%|HC|  |TAMS 0x0000000084600000, 0x0000000084500000| Complete 
|  70|0x0000000084600000, 0x0000000084700000, 0x0000000084700000|100%|HC|  |TAMS 0x0000000084700000, 0x0000000084600000| Complete 
|  71|0x0000000084700000, 0x0000000084800000, 0x0000000084800000|100%| O|  |TAMS 0x0000000084800000, 0x0000000084700000| Untracked 
|  72|0x0000000084800000, 0x0000000084900000, 0x0000000084900000|100%| O|  |TAMS 0x0000000084900000, 0x0000000084800000| Untracked 
|  73|0x0000000084900000, 0x0000000084a00000, 0x0000000084a00000|100%| O|  |TAMS 0x0000000084a00000, 0x0000000084900000| Untracked 
|  74|0x0000000084a00000, 0x0000000084b00000, 0x0000000084b00000|100%| O|  |TAMS 0x0000000084b00000, 0x0000000084a00000| Untracked 
|  75|0x0000000084b00000, 0x0000000084c00000, 0x0000000084c00000|100%| O|  |TAMS 0x0000000084c00000, 0x0000000084b00000| Untracked 
|  76|0x0000000084c00000, 0x0000000084d00000, 0x0000000084d00000|100%| O|  |TAMS 0x0000000084d00000, 0x0000000084c00000| Untracked 
|  77|0x0000000084d00000, 0x0000000084e00000, 0x0000000084e00000|100%| O|  |TAMS 0x0000000084e00000, 0x0000000084d00000| Untracked 
|  78|0x0000000084e00000, 0x0000000084f00000, 0x0000000084f00000|100%| O|  |TAMS 0x0000000084f00000, 0x0000000084e00000| Untracked 
|  79|0x0000000084f00000, 0x0000000085000000, 0x0000000085000000|100%| O|  |TAMS 0x0000000085000000, 0x0000000084f00000| Untracked 
|  80|0x0000000085000000, 0x0000000085100000, 0x0000000085100000|100%| O|  |TAMS 0x0000000085100000, 0x0000000085000000| Untracked 
|  81|0x0000000085100000, 0x0000000085200000, 0x0000000085200000|100%| O|  |TAMS 0x0000000085200000, 0x0000000085100000| Untracked 
|  82|0x0000000085200000, 0x0000000085300000, 0x0000000085300000|100%| O|  |TAMS 0x0000000085300000, 0x0000000085200000| Untracked 
|  83|0x0000000085300000, 0x0000000085400000, 0x0000000085400000|100%| O|  |TAMS 0x0000000085400000, 0x0000000085300000| Untracked 
|  84|0x0000000085400000, 0x0000000085500000, 0x0000000085500000|100%| O|  |TAMS 0x0000000085500000, 0x0000000085400000| Untracked 
|  85|0x0000000085500000, 0x0000000085600000, 0x0000000085600000|100%| O|  |TAMS 0x0000000085600000, 0x0000000085500000| Untracked 
|  86|0x0000000085600000, 0x0000000085700000, 0x0000000085700000|100%| O|  |TAMS 0x0000000085700000, 0x0000000085600000| Untracked 
|  87|0x0000000085700000, 0x0000000085800000, 0x0000000085800000|100%| O|  |TAMS 0x0000000085800000, 0x0000000085700000| Untracked 
|  88|0x0000000085800000, 0x0000000085900000, 0x0000000085900000|100%| O|  |TAMS 0x0000000085900000, 0x0000000085800000| Untracked 
|  89|0x0000000085900000, 0x0000000085a00000, 0x0000000085a00000|100%| O|  |TAMS 0x0000000085a00000, 0x0000000085900000| Untracked 
|  90|0x0000000085a00000, 0x0000000085b00000, 0x0000000085b00000|100%| O|  |TAMS 0x0000000085b00000, 0x0000000085a00000| Untracked 
|  91|0x0000000085b00000, 0x0000000085c00000, 0x0000000085c00000|100%| O|  |TAMS 0x0000000085c00000, 0x0000000085b00000| Untracked 
|  92|0x0000000085c00000, 0x0000000085d00000, 0x0000000085d00000|100%| O|  |TAMS 0x0000000085d00000, 0x0000000085c00000| Untracked 
|  93|0x0000000085d00000, 0x0000000085e00000, 0x0000000085e00000|100%| O|  |TAMS 0x0000000085e00000, 0x0000000085d00000| Untracked 
|  94|0x0000000085e00000, 0x0000000085f00000, 0x0000000085f00000|100%| O|  |TAMS 0x0000000085f00000, 0x0000000085e00000| Untracked 
|  95|0x0000000085f00000, 0x0000000086000000, 0x0000000086000000|100%| O|  |TAMS 0x0000000086000000, 0x0000000085f00000| Untracked 
|  96|0x0000000086000000, 0x0000000086100000, 0x0000000086100000|100%| O|  |TAMS 0x0000000086000000, 0x0000000086000000| Untracked 
|  97|0x0000000086100000, 0x0000000086200000, 0x0000000086200000|100%| O|  |TAMS 0x0000000086100000, 0x0000000086100000| Untracked 
|  98|0x0000000086200000, 0x0000000086300000, 0x0000000086300000|100%| O|  |TAMS 0x0000000086200000, 0x0000000086200000| Untracked 
|  99|0x0000000086300000, 0x0000000086400000, 0x0000000086400000|100%| O|  |TAMS 0x0000000086300000, 0x0000000086300000| Untracked 
| 100|0x0000000086400000, 0x0000000086500000, 0x0000000086500000|100%| O|  |TAMS 0x0000000086400000, 0x0000000086400000| Untracked 
| 101|0x0000000086500000, 0x0000000086600000, 0x0000000086600000|100%| O|  |TAMS 0x0000000086500000, 0x0000000086500000| Untracked 
| 102|0x0000000086600000, 0x0000000086700000, 0x0000000086700000|100%| O|  |TAMS 0x0000000086600000, 0x0000000086600000| Untracked 
| 103|0x0000000086700000, 0x00000000867b5c00, 0x0000000086800000| 70%| O|  |TAMS 0x0000000086700000, 0x0000000086700000| Untracked 
| 104|0x0000000086800000, 0x0000000086900000, 0x0000000086900000|100%| O|  |TAMS 0x0000000086900000, 0x0000000086800000| Untracked 
| 105|0x0000000086900000, 0x0000000086a00000, 0x0000000086a00000|100%| O|  |TAMS 0x0000000086a00000, 0x0000000086900000| Untracked 
| 106|0x0000000086a00000, 0x0000000086b00000, 0x0000000086b00000|100%| O|  |TAMS 0x0000000086b00000, 0x0000000086a00000| Untracked 
| 107|0x0000000086b00000, 0x0000000086c00000, 0x0000000086c00000|100%| O|  |TAMS 0x0000000086c00000, 0x0000000086b00000| Untracked 
| 108|0x0000000086c00000, 0x0000000086d00000, 0x0000000086d00000|100%| O|  |TAMS 0x0000000086d00000, 0x0000000086c00000| Untracked 
| 109|0x0000000086d00000, 0x0000000086e00000, 0x0000000086e00000|100%| O|  |TAMS 0x0000000086e00000, 0x0000000086d00000| Untracked 
| 110|0x0000000086e00000, 0x0000000086f00000, 0x0000000086f00000|100%| O|  |TAMS 0x0000000086f00000, 0x0000000086e00000| Untracked 
| 111|0x0000000086f00000, 0x0000000087000000, 0x0000000087000000|100%| O|  |TAMS 0x0000000087000000, 0x0000000086f00000| Untracked 
| 112|0x0000000087000000, 0x0000000087100000, 0x0000000087100000|100%| O|  |TAMS 0x0000000087100000, 0x0000000087000000| Untracked 
| 113|0x0000000087100000, 0x0000000087200000, 0x0000000087200000|100%| O|  |TAMS 0x0000000087200000, 0x0000000087100000| Untracked 
| 114|0x0000000087200000, 0x0000000087300000, 0x0000000087300000|100%| O|  |TAMS 0x0000000087293600, 0x0000000087200000| Untracked 
| 115|0x0000000087300000, 0x0000000087400000, 0x0000000087400000|100%| O|  |TAMS 0x0000000087300000, 0x0000000087300000| Untracked 
| 116|0x0000000087400000, 0x0000000087500000, 0x0000000087500000|100%| O|  |TAMS 0x0000000087400000, 0x0000000087400000| Untracked 
| 117|0x0000000087500000, 0x0000000087600000, 0x0000000087600000|100%| O|  |TAMS 0x0000000087500000, 0x0000000087500000| Untracked 
| 118|0x0000000087600000, 0x0000000087700000, 0x0000000087700000|100%| O|  |TAMS 0x0000000087600000, 0x0000000087600000| Untracked 
| 119|0x0000000087700000, 0x0000000087800000, 0x0000000087800000|100%| O|  |TAMS 0x0000000087700000, 0x0000000087700000| Untracked 
| 120|0x0000000087800000, 0x0000000087900000, 0x0000000087900000|100%| O|  |TAMS 0x0000000087800000, 0x0000000087800000| Untracked 
| 121|0x0000000087900000, 0x0000000087a00000, 0x0000000087a00000|100%| O|  |TAMS 0x0000000087900000, 0x0000000087900000| Untracked 
| 122|0x0000000087a00000, 0x0000000087b00000, 0x0000000087b00000|100%| O|  |TAMS 0x0000000087a00000, 0x0000000087a00000| Untracked 
| 123|0x0000000087b00000, 0x0000000087c00000, 0x0000000087c00000|100%| O|  |TAMS 0x0000000087b00000, 0x0000000087b00000| Untracked 
| 124|0x0000000087c00000, 0x0000000087d00000, 0x0000000087d00000|100%| O|  |TAMS 0x0000000087c00000, 0x0000000087c00000| Untracked 
| 125|0x0000000087d00000, 0x0000000087e00000, 0x0000000087e00000|100%| O|  |TAMS 0x0000000087d00000, 0x0000000087d00000| Untracked 
| 126|0x0000000087e00000, 0x0000000087e00000, 0x0000000087f00000|  0%| F|  |TAMS 0x0000000087e00000, 0x0000000087e00000| Untracked 
| 127|0x0000000087f00000, 0x0000000087f00000, 0x0000000088000000|  0%| F|  |TAMS 0x0000000087f00000, 0x0000000087f00000| Untracked 
| 128|0x0000000088000000, 0x0000000088000000, 0x0000000088100000|  0%| F|  |TAMS 0x0000000088000000, 0x0000000088000000| Untracked 
| 129|0x0000000088100000, 0x0000000088100000, 0x0000000088200000|  0%| F|  |TAMS 0x0000000088100000, 0x0000000088100000| Untracked 
| 130|0x0000000088200000, 0x0000000088200000, 0x0000000088300000|  0%| F|  |TAMS 0x0000000088200000, 0x0000000088200000| Untracked 
| 131|0x0000000088300000, 0x0000000088300000, 0x0000000088400000|  0%| F|  |TAMS 0x0000000088300000, 0x0000000088300000| Untracked 
| 132|0x0000000088400000, 0x0000000088400000, 0x0000000088500000|  0%| F|  |TAMS 0x0000000088400000, 0x0000000088400000| Untracked 
| 133|0x0000000088500000, 0x0000000088500000, 0x0000000088600000|  0%| F|  |TAMS 0x0000000088500000, 0x0000000088500000| Untracked 
| 134|0x0000000088600000, 0x0000000088600000, 0x0000000088700000|  0%| F|  |TAMS 0x0000000088600000, 0x0000000088600000| Untracked 
| 135|0x0000000088700000, 0x0000000088700000, 0x0000000088800000|  0%| F|  |TAMS 0x0000000088700000, 0x0000000088700000| Untracked 
| 136|0x0000000088800000, 0x0000000088800000, 0x0000000088900000|  0%| F|  |TAMS 0x0000000088800000, 0x0000000088800000| Untracked 
| 137|0x0000000088900000, 0x0000000088900000, 0x0000000088a00000|  0%| F|  |TAMS 0x0000000088900000, 0x0000000088900000| Untracked 
| 138|0x0000000088a00000, 0x0000000088a00000, 0x0000000088b00000|  0%| F|  |TAMS 0x0000000088a00000, 0x0000000088a00000| Untracked 
| 139|0x0000000088b00000, 0x0000000088b00000, 0x0000000088c00000|  0%| F|  |TAMS 0x0000000088b00000, 0x0000000088b00000| Untracked 
| 140|0x0000000088c00000, 0x0000000088c00000, 0x0000000088d00000|  0%| F|  |TAMS 0x0000000088c00000, 0x0000000088c00000| Untracked 
| 141|0x0000000088d00000, 0x0000000088d00000, 0x0000000088e00000|  0%| F|  |TAMS 0x0000000088d00000, 0x0000000088d00000| Untracked 
| 142|0x0000000088e00000, 0x0000000088e00000, 0x0000000088f00000|  0%| F|  |TAMS 0x0000000088e00000, 0x0000000088e00000| Untracked 
| 143|0x0000000088f00000, 0x0000000088f00000, 0x0000000089000000|  0%| F|  |TAMS 0x0000000088f00000, 0x0000000088f00000| Untracked 
| 144|0x0000000089000000, 0x0000000089000000, 0x0000000089100000|  0%| F|  |TAMS 0x0000000089000000, 0x0000000089000000| Untracked 
| 145|0x0000000089100000, 0x0000000089100000, 0x0000000089200000|  0%| F|  |TAMS 0x0000000089100000, 0x0000000089100000| Untracked 
| 146|0x0000000089200000, 0x0000000089300000, 0x0000000089300000|100%| S|CS|TAMS 0x0000000089200000, 0x0000000089200000| Complete 
| 147|0x0000000089300000, 0x0000000089400000, 0x0000000089400000|100%| S|CS|TAMS 0x0000000089300000, 0x0000000089300000| Complete 
| 148|0x0000000089400000, 0x0000000089500000, 0x0000000089500000|100%| S|CS|TAMS 0x0000000089400000, 0x0000000089400000| Complete 
| 149|0x0000000089500000, 0x0000000089600000, 0x0000000089600000|100%| S|CS|TAMS 0x0000000089500000, 0x0000000089500000| Complete 
| 150|0x0000000089600000, 0x0000000089600000, 0x0000000089700000|  0%| F|  |TAMS 0x0000000089600000, 0x0000000089600000| Untracked 
| 151|0x0000000089700000, 0x0000000089700000, 0x0000000089800000|  0%| F|  |TAMS 0x0000000089700000, 0x0000000089700000| Untracked 
| 152|0x0000000089800000, 0x0000000089800000, 0x0000000089900000|  0%| F|  |TAMS 0x0000000089800000, 0x0000000089800000| Untracked 
| 153|0x0000000089900000, 0x0000000089a00000, 0x0000000089a00000|100%| S|CS|TAMS 0x0000000089900000, 0x0000000089900000| Complete 
| 154|0x0000000089a00000, 0x0000000089a00000, 0x0000000089b00000|  0%| F|  |TAMS 0x0000000089a00000, 0x0000000089a00000| Untracked 
| 155|0x0000000089b00000, 0x0000000089b00000, 0x0000000089c00000|  0%| F|  |TAMS 0x0000000089b00000, 0x0000000089b00000| Untracked 
| 156|0x0000000089c00000, 0x0000000089c00000, 0x0000000089d00000|  0%| F|  |TAMS 0x0000000089c00000, 0x0000000089c00000| Untracked 
| 157|0x0000000089d00000, 0x0000000089d00000, 0x0000000089e00000|  0%| F|  |TAMS 0x0000000089d00000, 0x0000000089d00000| Untracked 
| 158|0x0000000089e00000, 0x0000000089e00000, 0x0000000089f00000|  0%| F|  |TAMS 0x0000000089e00000, 0x0000000089e00000| Untracked 
| 159|0x0000000089f00000, 0x0000000089f00000, 0x000000008a000000|  0%| F|  |TAMS 0x0000000089f00000, 0x0000000089f00000| Untracked 
| 160|0x000000008a000000, 0x000000008a000000, 0x000000008a100000|  0%| F|  |TAMS 0x000000008a000000, 0x000000008a000000| Untracked 
| 161|0x000000008a100000, 0x000000008a100000, 0x000000008a200000|  0%| F|  |TAMS 0x000000008a100000, 0x000000008a100000| Untracked 
| 162|0x000000008a200000, 0x000000008a200000, 0x000000008a300000|  0%| F|  |TAMS 0x000000008a200000, 0x000000008a200000| Untracked 
| 163|0x000000008a300000, 0x000000008a300000, 0x000000008a400000|  0%| F|  |TAMS 0x000000008a300000, 0x000000008a300000| Untracked 
| 164|0x000000008a400000, 0x000000008a400000, 0x000000008a500000|  0%| F|  |TAMS 0x000000008a400000, 0x000000008a400000| Untracked 
| 165|0x000000008a500000, 0x000000008a500000, 0x000000008a600000|  0%| F|  |TAMS 0x000000008a500000, 0x000000008a500000| Untracked 
| 166|0x000000008a600000, 0x000000008a600000, 0x000000008a700000|  0%| F|  |TAMS 0x000000008a600000, 0x000000008a600000| Untracked 
| 167|0x000000008a700000, 0x000000008a700000, 0x000000008a800000|  0%| F|  |TAMS 0x000000008a700000, 0x000000008a700000| Untracked 
| 168|0x000000008a800000, 0x000000008a800000, 0x000000008a900000|  0%| F|  |TAMS 0x000000008a800000, 0x000000008a800000| Untracked 
| 169|0x000000008a900000, 0x000000008a900000, 0x000000008aa00000|  0%| F|  |TAMS 0x000000008a900000, 0x000000008a900000| Untracked 
| 170|0x000000008aa00000, 0x000000008aa00000, 0x000000008ab00000|  0%| F|  |TAMS 0x000000008aa00000, 0x000000008aa00000| Untracked 
| 171|0x000000008ab00000, 0x000000008ab00000, 0x000000008ac00000|  0%| F|  |TAMS 0x000000008ab00000, 0x000000008ab00000| Untracked 
| 172|0x000000008ac00000, 0x000000008ac00000, 0x000000008ad00000|  0%| F|  |TAMS 0x000000008ac00000, 0x000000008ac00000| Untracked 
| 173|0x000000008ad00000, 0x000000008ad00000, 0x000000008ae00000|  0%| F|  |TAMS 0x000000008ad00000, 0x000000008ad00000| Untracked 
| 174|0x000000008ae00000, 0x000000008ae00000, 0x000000008af00000|  0%| F|  |TAMS 0x000000008ae00000, 0x000000008ae00000| Untracked 
| 175|0x000000008af00000, 0x000000008af00000, 0x000000008b000000|  0%| F|  |TAMS 0x000000008af00000, 0x000000008af00000| Untracked 
| 176|0x000000008b000000, 0x000000008b000000, 0x000000008b100000|  0%| F|  |TAMS 0x000000008b000000, 0x000000008b000000| Untracked 
| 177|0x000000008b100000, 0x000000008b100000, 0x000000008b200000|  0%| F|  |TAMS 0x000000008b100000, 0x000000008b100000| Untracked 
| 178|0x000000008b200000, 0x000000008b200000, 0x000000008b300000|  0%| F|  |TAMS 0x000000008b200000, 0x000000008b200000| Untracked 
| 179|0x000000008b300000, 0x000000008b300000, 0x000000008b400000|  0%| F|  |TAMS 0x000000008b300000, 0x000000008b300000| Untracked 
| 180|0x000000008b400000, 0x000000008b400000, 0x000000008b500000|  0%| F|  |TAMS 0x000000008b400000, 0x000000008b400000| Untracked 
| 181|0x000000008b500000, 0x000000008b500000, 0x000000008b600000|  0%| F|  |TAMS 0x000000008b500000, 0x000000008b500000| Untracked 
| 182|0x000000008b600000, 0x000000008b600000, 0x000000008b700000|  0%| F|  |TAMS 0x000000008b600000, 0x000000008b600000| Untracked 
| 183|0x000000008b700000, 0x000000008b700000, 0x000000008b800000|  0%| F|  |TAMS 0x000000008b700000, 0x000000008b700000| Untracked 
| 184|0x000000008b800000, 0x000000008b800000, 0x000000008b900000|  0%| F|  |TAMS 0x000000008b800000, 0x000000008b800000| Untracked 
| 185|0x000000008b900000, 0x000000008b900000, 0x000000008ba00000|  0%| F|  |TAMS 0x000000008b900000, 0x000000008b900000| Untracked 
| 186|0x000000008ba00000, 0x000000008ba00000, 0x000000008bb00000|  0%| F|  |TAMS 0x000000008ba00000, 0x000000008ba00000| Untracked 
| 187|0x000000008bb00000, 0x000000008bb014d0, 0x000000008bc00000|  0%| E|  |TAMS 0x000000008bb00000, 0x000000008bb00000| Complete 
| 188|0x000000008bc00000, 0x000000008bd00000, 0x000000008bd00000|100%| E|CS|TAMS 0x000000008bc00000, 0x000000008bc00000| Complete 
| 189|0x000000008bd00000, 0x000000008be00000, 0x000000008be00000|100%| E|CS|TAMS 0x000000008bd00000, 0x000000008bd00000| Complete 
| 190|0x000000008be00000, 0x000000008bf00000, 0x000000008bf00000|100%| E|CS|TAMS 0x000000008be00000, 0x000000008be00000| Complete 
| 191|0x000000008bf00000, 0x000000008c000000, 0x000000008c000000|100%| E|CS|TAMS 0x000000008bf00000, 0x000000008bf00000| Complete 
| 192|0x000000008c000000, 0x000000008c100000, 0x000000008c100000|100%| E|CS|TAMS 0x000000008c000000, 0x000000008c000000| Complete 
| 193|0x000000008c100000, 0x000000008c200000, 0x000000008c200000|100%| E|CS|TAMS 0x000000008c100000, 0x000000008c100000| Complete 
| 194|0x000000008c200000, 0x000000008c300000, 0x000000008c300000|100%| E|CS|TAMS 0x000000008c200000, 0x000000008c200000| Complete 
| 195|0x000000008c300000, 0x000000008c400000, 0x000000008c400000|100%| E|CS|TAMS 0x000000008c300000, 0x000000008c300000| Complete 
| 196|0x000000008c400000, 0x000000008c500000, 0x000000008c500000|100%| E|CS|TAMS 0x000000008c400000, 0x000000008c400000| Complete 
| 197|0x000000008c500000, 0x000000008c600000, 0x000000008c600000|100%| E|CS|TAMS 0x000000008c500000, 0x000000008c500000| Complete 
| 198|0x000000008c600000, 0x000000008c700000, 0x000000008c700000|100%| E|CS|TAMS 0x000000008c600000, 0x000000008c600000| Complete 
| 199|0x000000008c700000, 0x000000008c800000, 0x000000008c800000|100%| E|CS|TAMS 0x000000008c700000, 0x000000008c700000| Complete 
| 200|0x000000008c800000, 0x000000008c900000, 0x000000008c900000|100%| E|CS|TAMS 0x000000008c800000, 0x000000008c800000| Complete 
| 201|0x000000008c900000, 0x000000008ca00000, 0x000000008ca00000|100%| E|CS|TAMS 0x000000008c900000, 0x000000008c900000| Complete 
| 221|0x000000008dd00000, 0x000000008de00000, 0x000000008de00000|100%| E|CS|TAMS 0x000000008dd00000, 0x000000008dd00000| Complete 
|2046|0x00000000ffe00000, 0x00000000fff00000, 0x00000000fff00000|100%| O|  |TAMS 0x00000000fff00000, 0x00000000ffe00000| Untracked 
|2047|0x00000000fff00000, 0x0000000100000000, 0x0000000100000000|100%| O|  |TAMS 0x0000000100000000, 0x00000000fff00000| Untracked 

Card table byte_map: [0x0000016a74d70000,0x0000016a75170000] _byte_map_base: 0x0000016a74970000

Marking Bits (Prev, Next): (CMBitMap*) 0x0000016a5b8dd150, (CMBitMap*) 0x0000016a5b8dd190
 Prev Bits: [0x0000016a75570000, 0x0000016a77570000)
 Next Bits: [0x0000016a77570000, 0x0000016a79570000)

Polling page: 0x0000016a5b560000

Metaspace:

Usage:
  Non-class:    114.39 MB used.
      Class:     16.86 MB used.
       Both:    131.25 MB used.

Virtual space:
  Non-class space:      128.00 MB reserved,     114.94 MB ( 90%) committed,  2 nodes.
      Class space:      416.00 MB reserved,      17.38 MB (  4%) committed,  1 nodes.
             Both:      544.00 MB reserved,     132.31 MB ( 24%) committed. 

Chunk freelists:
   Non-Class:  12.66 MB
       Class:  14.50 MB
        Both:  27.15 MB

MaxMetaspaceSize: 512.00 MB
CompressedClassSpaceSize: 416.00 MB
Initial GC threshold: 21.00 MB
Current GC threshold: 168.75 MB
CDS: on
MetaspaceReclaimPolicy: balanced
 - commit_granule_bytes: 65536.
 - commit_granule_words: 8192.
 - virtual_space_node_default_size: 8388608.
 - enlarge_chunks_in_place: 1.
 - new_chunks_are_fully_committed: 0.
 - uncommit_free_chunks: 1.
 - use_allocation_guard: 0.
 - handle_deallocations: 1.


Internal statistics:

num_allocs_failed_limit: 9.
num_arena_births: 1412.
num_arena_deaths: 28.
num_vsnodes_births: 3.
num_vsnodes_deaths: 0.
num_space_committed: 2115.
num_space_uncommitted: 0.
num_chunks_returned_to_freelist: 63.
num_chunks_taken_from_freelist: 6626.
num_chunk_merges: 13.
num_chunk_splits: 4769.
num_chunks_enlarged: 3547.
num_inconsistent_stats: 0.

CodeHeap 'non-profiled nmethods': size=119168Kb used=9312Kb max_used=9312Kb free=109855Kb
 bounds [0x0000016a6c540000, 0x0000016a6ce60000, 0x0000016a739a0000]
CodeHeap 'profiled nmethods': size=119104Kb used=36363Kb max_used=36363Kb free=82740Kb
 bounds [0x0000016a649a0000, 0x0000016a66d30000, 0x0000016a6bdf0000]
CodeHeap 'non-nmethods': size=7488Kb used=2561Kb max_used=4327Kb free=4927Kb
 bounds [0x0000016a6bdf0000, 0x0000016a6c240000, 0x0000016a6c540000]
 total_blobs=17292 nmethods=16170 adapters=1031
 compilation: enabled
              stopped_count=0, restarted_count=0
 full_count=0

Compilation events (20 events):
Event: 88.285 Thread 0x0000016a7c69a910 nmethod 18660 0x0000016a6ce4ec90 code [0x0000016a6ce4eea0, 0x0000016a6ce4f510]
Event: 88.287 Thread 0x0000016a7c6ad240 18666       3       org.gradle.internal.logging.text.AbstractLineChoppingStyledTextOutput$1::execute (9 bytes)
Event: 88.288 Thread 0x0000016a7c6ad240 nmethod 18666 0x0000016a66d20f10 code [0x0000016a66d210c0, 0x0000016a66d212e8]
Event: 88.295 Thread 0x0000016a22f60c20 nmethod 18665 0x0000016a6ce4fb10 code [0x0000016a6ce4fcc0, 0x0000016a6ce4ffd8]
Event: 88.316 Thread 0x0000016a7c6ad240 18667   !   3       java.io.Writer::write (52 bytes)
Event: 88.317 Thread 0x0000016a7c6ad240 nmethod 18667 0x0000016a66d21390 code [0x0000016a66d21560, 0x0000016a66d219a8]
Event: 88.317 Thread 0x0000016a7c6ad240 18668       3       org.apache.groovy.io.StringBuilderWriter::write (16 bytes)
Event: 88.318 Thread 0x0000016a7c6ad240 nmethod 18668 0x0000016a66d21b90 code [0x0000016a66d21d40, 0x0000016a66d21f28]
Event: 88.318 Thread 0x0000016a7c69a910 18669       4       java.lang.AbstractStringBuilder::append (33 bytes)
Event: 88.319 Thread 0x0000016a22f636a0 18670   !   4       java.io.Writer::write (52 bytes)
Event: 88.320 Thread 0x0000016a22f60c20 18671       4       org.apache.groovy.io.StringBuilderWriter::write (16 bytes)
Event: 88.344 Thread 0x0000016a22f636a0 nmethod 18670 0x0000016a6ce50390 code [0x0000016a6ce50540, 0x0000016a6ce50e18]
Event: 88.352 Thread 0x0000016a7c69a910 nmethod 18669 0x0000016a6ce51310 code [0x0000016a6ce514c0, 0x0000016a6ce51d58]
Event: 88.355 Thread 0x0000016a22f60c20 nmethod 18671 0x0000016a6ce52190 code [0x0000016a6ce52340, 0x0000016a6ce52bf8]
Event: 88.375 Thread 0x0000016a7c6ad240 18672       3       java.io.BufferedReader::fill (170 bytes)
Event: 88.376 Thread 0x0000016a7c6ad240 nmethod 18672 0x0000016a66d22010 code [0x0000016a66d22200, 0x0000016a66d22888]
Event: 88.544 Thread 0x0000016a22f606d0 nmethod 18661 0x0000016a6ce53110 code [0x0000016a6ce534e0, 0x0000016a6ce56678]
Event: 90.896 Thread 0x0000016a7c6ad240 18673       3       java.lang.Thread::interrupted (23 bytes)
Event: 90.896 Thread 0x0000016a7c6ad240 nmethod 18673 0x0000016a66d22a10 code [0x0000016a66d22bc0, 0x0000016a66d22d48]
Event: 92.765 Thread 0x0000016a22f636a0 18674       4       javax.management.ObjectName::construct (1135 bytes)

GC Heap History (20 events):
Event: 43.714 GC heap before
{Heap before GC invocations=27 (full 0):
 garbage-first heap   total 201728K, used 164515K [0x0000000080000000, 0x0000000100000000)
  region size 1024K, 49 young (50176K), 3 survivors (3072K)
 Metaspace       used 99931K, committed 100736K, reserved 557056K
  class space    used 13316K, committed 13696K, reserved 425984K
}
Event: 43.719 GC heap after
{Heap after GC invocations=28 (full 0):
 garbage-first heap   total 201728K, used 118980K [0x0000000080000000, 0x0000000100000000)
  region size 1024K, 6 young (6144K), 6 survivors (6144K)
 Metaspace       used 99931K, committed 100736K, reserved 557056K
  class space    used 13316K, committed 13696K, reserved 425984K
}
Event: 43.827 GC heap before
{Heap before GC invocations=28 (full 0):
 garbage-first heap   total 201728K, used 121028K [0x0000000080000000, 0x0000000100000000)
  region size 1024K, 9 young (9216K), 6 survivors (6144K)
 Metaspace       used 100336K, committed 101184K, reserved 557056K
  class space    used 13367K, committed 13760K, reserved 425984K
}
Event: 43.831 GC heap after
{Heap after GC invocations=29 (full 0):
 garbage-first heap   total 201728K, used 119246K [0x0000000080000000, 0x0000000100000000)
  region size 1024K, 1 young (1024K), 1 survivors (1024K)
 Metaspace       used 100336K, committed 101184K, reserved 557056K
  class space    used 13367K, committed 13760K, reserved 425984K
}
Event: 45.090 GC heap before
{Heap before GC invocations=29 (full 0):
 garbage-first heap   total 201728K, used 167374K [0x0000000080000000, 0x0000000100000000)
  region size 1024K, 48 young (49152K), 1 survivors (1024K)
 Metaspace       used 102650K, committed 103488K, reserved 557056K
  class space    used 13587K, committed 14016K, reserved 425984K
}
Event: 45.094 GC heap after
{Heap after GC invocations=30 (full 0):
 garbage-first heap   total 201728K, used 122627K [0x0000000080000000, 0x0000000100000000)
  region size 1024K, 5 young (5120K), 5 survivors (5120K)
 Metaspace       used 102650K, committed 103488K, reserved 557056K
  class space    used 13587K, committed 14016K, reserved 425984K
}
Event: 47.142 GC heap before
{Heap before GC invocations=31 (full 0):
 garbage-first heap   total 209920K, used 167683K [0x0000000080000000, 0x0000000100000000)
  region size 1024K, 49 young (50176K), 5 survivors (5120K)
 Metaspace       used 106114K, committed 107072K, reserved 557056K
  class space    used 13895K, committed 14336K, reserved 425984K
}
Event: 47.149 GC heap after
{Heap after GC invocations=32 (full 0):
 garbage-first heap   total 209920K, used 127957K [0x0000000080000000, 0x0000000100000000)
  region size 1024K, 6 young (6144K), 6 survivors (6144K)
 Metaspace       used 106114K, committed 107072K, reserved 557056K
  class space    used 13895K, committed 14336K, reserved 425984K
}
Event: 47.302 GC heap before
{Heap before GC invocations=32 (full 0):
 garbage-first heap   total 209920K, used 132053K [0x0000000080000000, 0x0000000100000000)
  region size 1024K, 10 young (10240K), 6 survivors (6144K)
 Metaspace       used 106265K, committed 107200K, reserved 557056K
  class space    used 13898K, committed 14336K, reserved 425984K
}
Event: 47.308 GC heap after
{Heap after GC invocations=33 (full 0):
 garbage-first heap   total 209920K, used 128356K [0x0000000080000000, 0x0000000100000000)
  region size 1024K, 1 young (1024K), 1 survivors (1024K)
 Metaspace       used 106265K, committed 107200K, reserved 557056K
  class space    used 13898K, committed 14336K, reserved 425984K
}
Event: 48.967 GC heap before
{Heap before GC invocations=33 (full 0):
 garbage-first heap   total 209920K, used 174436K [0x0000000080000000, 0x0000000100000000)
  region size 1024K, 46 young (47104K), 1 survivors (1024K)
 Metaspace       used 112110K, committed 112960K, reserved 557056K
  class space    used 14519K, committed 14912K, reserved 425984K
}
Event: 48.973 GC heap after
{Heap after GC invocations=34 (full 0):
 garbage-first heap   total 209920K, used 130698K [0x0000000080000000, 0x0000000100000000)
  region size 1024K, 4 young (4096K), 4 survivors (4096K)
 Metaspace       used 112110K, committed 112960K, reserved 557056K
  class space    used 14519K, committed 14912K, reserved 425984K
}
Event: 50.278 GC heap before
{Heap before GC invocations=34 (full 0):
 garbage-first heap   total 209920K, used 174730K [0x0000000080000000, 0x0000000100000000)
  region size 1024K, 47 young (48128K), 4 survivors (4096K)
 Metaspace       used 119005K, committed 119936K, reserved 557056K
  class space    used 15314K, committed 15744K, reserved 425984K
}
Event: 50.282 GC heap after
{Heap after GC invocations=35 (full 0):
 garbage-first heap   total 209920K, used 132248K [0x0000000080000000, 0x0000000100000000)
  region size 1024K, 5 young (5120K), 5 survivors (5120K)
 Metaspace       used 119005K, committed 119936K, reserved 557056K
  class space    used 15314K, committed 15744K, reserved 425984K
}
Event: 52.090 GC heap before
{Heap before GC invocations=35 (full 0):
 garbage-first heap   total 209920K, used 176280K [0x0000000080000000, 0x0000000100000000)
  region size 1024K, 49 young (50176K), 5 survivors (5120K)
 Metaspace       used 125203K, committed 126144K, reserved 557056K
  class space    used 15920K, committed 16384K, reserved 425984K
}
Event: 52.096 GC heap after
{Heap after GC invocations=36 (full 0):
 garbage-first heap   total 209920K, used 133064K [0x0000000080000000, 0x0000000100000000)
  region size 1024K, 3 young (3072K), 3 survivors (3072K)
 Metaspace       used 125203K, committed 126144K, reserved 557056K
  class space    used 15920K, committed 16384K, reserved 425984K
}
Event: 54.382 GC heap before
{Heap before GC invocations=36 (full 0):
 garbage-first heap   total 209920K, used 178120K [0x0000000080000000, 0x0000000100000000)
  region size 1024K, 47 young (48128K), 3 survivors (3072K)
 Metaspace       used 127753K, committed 128768K, reserved 557056K
  class space    used 16306K, committed 16768K, reserved 425984K
}
Event: 54.389 GC heap after
{Heap after GC invocations=37 (full 0):
 garbage-first heap   total 209920K, used 130736K [0x0000000080000000, 0x0000000100000000)
  region size 1024K, 6 young (6144K), 6 survivors (6144K)
 Metaspace       used 127753K, committed 128768K, reserved 557056K
  class space    used 16306K, committed 16768K, reserved 425984K
}
Event: 56.897 GC heap before
{Heap before GC invocations=37 (full 0):
 garbage-first heap   total 209920K, used 177840K [0x0000000080000000, 0x0000000100000000)
  region size 1024K, 52 young (53248K), 6 survivors (6144K)
 Metaspace       used 131919K, committed 132864K, reserved 557056K
  class space    used 16887K, committed 17344K, reserved 425984K
}
Event: 56.907 GC heap after
{Heap after GC invocations=38 (full 0):
 garbage-first heap   total 209920K, used 135849K [0x0000000080000000, 0x0000000100000000)
  region size 1024K, 5 young (5120K), 5 survivors (5120K)
 Metaspace       used 131919K, committed 132864K, reserved 557056K
  class space    used 16887K, committed 17344K, reserved 425984K
}

Dll operation events (15 events):
Event: 0.028 Loaded shared library C:\Program Files\Eclipse Adoptium\jdk-17.0.19.10-hotspot\bin\java.dll
Event: 0.062 Loaded shared library C:\Program Files\Eclipse Adoptium\jdk-17.0.19.10-hotspot\bin\jsvml.dll
Event: 0.182 Loaded shared library C:\Program Files\Eclipse Adoptium\jdk-17.0.19.10-hotspot\bin\net.dll
Event: 0.191 Loaded shared library C:\Program Files\Eclipse Adoptium\jdk-17.0.19.10-hotspot\bin\nio.dll
Event: 0.199 Loaded shared library C:\Program Files\Eclipse Adoptium\jdk-17.0.19.10-hotspot\bin\zip.dll
Event: 0.644 Loaded shared library C:\Program Files\Eclipse Adoptium\jdk-17.0.19.10-hotspot\bin\jimage.dll
Event: 0.787 Loaded shared library C:\Program Files\Eclipse Adoptium\jdk-17.0.19.10-hotspot\bin\verify.dll
Event: 1.161 Loaded shared library C:\Users\Albin\.gradle\native\68d5fa5c4cc2d200863cafc0d521ce42e7d3e7ee720ec0a83991735586a16f82\windows-amd64\native-platform.dll
Event: 1.178 Loaded shared library C:\Users\Albin\.gradle\native\e376f236ea51e6404a007f0833ffe2c6e607c4080706a723a18a27aeea778392\windows-amd64\native-platform-file-events.dll
Event: 2.676 Loaded shared library C:\Program Files\Eclipse Adoptium\jdk-17.0.19.10-hotspot\bin\management.dll
Event: 2.684 Loaded shared library C:\Program Files\Eclipse Adoptium\jdk-17.0.19.10-hotspot\bin\management_ext.dll
Event: 3.143 Loaded shared library C:\Program Files\Eclipse Adoptium\jdk-17.0.19.10-hotspot\bin\extnet.dll
Event: 3.631 Loaded shared library C:\Program Files\Eclipse Adoptium\jdk-17.0.19.10-hotspot\bin\sunmscapi.dll
Event: 57.280 Loaded shared library C:\Users\Albin\AppData\Local\Temp\native-platform8144432176100612700dir\native-platform.dll
Event: 58.873 Loaded shared library C:\Program Files\Eclipse Adoptium\jdk-17.0.19.10-hotspot\bin\rmi.dll

Deoptimization events (20 events):
Event: 58.888 Thread 0x0000016a7d290760 DEOPT PACKING pc=0x0000016a6ce232ec sp=0x00000010c3cfcb60
Event: 58.888 Thread 0x0000016a7d290760 DEOPT UNPACKING pc=0x0000016a6be469a3 sp=0x00000010c3cfca48 mode 2
Event: 58.910 Thread 0x0000016a7d290760 Uncommon trap: trap_request=0xffffffde fr.pc=0x0000016a6cdcbdec relative=0x000000000000014c
Event: 58.910 Thread 0x0000016a7d290760 Uncommon trap: reason=class_check action=maybe_recompile pc=0x0000016a6cdcbdec method=java.lang.reflect.Array.newInstance(Ljava/lang/Class;I)Ljava/lang/Object; @ 2 c2
Event: 58.910 Thread 0x0000016a7d290760 DEOPT PACKING pc=0x0000016a6cdcbdec sp=0x00000010c3cfc840
Event: 58.910 Thread 0x0000016a7d290760 DEOPT UNPACKING pc=0x0000016a6be469a3 sp=0x00000010c3cfc7d8 mode 2
Event: 59.027 Thread 0x0000016a7d290760 DEOPT PACKING pc=0x0000016a64e7240d sp=0x00000010c3cfcf90
Event: 59.027 Thread 0x0000016a7d290760 DEOPT UNPACKING pc=0x0000016a6be47143 sp=0x00000010c3cfc4a0 mode 0
Event: 59.118 Thread 0x0000016a1f774240 Uncommon trap: trap_request=0xffffffde fr.pc=0x0000016a6cdcbdec relative=0x000000000000014c
Event: 59.118 Thread 0x0000016a1f774240 Uncommon trap: reason=class_check action=maybe_recompile pc=0x0000016a6cdcbdec method=java.lang.reflect.Array.newInstance(Ljava/lang/Class;I)Ljava/lang/Object; @ 2 c2
Event: 59.118 Thread 0x0000016a1f774240 DEOPT PACKING pc=0x0000016a6cdcbdec sp=0x00000010c41fdcf0
Event: 59.118 Thread 0x0000016a1f774240 DEOPT UNPACKING pc=0x0000016a6be469a3 sp=0x00000010c41fdc88 mode 2
Event: 88.233 Thread 0x0000016a7d290760 Uncommon trap: trap_request=0xffffff45 fr.pc=0x0000016a6cdcb314 relative=0x0000000000000074
Event: 88.233 Thread 0x0000016a7d290760 Uncommon trap: reason=unstable_if action=reinterpret pc=0x0000016a6cdcb314 method=org.gradle.internal.logging.slf4j.OutputEventListenerBackedLogger.isLevelAtMost(Lorg/gradle/api/logging/LogLevel;)Z @ 11 c2
Event: 88.233 Thread 0x0000016a7d290760 DEOPT PACKING pc=0x0000016a6cdcb314 sp=0x00000010c3cfdac0
Event: 88.233 Thread 0x0000016a7d290760 DEOPT UNPACKING pc=0x0000016a6be469a3 sp=0x00000010c3cfda60 mode 2
Event: 88.287 Thread 0x0000016a7d290760 Uncommon trap: trap_request=0xffffff45 fr.pc=0x0000016a6ce4bc4c relative=0x000000000000054c
Event: 88.287 Thread 0x0000016a7d290760 Uncommon trap: reason=unstable_if action=reinterpret pc=0x0000016a6ce4bc4c method=org.gradle.internal.logging.text.AbstractLineChoppingStyledTextOutput$2.execute(Lorg/gradle/internal/logging/text/AbstractLineChoppingStyledTextOutput$StateContext;)V @ 34 c
Event: 88.287 Thread 0x0000016a7d290760 DEOPT PACKING pc=0x0000016a6ce4bc4c sp=0x00000010c3cfd050
Event: 88.287 Thread 0x0000016a7d290760 DEOPT UNPACKING pc=0x0000016a6be469a3 sp=0x00000010c3cfced8 mode 2

Classes loaded (20 events):
Event: 59.116 Loading class sun/rmi/transport/Transport$1
Event: 59.116 Loading class sun/rmi/transport/Transport$1 done
Event: 59.118 Loading class sun/rmi/transport/DGCImpl$LeaseInfo
Event: 59.118 Loading class sun/rmi/transport/DGCImpl$LeaseInfo done
Event: 59.118 Loading class sun/rmi/transport/DGCImpl$1
Event: 59.118 Loading class sun/rmi/transport/DGCImpl$1 done
Event: 59.118 Loading class sun/rmi/transport/SequenceEntry
Event: 59.118 Loading class sun/rmi/transport/SequenceEntry done
Event: 85.022 Loading class java/time/Instant$1
Event: 85.022 Loading class java/time/Instant$1 done
Event: 88.231 Loading class sun/net/ConnectionResetException
Event: 88.231 Loading class sun/net/ConnectionResetException done
Event: 88.235 Loading class java/lang/Throwable$WrappedPrintWriter
Event: 88.236 Loading class java/lang/Throwable$PrintStreamOrWriter
Event: 88.236 Loading class java/lang/Throwable$PrintStreamOrWriter done
Event: 88.236 Loading class java/lang/Throwable$WrappedPrintWriter done
Event: 88.238 Loading class java/lang/StackTraceElement$HashedModules
Event: 88.238 Loading class java/lang/StackTraceElement$HashedModules done
Event: 88.256 Loading class sun/net/util/SocketExceptions
Event: 88.257 Loading class sun/net/util/SocketExceptions done

Classes unloaded (20 events):
Event: 39.697 Thread 0x0000016a7c0ce4d0 Unloading class 0x0000016a015ae000 '_BuildScript_'
Event: 39.697 Thread 0x0000016a7c0ce4d0 Unloading class 0x0000016a015ab3e8 '_BuildScript_$_run_closure1$_closure2'
Event: 39.697 Thread 0x0000016a7c0ce4d0 Unloading class 0x0000016a015ab000 '_BuildScript_$_run_closure1'
Event: 39.697 Thread 0x0000016a7c0ce4d0 Unloading class 0x0000016a015aa800 '_BuildScript_'
Event: 39.697 Thread 0x0000016a7c0ce4d0 Unloading class 0x0000016a015a93e8 '_BuildScript_$_run_closure1$_closure2$_closure3$_closure4'
Event: 39.697 Thread 0x0000016a7c0ce4d0 Unloading class 0x0000016a015a9000 '_BuildScript_$_run_closure1$_closure2$_closure3'
Event: 39.697 Thread 0x0000016a7c0ce4d0 Unloading class 0x0000016a015a8918 '_BuildScript_$_run_closure1$_closure2'
Event: 39.697 Thread 0x0000016a7c0ce4d0 Unloading class 0x0000016a015a8530 '_BuildScript_$_run_closure1'
Event: 39.697 Thread 0x0000016a7c0ce4d0 Unloading class 0x0000016a015a8000 '_BuildScript_'
Event: 39.697 Thread 0x0000016a7c0ce4d0 Unloading class 0x0000016a015a6000 '_BuildScript_$_run_closure1$_closure2$_closure4$_closure5'
Event: 39.697 Thread 0x0000016a7c0ce4d0 Unloading class 0x0000016a015a5bb8 '_BuildScript_$_run_closure1$_closure2$_closure4'
Event: 39.697 Thread 0x0000016a7c0ce4d0 Unloading class 0x0000016a015a57d0 '_BuildScript_$_run_closure1$_closure2$_closure3'
Event: 39.697 Thread 0x0000016a7c0ce4d0 Unloading class 0x0000016a015a53e8 '_BuildScript_$_run_closure1$_closure2'
Event: 39.697 Thread 0x0000016a7c0ce4d0 Unloading class 0x0000016a015a5000 '_BuildScript_$_run_closure1'
Event: 39.697 Thread 0x0000016a7c0ce4d0 Unloading class 0x0000016a015a4800 '_BuildScript_'
Event: 39.697 Thread 0x0000016a7c0ce4d0 Unloading class 0x0000016a0159e000 '_BuildScript_$_run_closure1$_closure2$_closure3$_closure4'
Event: 39.697 Thread 0x0000016a7c0ce4d0 Unloading class 0x0000016a0159cc00 '_BuildScript_$_run_closure1$_closure2$_closure3'
Event: 39.697 Thread 0x0000016a7c0ce4d0 Unloading class 0x0000016a0159d918 '_BuildScript_$_run_closure1$_closure2'
Event: 39.697 Thread 0x0000016a7c0ce4d0 Unloading class 0x0000016a0159d530 '_BuildScript_$_run_closure1'
Event: 39.697 Thread 0x0000016a7c0ce4d0 Unloading class 0x0000016a0159d000 '_BuildScript_'

Classes redefined (0 events):
No events

Internal exceptions (20 events):
Event: 58.846 Thread 0x0000016a7d290760 Exception <a 'java/lang/NoSuchMethodError'{0x000000008c097ba8}: static Lorg/jetbrains/kotlin/daemon/common/LoopbackNetworkInterface$AbstractClientLoopbackSocketFactory;.<clinit>()V> (0x000000008c097ba8) 
thrown [s\src\hotspot\share\prims\jni.cpp, line 1112]
Event: 58.847 Thread 0x0000016a7d290760 Exception <a 'java/lang/NoSuchMethodError'{0x000000008c0a3398}: static Lorg/jetbrains/kotlin/daemon/common/LoopbackNetworkInterface$ClientLoopbackSocketFactory;.<clinit>()V> (0x000000008c0a3398) 
thrown [s\src\hotspot\share\prims\jni.cpp, line 1112]
Event: 58.868 Thread 0x0000016a7d290760 Exception <a 'java/lang/NoSuchMethodError'{0x000000008c0ec708}: 'java.lang.Object java.lang.invoke.Invokers$Holder.linkToTargetMethod(java.lang.Object, int, java.lang.Object, java.lang.Object, java.lang.Object)'> (0x000000008c0ec708) 
thrown [s\src\hotspot\share\interpreter\linkResolver.cpp, line 759]
Event: 58.885 Thread 0x0000016a7d290760 Exception <a 'java/lang/NoSuchMethodError'{0x000000008bf01728}: static [Ljava/rmi/server/ObjID;.<clinit>()V> (0x000000008bf01728) 
thrown [s\src\hotspot\share\prims\jni.cpp, line 1112]
Event: 58.892 Thread 0x0000016a7d290760 Exception <a 'java/lang/NoSuchMethodError'{0x000000008bf23ea8}: static [B.<clinit>()V> (0x000000008bf23ea8) 
thrown [s\src\hotspot\share\prims\jni.cpp, line 1112]
Event: 58.911 Thread 0x0000016a7d290250 Exception <a 'java/lang/InterruptedException'{0x000000008bf2d318}> (0x000000008bf2d318) 
thrown [s\src\hotspot\share\runtime\objectMonitor.cpp, line 1658]
Event: 58.912 Thread 0x0000016a7d290250 Exception <a 'java/lang/NoSuchMethodError'{0x000000008bf2e778}: 'java.lang.Object java.lang.invoke.DirectMethodHandle$Holder.invokeSpecial(java.lang.Object, java.lang.Object, int, java.lang.Object, long)'> (0x000000008bf2e778) 
thrown [s\src\hotspot\share\interpreter\linkResolver.cpp, line 759]
Event: 58.913 Thread 0x0000016a7d290250 Exception <a 'java/lang/NoSuchMethodError'{0x000000008bf3d6a8}: 'java.lang.Object java.lang.invoke.DirectMethodHandle$Holder.newInvokeSpecial(java.lang.Object, java.lang.Object, int, java.lang.Object, long)'> (0x000000008bf3d6a8) 
thrown [s\src\hotspot\share\interpreter\linkResolver.cpp, line 759]
Event: 58.949 Thread 0x0000016a7d290760 Exception <a 'java/lang/NoSuchMethodError'{0x000000008bf6b090}: static Lorg/jetbrains/kotlin/daemon/common/CompileService$CallResult;.<clinit>()V> (0x000000008bf6b090) 
thrown [s\src\hotspot\share\prims\jni.cpp, line 1112]
Event: 58.951 Thread 0x0000016a7d290760 Exception <a 'java/lang/NoSuchMethodError'{0x000000008bf76dc0}: static Lorg/jetbrains/kotlin/daemon/common/CompileService$CallResult$Good;.<clinit>()V> (0x000000008bf76dc0) 
thrown [s\src\hotspot\share\prims\jni.cpp, line 1112]
Event: 58.954 Thread 0x0000016a7d290760 Exception <a 'java/lang/NoSuchMethodError'{0x000000008bf83ec8}: static Lorg/jetbrains/kotlin/daemon/common/DaemonJVMOptions;.<clinit>()V> (0x000000008bf83ec8) 
thrown [s\src\hotspot\share\prims\jni.cpp, line 1112]
Event: 58.968 Thread 0x0000016a7d290760 Exception <a 'java/lang/NoSuchMethodError'{0x000000008bf9b408}: static Lorg/jetbrains/kotlin/daemon/common/CompileService$CallResult$Ok;.<clinit>()V> (0x000000008bf9b408) 
thrown [s\src\hotspot\share\prims\jni.cpp, line 1112]
Event: 59.019 Thread 0x0000016a7d290760 Exception <a 'java/lang/NoSuchMethodError'{0x000000008be5a2f8}: static [Ljava/lang/Integer;.<clinit>()V> (0x000000008be5a2f8) 
thrown [s\src\hotspot\share\prims\jni.cpp, line 1112]
Event: 88.232 Thread 0x0000016a7d290760 Exception <a 'sun/net/ConnectionResetException'{0x000000008beda498}: Connection reset> (0x000000008beda498) 
thrown [s\src\hotspot\share\prims\jni.cpp, line 535]
Event: 88.256 Thread 0x0000016a7d290760 Exception <a 'java/net/ConnectException'{0x000000008bc29700}: Connection refused: connect> (0x000000008bc29700) 
thrown [s\src\hotspot\share\prims\jni.cpp, line 535]
Event: 88.256 Thread 0x0000016a7d290760 Exception <a 'java/net/SocketException'{0x000000008bc29ce0}: Socket is not connected: shutdown> (0x000000008bc29ce0) 
thrown [s\src\hotspot\share\prims\jni.cpp, line 535]
Event: 88.272 Thread 0x0000016a7d290760 Exception <a 'java/net/ConnectException'{0x000000008bc31958}: Connection refused: connect> (0x000000008bc31958) 
thrown [s\src\hotspot\share\prims\jni.cpp, line 535]
Event: 88.272 Thread 0x0000016a7d290760 Exception <a 'java/net/SocketException'{0x000000008bc31f38}: Socket is not connected: shutdown> (0x000000008bc31f38) 
thrown [s\src\hotspot\share\prims\jni.cpp, line 535]
Event: 88.285 Thread 0x0000016a7d290760 Exception <a 'java/net/ConnectException'{0x000000008bc32a10}: Connection refused: connect> (0x000000008bc32a10) 
thrown [s\src\hotspot\share\prims\jni.cpp, line 535]
Event: 88.285 Thread 0x0000016a7d290760 Exception <a 'java/net/SocketException'{0x000000008bc32ff0}: Socket is not connected: shutdown> (0x000000008bc32ff0) 
thrown [s\src\hotspot\share\prims\jni.cpp, line 535]

VM Operations (20 events):
Event: 58.082 Executing VM operation: Cleanup
Event: 58.082 Executing VM operation: Cleanup done
Event: 58.745 Executing VM operation: HandshakeAllThreads
Event: 58.745 Executing VM operation: HandshakeAllThreads done
Event: 58.862 Executing VM operation: HandshakeAllThreads
Event: 58.863 Executing VM operation: HandshakeAllThreads done
Event: 59.869 Executing VM operation: Cleanup
Event: 59.869 Executing VM operation: Cleanup done
Event: 60.109 Executing VM operation: HandshakeAllThreads
Event: 60.109 Executing VM operation: HandshakeAllThreads done
Event: 61.109 Executing VM operation: Cleanup
Event: 61.109 Executing VM operation: Cleanup done
Event: 64.110 Executing VM operation: Cleanup
Event: 64.111 Executing VM operation: Cleanup done
Event: 66.111 Executing VM operation: Cleanup
Event: 66.111 Executing VM operation: Cleanup done
Event: 85.118 Executing VM operation: Cleanup
Event: 85.118 Executing VM operation: Cleanup done
Event: 89.120 Executing VM operation: Cleanup
Event: 89.121 Executing VM operation: Cleanup done

Memory protections (0 events):
No events

Nmethod flushes (20 events):
Event: 50.310 Thread 0x0000016a7c6c1b80 flushing  nmethod 0x0000016a66690110
Event: 50.310 Thread 0x0000016a7c6c1b80 flushing  nmethod 0x0000016a66695690
Event: 50.310 Thread 0x0000016a7c6c1b80 flushing  nmethod 0x0000016a666f5c10
Event: 50.310 Thread 0x0000016a7c6c1b80 flushing  nmethod 0x0000016a66713b90
Event: 50.310 Thread 0x0000016a7c6c1b80 flushing  nmethod 0x0000016a6673c390
Event: 50.310 Thread 0x0000016a7c6c1b80 flushing  nmethod 0x0000016a66782910
Event: 50.310 Thread 0x0000016a7c6c1b80 flushing  nmethod 0x0000016a667ac990
Event: 50.310 Thread 0x0000016a7c6c1b80 flushing  nmethod 0x0000016a667adc10
Event: 50.310 Thread 0x0000016a7c6c1b80 flushing  nmethod 0x0000016a667af710
Event: 50.310 Thread 0x0000016a7c6c1b80 flushing  nmethod 0x0000016a667b1890
Event: 50.310 Thread 0x0000016a7c6c1b80 flushing  nmethod 0x0000016a667b3d10
Event: 50.310 Thread 0x0000016a7c6c1b80 flushing  nmethod 0x0000016a667b6510
Event: 50.310 Thread 0x0000016a7c6c1b80 flushing  nmethod 0x0000016a667ba310
Event: 50.311 Thread 0x0000016a7c6c1b80 flushing  nmethod 0x0000016a667e0690
Event: 50.311 Thread 0x0000016a7c6c1b80 flushing  nmethod 0x0000016a667e2210
Event: 50.311 Thread 0x0000016a7c6c1b80 flushing  nmethod 0x0000016a667e3d10
Event: 50.311 Thread 0x0000016a7c6c1b80 flushing  nmethod 0x0000016a66841c90
Event: 58.915 Thread 0x0000016a7c6c1b80 flushing  nmethod 0x0000016a66780410
Event: 58.916 Thread 0x0000016a7c6c1b80 flushing  nmethod 0x0000016a6686fb90
Event: 58.916 Thread 0x0000016a7c6c1b80 flushing  nmethod 0x0000016a66871010

Events (20 events):
Event: 58.664 Thread 0x0000016a7d290250 Thread exited: 0x0000016a7d290250
Event: 58.664 Thread 0x0000016a22f61c10 Thread exited: 0x0000016a22f61c10
Event: 58.664 Thread 0x0000016a22f616c0 Thread exited: 0x0000016a22f616c0
Event: 58.850 Thread 0x0000016a7d290760 Thread added: 0x0000016a7d28f830
Event: 58.869 Thread 0x0000016a7d290760 Thread added: 0x0000016a7d290250
Event: 58.876 Thread 0x0000016a7d290760 Thread added: 0x0000016a7d290c70
Event: 59.007 Thread 0x0000016a7d290760 Thread added: 0x0000016a7d291180
Event: 59.008 Thread 0x0000016a7d290760 Thread added: 0x0000016a1f774750
Event: 59.105 Thread 0x0000016a7d291180 Thread added: 0x0000016a1f774240
Event: 59.667 Thread 0x0000016a7d283710 Thread exited: 0x0000016a7d283710
Event: 59.667 Thread 0x0000016a206e6ae0 Thread exited: 0x0000016a206e6ae0
Event: 59.777 Thread 0x0000016a206e7030 Thread exited: 0x0000016a206e7030
Event: 59.777 Thread 0x0000016a22f636a0 Thread exited: 0x0000016a22f636a0
Event: 63.823 Thread 0x0000016a7daa2170 Thread exited: 0x0000016a7daa2170
Event: 88.243 Thread 0x0000016a7c6ad240 Thread added: 0x0000016a22f636a0
Event: 88.243 Thread 0x0000016a7c6ad240 Thread added: 0x0000016a22f606d0
Event: 88.243 Thread 0x0000016a7c6ad240 Thread added: 0x0000016a22f60c20
Event: 88.373 Thread 0x0000016a7d290760 Thread added: 0x0000016a1f773d30
Event: 90.896 Thread 0x0000016a22f60c20 Thread exited: 0x0000016a22f60c20
Event: 92.765 Thread 0x0000016a22f606d0 Thread exited: 0x0000016a22f606d0


Dynamic libraries:
0x00007ff72f8a0000 - 0x00007ff72f8ae000 	C:\Program Files\Eclipse Adoptium\jdk-17.0.19.10-hotspot\bin\java.exe
0x00007ffd713e0000 - 0x00007ffd71646000 	C:\WINDOWS\SYSTEM32\ntdll.dll
0x00007ffd70af0000 - 0x00007ffd70bb9000 	C:\WINDOWS\System32\KERNEL32.DLL
0x00007ffd6e940000 - 0x00007ffd6ed3a000 	C:\WINDOWS\System32\KERNELBASE.dll
0x00007ffd6a760000 - 0x00007ffd6a800000 	C:\WINDOWS\SYSTEM32\apphelp.dll
0x00007ffd6e7f0000 - 0x00007ffd6e93c000 	C:\WINDOWS\System32\ucrtbase.dll
0x00007ffd61750000 - 0x00007ffd61768000 	C:\Program Files\Eclipse Adoptium\jdk-17.0.19.10-hotspot\bin\jli.dll
0x00007ffd6f1d0000 - 0x00007ffd6f397000 	C:\WINDOWS\System32\USER32.dll
0x00007ffd6eea0000 - 0x00007ffd6eec7000 	C:\WINDOWS\System32\win32u.dll
0x00007ffd6f3a0000 - 0x00007ffd6f3cb000 	C:\WINDOWS\System32\GDI32.dll
0x00007ffd6ef90000 - 0x00007ffd6f0bb000 	C:\WINDOWS\System32\gdi32full.dll
0x00007ffd6edf0000 - 0x00007ffd6ee93000 	C:\WINDOWS\System32\msvcp_win.dll
0x00007ffd52c50000 - 0x00007ffd52ee2000 	C:\WINDOWS\WinSxS\amd64_microsoft.windows.common-controls_6595b64144ccf1df_6.0.26100.8521_none_3e08b75ce33403b3\COMCTL32.dll
0x00007ffd6fcc0000 - 0x00007ffd6fd69000 	C:\WINDOWS\System32\msvcrt.dll
0x00007ffd5e410000 - 0x00007ffd5e42e000 	C:\Program Files\Eclipse Adoptium\jdk-17.0.19.10-hotspot\bin\VCRUNTIME140.dll
0x00007ffd703e0000 - 0x00007ffd70412000 	C:\WINDOWS\System32\IMM32.DLL
0x00007ffd40410000 - 0x00007ffd4041c000 	C:\Program Files\Eclipse Adoptium\jdk-17.0.19.10-hotspot\bin\vcruntime140_1.dll
0x00007ffd059e0000 - 0x00007ffd05a6d000 	C:\Program Files\Eclipse Adoptium\jdk-17.0.19.10-hotspot\bin\msvcp140.dll
0x00007ffcd2600000 - 0x00007ffcd326c000 	C:\Program Files\Eclipse Adoptium\jdk-17.0.19.10-hotspot\bin\server\jvm.dll
0x00007ffd70bd0000 - 0x00007ffd70c86000 	C:\WINDOWS\System32\ADVAPI32.dll
0x00007ffd71280000 - 0x00007ffd7132a000 	C:\WINDOWS\System32\sechost.dll
0x00007ffd71160000 - 0x00007ffd71278000 	C:\WINDOWS\System32\RPCRT4.dll
0x00007ffd70590000 - 0x00007ffd70610000 	C:\WINDOWS\System32\WS2_32.dll
0x00007ffd6e4d0000 - 0x00007ffd6e52e000 	C:\WINDOWS\SYSTEM32\POWRPROF.dll
0x00007ffd65fd0000 - 0x00007ffd66006000 	C:\WINDOWS\SYSTEM32\WINMM.dll
0x00007ffd676e0000 - 0x00007ffd676eb000 	C:\WINDOWS\SYSTEM32\VERSION.dll
0x00007ffd6e4b0000 - 0x00007ffd6e4c4000 	C:\WINDOWS\SYSTEM32\UMPDC.dll
0x00007ffd6d400000 - 0x00007ffd6d41b000 	C:\WINDOWS\SYSTEM32\kernel.appcore.dll
0x00007ffd401e0000 - 0x00007ffd401ea000 	C:\Program Files\Eclipse Adoptium\jdk-17.0.19.10-hotspot\bin\jimage.dll
0x00007ffd6ba30000 - 0x00007ffd6bc72000 	C:\WINDOWS\SYSTEM32\DBGHELP.DLL
0x00007ffd70620000 - 0x00007ffd709a3000 	C:\WINDOWS\System32\combase.dll
0x00007ffd70490000 - 0x00007ffd70569000 	C:\WINDOWS\System32\OLEAUT32.dll
0x00007ffd54200000 - 0x00007ffd5423b000 	C:\WINDOWS\SYSTEM32\dbgcore.DLL
0x00007ffd6ed40000 - 0x00007ffd6ede8000 	C:\WINDOWS\System32\bcryptPrimitives.dll
0x00007ffd38120000 - 0x00007ffd38145000 	C:\Program Files\Eclipse Adoptium\jdk-17.0.19.10-hotspot\bin\java.dll
0x00007ffd003d0000 - 0x00007ffd004a7000 	C:\Program Files\Eclipse Adoptium\jdk-17.0.19.10-hotspot\bin\jsvml.dll
0x00007ffd6f3d0000 - 0x00007ffd6fb54000 	C:\WINDOWS\System32\SHELL32.dll
0x00007ffd6c230000 - 0x00007ffd6cab0000 	C:\WINDOWS\SYSTEM32\windows.storage.dll
0x00007ffd702e0000 - 0x00007ffd703d6000 	C:\WINDOWS\System32\SHCORE.dll
0x00007ffd70420000 - 0x00007ffd70487000 	C:\WINDOWS\System32\shlwapi.dll
0x00007ffd6e590000 - 0x00007ffd6e5b9000 	C:\WINDOWS\SYSTEM32\profapi.dll
0x00007ffd373f0000 - 0x00007ffd3740a000 	C:\Program Files\Eclipse Adoptium\jdk-17.0.19.10-hotspot\bin\net.dll
0x00007ffd661d0000 - 0x00007ffd662f9000 	C:\WINDOWS\SYSTEM32\WINHTTP.dll
0x00007ffd6d970000 - 0x00007ffd6d9dc000 	C:\WINDOWS\system32\mswsock.dll
0x00007ffd36980000 - 0x00007ffd36996000 	C:\Program Files\Eclipse Adoptium\jdk-17.0.19.10-hotspot\bin\nio.dll
0x00007ffd36960000 - 0x00007ffd36978000 	C:\Program Files\Eclipse Adoptium\jdk-17.0.19.10-hotspot\bin\zip.dll
0x00007ffd3fab0000 - 0x00007ffd3fac0000 	C:\Program Files\Eclipse Adoptium\jdk-17.0.19.10-hotspot\bin\verify.dll
0x00007ffd46e40000 - 0x00007ffd46e67000 	C:\Users\Albin\.gradle\native\68d5fa5c4cc2d200863cafc0d521ce42e7d3e7ee720ec0a83991735586a16f82\windows-amd64\native-platform.dll
0x00007ffcee880000 - 0x00007ffcee9c4000 	C:\Users\Albin\.gradle\native\e376f236ea51e6404a007f0833ffe2c6e607c4080706a723a18a27aeea778392\windows-amd64\native-platform-file-events.dll
0x00007ffd3c6a0000 - 0x00007ffd3c6aa000 	C:\Program Files\Eclipse Adoptium\jdk-17.0.19.10-hotspot\bin\management.dll
0x00007ffd3bb60000 - 0x00007ffd3bb6c000 	C:\Program Files\Eclipse Adoptium\jdk-17.0.19.10-hotspot\bin\management_ext.dll
0x00007ffd71330000 - 0x00007ffd71338000 	C:\WINDOWS\System32\PSAPI.DLL
0x00007ffd6dc50000 - 0x00007ffd6dc6b000 	C:\WINDOWS\SYSTEM32\CRYPTSP.dll
0x00007ffd6d360000 - 0x00007ffd6d399000 	C:\WINDOWS\system32\rsaenh.dll
0x00007ffd6da20000 - 0x00007ffd6da53000 	C:\WINDOWS\SYSTEM32\USERENV.dll
0x00007ffd6e560000 - 0x00007ffd6e58a000 	C:\WINDOWS\SYSTEM32\bcrypt.dll
0x00007ffd6dc70000 - 0x00007ffd6dc7c000 	C:\WINDOWS\SYSTEM32\CRYPTBASE.dll
0x00007ffd6cdd0000 - 0x00007ffd6ce03000 	C:\WINDOWS\SYSTEM32\IPHLPAPI.DLL
0x00007ffd70bc0000 - 0x00007ffd70bca000 	C:\WINDOWS\System32\NSI.dll
0x00007ffd666c0000 - 0x00007ffd666dd000 	C:\WINDOWS\SYSTEM32\dhcpcsvc6.DLL
0x00007ffd65fa0000 - 0x00007ffd65fc5000 	C:\WINDOWS\SYSTEM32\dhcpcsvc.DLL
0x00007ffd6ce10000 - 0x00007ffd6cf5a000 	C:\WINDOWS\SYSTEM32\DNSAPI.dll
0x00007ffd6d770000 - 0x00007ffd6d77d000 	C:\WINDOWS\SYSTEM32\DSPARSE.dll
0x00007ffd3aa70000 - 0x00007ffd3aa79000 	C:\Program Files\Eclipse Adoptium\jdk-17.0.19.10-hotspot\bin\extnet.dll
0x00007ffd388c0000 - 0x00007ffd388ce000 	C:\Program Files\Eclipse Adoptium\jdk-17.0.19.10-hotspot\bin\sunmscapi.dll
0x00007ffd6e670000 - 0x00007ffd6e7e8000 	C:\WINDOWS\System32\CRYPT32.dll
0x00007ffd6de70000 - 0x00007ffd6dea0000 	C:\WINDOWS\SYSTEM32\ncrypt.dll
0x00007ffd6de20000 - 0x00007ffd6de5f000 	C:\WINDOWS\SYSTEM32\NTASN1.dll
0x00007ffd31af0000 - 0x00007ffd31af8000 	C:\WINDOWS\system32\wshunix.dll
0x00007ffd6d520000 - 0x00007ffd6d556000 	C:\WINDOWS\SYSTEM32\ntmarta.dll
0x00007ffd2def0000 - 0x00007ffd2df0e000 	C:\Users\Albin\AppData\Local\Temp\native-platform8144432176100612700dir\native-platform.dll
0x00007ffd3fcb0000 - 0x00007ffd3fcb7000 	C:\Program Files\Eclipse Adoptium\jdk-17.0.19.10-hotspot\bin\rmi.dll

dbghelp: loaded successfully - version: 4.0.5 - missing functions: none
symbol engine: initialized successfully - sym options: 0x614 - pdb path: .;C:\Program Files\Eclipse Adoptium\jdk-17.0.19.10-hotspot\bin;C:\WINDOWS\SYSTEM32;C:\WINDOWS\WinSxS\amd64_microsoft.windows.common-controls_6595b64144ccf1df_6.0.26100.8521_none_3e08b75ce33403b3;C:\Program Files\Eclipse Adoptium\jdk-17.0.19.10-hotspot\bin\server;C:\Users\Albin\.gradle\native\68d5fa5c4cc2d200863cafc0d521ce42e7d3e7ee720ec0a83991735586a16f82\windows-amd64;C:\Users\Albin\.gradle\native\e376f236ea51e6404a007f0833ffe2c6e607c4080706a723a18a27aeea778392\windows-amd64;C:\Users\Albin\AppData\Local\Temp\native-platform8144432176100612700dir

VM Arguments:
jvm_args: -XX:MaxMetaspaceSize=512m --add-opens=java.base/java.util=ALL-UNNAMED --add-opens=java.base/java.lang=ALL-UNNAMED --add-opens=java.base/java.lang.invoke=ALL-UNNAMED --add-opens=java.prefs/java.util.prefs=ALL-UNNAMED --add-opens=java.base/java.nio.charset=ALL-UNNAMED --add-opens=java.base/java.net=ALL-UNNAMED --add-opens=java.base/java.util.concurrent.atomic=ALL-UNNAMED -Xmx2048m -Dfile.encoding=utf8 -Duser.country=FR -Duser.language=fr -Duser.variant 
java_command: org.gradle.launcher.daemon.bootstrap.GradleDaemon 8.0.1
java_class_path (initial): C:\Users\Albin\.gradle\wrapper\dists\gradle-8.0.1-all\aro4hu1c3oeioove7l0i4i14o\gradle-8.0.1\lib\gradle-launcher-8.0.1.jar
Launcher Type: SUN_STANDARD

[Global flags]
     intx CICompilerCount                          = 12                                        {product} {ergonomic}
   size_t CompressedClassSpaceSize                 = 436207616                                 {product} {ergonomic}
     uint ConcGCThreads                            = 3                                         {product} {ergonomic}
     uint G1ConcRefinementThreads                  = 13                                        {product} {ergonomic}
   size_t G1HeapRegionSize                         = 1048576                                   {product} {ergonomic}
    uintx GCDrainStackTargetSize                   = 64                                        {product} {ergonomic}
   size_t InitialHeapSize                          = 232783872                                 {product} {ergonomic}
   size_t MarkStackSize                            = 4194304                                   {product} {ergonomic}
   size_t MaxHeapSize                              = 2147483648                                {product} {command line}
   size_t MaxMetaspaceSize                         = 536870912                                 {product} {command line}
   size_t MaxNewSize                               = 1287651328                                {product} {ergonomic}
   size_t MinHeapDeltaBytes                        = 1048576                                   {product} {ergonomic}
   size_t MinHeapSize                              = 8388608                                   {product} {ergonomic}
    uintx NonNMethodCodeHeapSize                   = 7602480                                {pd product} {ergonomic}
    uintx NonProfiledCodeHeapSize                  = 122027880                              {pd product} {ergonomic}
    uintx ProfiledCodeHeapSize                     = 122027880                              {pd product} {ergonomic}
    uintx ReservedCodeCacheSize                    = 251658240                              {pd product} {ergonomic}
     bool SegmentedCodeCache                       = true                                      {product} {ergonomic}
   size_t SoftMaxHeapSize                          = 2147483648                             {manageable} {ergonomic}
     bool UseCompressedClassPointers               = true                           {product lp64_product} {ergonomic}
     bool UseCompressedOops                        = true                           {product lp64_product} {ergonomic}
     bool UseG1GC                                  = true                                      {product} {ergonomic}
     bool UseLargePagesIndividualAllocation        = false                                  {pd product} {ergonomic}

Logging:
Log output configuration:
 #0: stdout all=warning uptime,level,tags
 #1: stderr all=off uptime,level,tags

Environment Variables:
PATH=C:\Program Files (x86)\VMware\VMware Workstation\bin\;C:\Python313\Scripts\;C:\Python313\;c:\Users\Albin\AppData\Local\Programs\cursor\resources\app\bin;C:\Users\Albin\AppData\Local\Programs\Opera;C:\Program Files\Eclipse Adoptium\jdk-21.0.4.7-hotspot\bin;C:\Windows\system32;C:\Windows;C:\Windows\System32\Wbem;C:\Windows\System32\WindowsPowerShell\v1.0\;C:\Windows\System32\OpenSSH\;C:\Program Files\dotnet\;C:\Program Files\Git\cmd;C:\Program Files (x86)\dotnet\;C:\Users\Albin\AppData\Local\Microsoft\WindowsApps;C:\Users\Albin\.dotnet\tools;C:\Program Files\JetBrains\PhpStorm 2024.2.3\bin;C:\Users\Albin\AppData\Local\GitHubDesktop\bin;C:\Program Files\nodejs\;C:\ProgramData\chocolatey\bin;C:\WINDOWS\system32;C:\WINDOWS;C:\WINDOWS\System32\Wbem;C:\WINDOWS\System32\WindowsPowerShell\v1.0\;C:\WINDOWS\System32\OpenSSH\;C:\Users\Albin\.platformio\penv\Scripts;;C:\Program Files\Docker\Docker\resources\bin;C:\Program Files\OpenSSL-Win64\bin;C:\Users\Albin\AppData\Local\Microsoft\WindowsApps;C:\Users\Albin\AppData\Local\Programs\Microsoft VS Code\bin;C:\Users\Albin\.dotnet\tools;C:\Program Files\JetBrains\PhpStorm 2024.2.3\bin;C:\Users\Albin\AppData\Local\GitHubDesktop\bin;C:\Users\Albin\AppData\Local\Programs\cursor\resources\app\bin;C:\Users\Albin\AppData\Roaming\npm;C:\Users\Albin\AppData\Local\JetBrains\Toolbox\scripts;C:\Users\Albin\.dotnet\tools;C:\src\flutter\bin;;C:\Users\Albin\AppData\Local\Microsoft\WindowsApps
USERNAME=Albin
OS=Windows_NT
PROCESSOR_IDENTIFIER=AMD64 Family 23 Model 104 Stepping 1, AuthenticAMD
TMP=C:\Users\Albin\AppData\Local\Temp
TEMP=C:\Users\Albin\AppData\Local\Temp



Periodic native trim disabled


---------------  S Y S T E M  ---------------

OS:
 Windows 11 , 64 bit Build 26100 (10.0.26100.8521)
OS uptime: 5 days 7:34 hours
Hyper-V role detected

CPU: total 16 (initial active 16) (16 cores per cpu, 2 threads per core) family 23 model 104 stepping 1 microcode 0x8608103, cx8, cmov, fxsr, ht, mmx, 3dnowpref, sse, sse2, sse3, ssse3, sse4a, sse4.1, sse4.2, popcnt, lzcnt, tsc, tscinvbit, avx, avx2, aes, clmul, bmi1, bmi2, adx, sha, fma, vzeroupper, clflush, clflushopt, hv
Processor Information for all 16 processors :
  Max Mhz: 1801, Current Mhz: 1440, Mhz Limit: 1801

Memory: 4k page, system-wide physical 14181M (1986M free)
TotalPageFile size 41186M (AvailPageFile size 87M)
current process WorkingSet (physical memory assigned to process): 544M, peak: 567M
current process commit charge ("private bytes"): 594M, peak: 613M

vm_info: OpenJDK 64-Bit Server VM (17.0.19+10) for windows-amd64 JRE (17.0.19+10), built on Apr 25 2026 08:04:44 by "admin" with MS VC++ 17.12 (VS2022)

END.
